// Jest Snapshot v1, https://goo.gl/fbAQLP

exports[`ConfirmPopup component renders nothing while there is nothing to confirm 1`] = `
<div
  className="css-view-g5y9jx r-alignItems-1awozwy r-backgroundColor-1bap62n r-bottom-1p0dtai r-justifyContent-1777fci r-left-1d2f490 r-position-u8s1d r-right-zchlnj r-top-ipm5af r-zIndex-1pozq62"
  dir={null}
>
  <div
    className="css-view-g5y9jx r-alignItems-1awozwy r-backgroundColor-nqymb2 r-borderRadius-z2wwpe r-boxShadow-1loqnew r-padding-nsbfu8"
    dir={null}
  >
    <div
      className="css-view-g5y9jx"
      dir={null}
      style={
        Object {
          "marginBottom": "20px",
        }
      }
    >
      <div
        className="css-text-146c3p1"
        dir="auto"
        style={
          Object {
            "color": "rgba(255,255,255,1.00)",
            "fontFamily": "Roboto-Medium",
            "fontSize": "18px",
            "lineHeight": "26px",
          }
        }
      >
        Be careful with this action
      </div>
      <div
        className="css-text-146c3p1"
        dir="auto"
        style={
          Object {
            "color": "rgba(138,148,166,1.00)",
            "fontFamily": "Roboto-Regular",
            "fontSize": "14px",
            "letterSpacing": "0.32px",
            "lineHeight": "22px",
          }
        }
      >
        Do you really want to perform this action?
      </div>
    </div>
    <div
      className="css-view-g5y9jx"
      dir={null}
      style={
        Object {
          "flex": 0,
          "flexDirection": "row",
        }
      }
    >
      <div
        className="css-view-g5y9jx r-transitionProperty-1i6wzkk r-userSelect-lrvibr r-cursor-1loqt21 r-touchAction-1otgn73 r-alignItems-1awozwy r-alignSelf-k200y r-borderRadius-z2wwpe r-flexDirection-18u37iz r-flexWrap-tzz3ar r-height-eu3ka r-justifyContent-1777fci r-maxHeight-yca7ao r-minHeight-ero68b r-paddingBlock-11f147o r-backgroundColor-1uxh0fu r-paddingLeft-1qhn6m8 r-paddingRight-i023vh"
        dir={null}
        onClick={[Function]}
        onContextMenu={[Function]}
        onKeyDown={[Function]}
        style={
          Object {
            "marginRight": "16px",
            "transitionDuration": "0s",
          }
        }
        tabIndex="0"
      >
        <div
          className="css-text-146c3p1 r-maxWidth-dnmrzs r-overflow-1udh08x r-textOverflow-1udbk01 r-whiteSpace-3s2u2q r-wordWrap-1iln25a r-alignSelf-1kihuf0 r-flexWrap-tzz3ar r-fontFamily-1k9400p r-fontSize-1b43r93 r-letterSpacing-1smd7e2 r-lineHeight-1cwl3u0 r-margin-crgep1 r-paddingBlock-1mkv55d r-paddingInline-1e084wi r-color-qmo3aw"
          dir="auto"
          style={
            Object {
              "marginLeft": "0px",
            }
          }
        >
          Cancel
        </div>
      </div>
      <div
        className="css-view-g5y9jx r-transitionProperty-1i6wzkk r-userSelect-lrvibr r-cursor-1loqt21 r-touchAction-1otgn73 r-alignItems-1awozwy r-alignSelf-k200y r-borderRadius-z2wwpe r-flexDirection-18u37iz r-flexWrap-tzz3ar r-height-eu3ka r-justifyContent-1777fci r-maxHeight-yca7ao r-minHeight-ero68b r-paddingBlock-11f147o r-backgroundColor-67xh9u r-paddingLeft-1qhn6m8 r-paddingRight-i023vh"
        dir={null}
        onClick={[Function]}
        onContextMenu={[Function]}
        onKeyDown={[Function]}
        style={
          Object {
            "transitionDuration": "0s",
          }
        }
        tabIndex="0"
      >
        <div
          className="css-text-146c3p1 r-maxWidth-dnmrzs r-overflow-1udh08x r-textOverflow-1udbk01 r-whiteSpace-3s2u2q r-wordWrap-1iln25a r-alignSelf-1kihuf0 r-flexWrap-tzz3ar r-fontFamily-1k9400p r-fontSize-1b43r93 r-letterSpacing-1smd7e2 r-lineHeight-1cwl3u0 r-margin-crgep1 r-paddingBlock-1mkv55d r-paddingInline-1e084wi r-color-jwli3a"
          dir="auto"
          style={
            Object {
              "marginLeft": "0px",
            }
          }
        >
          Proceed
        </div>
      </div>
    </div>
  </div>
</div>
`;

exports[`ConfirmPopup component renders once a confirmation is requested 1`] = `
<div
  className="css-view-g5y9jx r-alignItems-1awozwy r-backgroundColor-1bap62n r-bottom-1p0dtai r-justifyContent-1777fci r-left-1d2f490 r-position-u8s1d r-right-zchlnj r-top-ipm5af r-zIndex-1pozq62"
  dir={null}
>
  <div
    className="css-view-g5y9jx r-alignItems-1awozwy r-backgroundColor-nqymb2 r-borderRadius-z2wwpe r-boxShadow-1loqnew r-padding-nsbfu8"
    dir={null}
  >
    <div
      className="css-view-g5y9jx"
      dir={null}
      style={
        Object {
          "marginBottom": "20px",
        }
      }
    >
      <div
        className="css-text-146c3p1"
        dir="auto"
        style={
          Object {
            "color": "rgba(255,255,255,1.00)",
            "fontFamily": "Roboto-Medium",
            "fontSize": "18px",
            "lineHeight": "26px",
          }
        }
      >
        Be careful with this action
      </div>
      <div
        className="css-text-146c3p1"
        dir="auto"
        style={
          Object {
            "color": "rgba(138,148,166,1.00)",
            "fontFamily": "Roboto-Regular",
            "fontSize": "14px",
            "letterSpacing": "0.32px",
            "lineHeight": "22px",
          }
        }
      >
        Do you really want to perform this action?
      </div>
    </div>
    <div
      className="css-view-g5y9jx"
      dir={null}
      style={
        Object {
          "flex": 0,
          "flexDirection": "row",
        }
      }
    >
      <div
        className="css-view-g5y9jx r-transitionProperty-1i6wzkk r-userSelect-lrvibr r-cursor-1loqt21 r-touchAction-1otgn73 r-alignItems-1awozwy r-alignSelf-k200y r-borderRadius-z2wwpe r-flexDirection-18u37iz r-flexWrap-tzz3ar r-height-eu3ka r-justifyContent-1777fci r-maxHeight-yca7ao r-minHeight-ero68b r-paddingBlock-11f147o r-backgroundColor-1uxh0fu r-paddingLeft-1qhn6m8 r-paddingRight-i023vh"
        dir={null}
        onClick={[Function]}
        onContextMenu={[Function]}
        onKeyDown={[Function]}
        style={
          Object {
            "marginRight": "16px",
            "transitionDuration": "0s",
          }
        }
        tabIndex="0"
      >
        <div
          className="css-text-146c3p1 r-maxWidth-dnmrzs r-overflow-1udh08x r-textOverflow-1udbk01 r-whiteSpace-3s2u2q r-wordWrap-1iln25a r-alignSelf-1kihuf0 r-flexWrap-tzz3ar r-fontFamily-1k9400p r-fontSize-1b43r93 r-letterSpacing-1smd7e2 r-lineHeight-1cwl3u0 r-margin-crgep1 r-paddingBlock-1mkv55d r-paddingInline-1e084wi r-color-qmo3aw"
          dir="auto"
          style={
            Object {
              "marginLeft": "0px",
            }
          }
        >
          Cancel
        </div>
      </div>
      <div
        className="css-view-g5y9jx r-transitionProperty-1i6wzkk r-userSelect-lrvibr r-cursor-1loqt21 r-touchAction-1otgn73 r-alignItems-1awozwy r-alignSelf-k200y r-borderRadius-z2wwpe r-flexDirection-18u37iz r-flexWrap-tzz3ar r-height-eu3ka r-justifyContent-1777fci r-maxHeight-yca7ao r-minHeight-ero68b r-paddingBlock-11f147o r-backgroundColor-67xh9u r-paddingLeft-1qhn6m8 r-paddingRight-i023vh"
        dir={null}
        onClick={[Function]}
        onContextMenu={[Function]}
        onKeyDown={[Function]}
        style={
          Object {
            "transitionDuration": "0s",
          }
        }
        tabIndex="0"
      >
        <div
          className="css-text-146c3p1 r-maxWidth-dnmrzs r-overflow-1udh08x r-textOverflow-1udbk01 r-whiteSpace-3s2u2q r-wordWrap-1iln25a r-alignSelf-1kihuf0 r-flexWrap-tzz3ar r-fontFamily-1k9400p r-fontSize-1b43r93 r-letterSpacing-1smd7e2 r-lineHeight-1cwl3u0 r-margin-crgep1 r-paddingBlock-1mkv55d r-paddingInline-1e084wi r-color-jwli3a"
          dir="auto"
          style={
            Object {
              "marginLeft": "0px",
            }
          }
        >
          Proceed
        </div>
      </div>
    </div>
  </div>
</div>
`;
