// Jest Snapshot v1, https://jestjs.io/docs/snapshot-testing

exports[`DismissibleModal component DismissibleModal empty snapshot test Should render correctly 1`] = `
<div
  className="css-view-g5y9jx"
  dir={null}
>
  <div
    aria-label="dismissible-edit-item"
    className="css-view-g5y9jx"
    dir={null}
  >
    <div />
  </div>
</div>
`;

exports[`DismissibleModal component DismissibleModal empty snapshot test Should render correctly when the platform is web 1`] = `
<View>
  <div />
</View>
`;
