// Jest Snapshot v1, https://goo.gl/fbAQLP

exports[`ProjectInvitationPopup component ProjectInvitationPopup snapshot test Should render correctly 1`] = `
<View
  style={
    Object {
      "alignItems": "center",
      "backgroundColor": "rgba(138,148,166,0.24)",
      "bottom": 0,
      "justifyContent": "center",
      "left": 0,
      "position": "absolute",
      "right": 0,
      "top": 0,
      "zIndex": 10000,
    }
  }
>
  <View
    style={
      Array [
        Object {
          "backgroundColor": "#091540",
          "borderRadius": 4,
          "padding": 16,
          "shadowColor": "rgba(0,0,0,0.04)",
          "shadowOffset": Object {
            "height": 16,
            "width": 0,
          },
          "shadowOpacity": 1,
          "shadowRadius": 24,
        },
        Object {
          "maxWidth": 432,
          "minWidth": 432,
          "width": 432,
        },
        Object {
          "marginLeft": 300,
        },
      ]
    }
  >
    <View>
      <View
        style={
          Array [
            Object {
              "position": "absolute",
              "right": 13,
              "top": 13,
            },
            Object {
              "right": -8,
              "top": -8,
            },
          ]
        }
      >
        <View
          accessible={true}
          focusable={true}
          isTVSelectable={true}
          onClick={[Function]}
          onResponderGrant={[Function]}
          onResponderMove={[Function]}
          onResponderRelease={[Function]}
          onResponderTerminate={[Function]}
          onResponderTerminationRequest={[Function]}
          onStartShouldSetResponder={[Function]}
          style={
            Object {
              "alignItems": "center",
              "justifyContent": "center",
              "opacity": 1,
            }
          }
        >
          <View>
            <Text
              style={
                Object {
                  "color": "#8A94A6",
                  "fontFamily": "alldone",
                  "fontSize": 24,
                  "opacity": 1,
                }
              }
            >
              
            </Text>
          </View>
        </View>
      </View>
      <Text
        style={
          Object {
            "color": "#ffffff",
            "fontFamily": "Roboto-Medium",
            "fontSize": 18,
            "lineHeight": 26,
          }
        }
      >
        Invitation to project
      </Text>
      <Text
        style={
          Array [
            Object {
              "color": "#8A94A6",
              "fontFamily": "Roboto-Regular",
              "fontSize": 14,
              "letterSpacing": 0.32,
              "lineHeight": 22,
              "marginBottom": 20,
            },
            undefined,
          ]
        }
      >
        Select your interaction with this project
      </Text>
    </View>
    <View
      style={
        Object {
          "alignItems": "center",
          "flexDirection": "row",
          "height": 48,
        }
      }
    >
      <View
        style={
          Array [
            Object {
              "alignItems": "center",
              "borderRadius": 100,
              "height": 16,
              "justifyContent": "center",
              "width": 16,
            },
            Object {
              "backgroundColor": undefined,
              "height": 16,
              "width": 16,
            },
            Object {
              "margin": 4,
            },
          ]
        }
      />
      <Text
        style={
          Array [
            Object {
              "color": "#04142F",
              "fontFamily": "Roboto-Regular",
              "fontSize": 16,
              "letterSpacing": 0.32,
              "lineHeight": 24,
            },
            Object {
              "color": "#ffffff",
              "marginLeft": 8,
            },
          ]
        }
      >
        My project
      </Text>
    </View>
    <View
      style={
        Array [
          Object {
            "backgroundColor": "#FFFFFF",
            "height": 1,
            "marginHorizontal": -16,
            "marginVertical": 8,
            "opacity": 0.2,
          },
          undefined,
        ]
      }
    />
    <View
      style={
        Object {
          "flex": 0,
          "flexDirection": "row",
          "justifyContent": "center",
          "marginTop": 8,
        }
      }
    >
      <View
        accessible={false}
        focusable={true}
        isTVSelectable={true}
        onClick={[Function]}
        onResponderGrant={[Function]}
        onResponderMove={[Function]}
        onResponderRelease={[Function]}
        onResponderTerminate={[Function]}
        onResponderTerminationRequest={[Function]}
        onStartShouldSetResponder={[Function]}
        style={
          Object {
            "alignItems": "center",
            "alignSelf": "flex-start",
            "backgroundColor": "#EAF0F5",
            "borderRadius": 4,
            "flexDirection": "row",
            "flexWrap": "nowrap",
            "height": 40,
            "justifyContent": "center",
            "marginRight": 16,
            "maxHeight": 40,
            "minHeight": 40,
            "opacity": 1,
            "paddingLeft": 16,
            "paddingRight": 16,
            "paddingVertical": 8,
          }
        }
      >
        <Text
          numberOfLines={1}
          style={
            Array [
              Array [
                Object {
                  "alignSelf": "center",
                  "color": "#FFFFFF",
                  "flexWrap": "nowrap",
                  "fontFamily": "Roboto-Medium",
                  "fontSize": 14,
                  "letterSpacing": 0.8,
                  "lineHeight": 16,
                  "margin": 0,
                  "paddingHorizontal": 0,
                  "paddingVertical": 0,
                },
                Object {
                  "color": "#04142F",
                },
                Object {},
              ],
              Object {
                "marginLeft": 0,
              },
            ]
          }
        >
          Decline
        </Text>
      </View>
      <View
        accessible={false}
        focusable={true}
        isTVSelectable={true}
        onClick={[Function]}
        onResponderGrant={[Function]}
        onResponderMove={[Function]}
        onResponderRelease={[Function]}
        onResponderTerminate={[Function]}
        onResponderTerminationRequest={[Function]}
        onStartShouldSetResponder={[Function]}
        style={
          Object {
            "alignItems": "center",
            "alignSelf": "flex-start",
            "backgroundColor": "#0D55CF",
            "borderRadius": 4,
            "flexDirection": "row",
            "flexWrap": "nowrap",
            "height": 40,
            "justifyContent": "center",
            "maxHeight": 40,
            "minHeight": 40,
            "opacity": 1,
            "paddingLeft": 16,
            "paddingRight": 16,
            "paddingVertical": 8,
          }
        }
      >
        <Text
          numberOfLines={1}
          style={
            Array [
              Array [
                Object {
                  "alignSelf": "center",
                  "color": "#FFFFFF",
                  "flexWrap": "nowrap",
                  "fontFamily": "Roboto-Medium",
                  "fontSize": 14,
                  "letterSpacing": 0.8,
                  "lineHeight": 16,
                  "margin": 0,
                  "paddingHorizontal": 0,
                  "paddingVertical": 0,
                },
                Object {
                  "color": "#ffffff",
                },
                Object {},
              ],
              Object {
                "marginLeft": 0,
              },
            ]
          }
        >
          Join
        </Text>
      </View>
    </View>
  </View>
</View>
`;
