// Jest Snapshot v1, https://goo.gl/fbAQLP

exports[`EditStep component EditStep snapshot test should render correctly 1`] = `
<div
  className="css-view-g5y9jx r-backgroundColor-14lw9ot r-borderColor-xld3ed r-borderRadius-z2wwpe r-borderStyle-1phboty r-borderWidth-rs99b7 r-boxShadow-qmdso3 r-flex-13awgt0 r-marginBottom-1ifxtd0 r-marginLeft-1nkf79l r-marginRight-xzortm"
  dir={null}
>
  <div
    className="css-view-g5y9jx r-flexDirection-18u37iz r-minHeight-1el8sus"
    dir={null}
  >
    <div
      className="css-view-g5y9jx r-left-1liledf r-margin-crgep1 r-padding-t60dpp r-position-u8s1d r-top-1sofzug"
      dir={null}
    >
      <div
        className="css-view-g5y9jx"
        dir={null}
      >
        <div
          className="css-text-146c3p1"
          dir="auto"
          style={
            Object {
              "color": "rgba(0,127,255,1.00)",
              "fontFamily": "alldone",
              "fontSize": "24px",
              "opacity": 1,
            }
          }
        >
          
        </div>
      </div>
    </div>
    <CustomTextInput3
      autoFocus={true}
      containerStyle={
        Array [
          Object {
            "borderTopLeftRadius": 4,
            "borderTopRightRadius": 4,
            "color": "#04142F",
            "fontFamily": "Roboto-Regular",
            "fontSize": 16,
            "letterSpacing": 0.32,
            "lineHeight": 24,
            "paddingBottom": 16,
            "paddingLeft": 63,
            "paddingRight": 16,
            "paddingTop": 6,
          },
          null,
          undefined,
          null,
        ]
      }
      disabledTags={true}
      forceTriggerEnterActionForBreakLines={[Function]}
      initialTextExtended="a"
      multiline={true}
      numberOfLines={2}
      onChangeText={[Function]}
      placeholder="Type to add new step"
      placeholderTextColor="#8A94A6"
      returnKeyType="done"
    />
  </div>
  <div
    className="css-view-g5y9jx r-backgroundColor-1o3jrms r-borderStyle-1phboty r-borderTopColor-1h5c48e r-borderTopWidth-5kkj8d r-flex-13awgt0 r-flexDirection-18u37iz r-paddingBlock-11f147o r-paddingInline-1ezpcd1"
    dir={null}
  >
    <div
      className="css-view-g5y9jx r-flexDirection-18u37iz r-flexGrow-16y2uox"
      dir={null}
    >
      <div
        className="css-view-g5y9jx r-flexDirection-18u37iz r-flexGrow-16y2uox"
        dir={null}
        style={
          Object {
            "marginRight": "32px",
          }
        }
      >
        <div
          className="css-view-g5y9jx"
          dir={null}
          style={
            Object {
              "marginRight": "4px",
            }
          }
        >
          <div
            className="css-view-g5y9jx r-transitionProperty-1i6wzkk r-userSelect-lrvibr r-cursor-1loqt21 r-touchAction-1otgn73 r-alignItems-1awozwy r-alignSelf-k200y r-borderRadius-z2wwpe r-flexDirection-18u37iz r-flexWrap-tzz3ar r-height-eu3ka r-justifyContent-1777fci r-maxHeight-yca7ao r-minHeight-ero68b r-paddingBlock-11f147o r-paddingLeft-f727ji r-paddingRight-i023vh r-backgroundColor-1niwhzg r-borderColor-ql2gnw r-borderStyle-1phboty r-borderWidth-rs99b7"
            dir={null}
            onClick={[Function]}
            onContextMenu={[Function]}
            onKeyDown={[Function]}
            style={
              Object {
                "transitionDuration": "0s",
              }
            }
            tabIndex="0"
          >
            <div
              className="css-view-g5y9jx"
              dir={null}
              style={
                Object {
                  "marginRight": "10px",
                }
              }
            >
              <div
                className="css-view-g5y9jx"
                dir={null}
              >
                <div
                  className="css-text-146c3p1"
                  dir="auto"
                  style={
                    Object {
                      "color": "rgba(138,148,166,1.00)",
                      "fontFamily": "alldone",
                      "fontSize": "24px",
                      "opacity": 1,
                    }
                  }
                >
                  
                </div>
              </div>
            </div>
            <div
              className="css-text-146c3p1 r-maxWidth-dnmrzs r-overflow-1udh08x r-textOverflow-1udbk01 r-whiteSpace-3s2u2q r-wordWrap-1iln25a r-alignSelf-1kihuf0 r-flexWrap-tzz3ar r-fontFamily-1k9400p r-fontSize-1b43r93 r-letterSpacing-1smd7e2 r-lineHeight-1cwl3u0 r-margin-crgep1 r-paddingBlock-1mkv55d r-paddingInline-1e084wi r-color-hiecfz"
              dir="auto"
              style={
                Object {
                  "marginLeft": "12px",
                }
              }
            >
              Select step reviewer
            </div>
          </div>
        </div>
      </div>
    </div>
    <div
      className="css-view-g5y9jx r-flexDirection-18u37iz r-flexGrow-16y2uox r-justifyContent-17s6mgv"
      dir={null}
    >
      <div
        className="css-view-g5y9jx r-transitionProperty-1i6wzkk r-userSelect-lrvibr r-cursor-1loqt21 r-touchAction-1otgn73 r-alignItems-1awozwy r-alignSelf-k200y r-borderRadius-z2wwpe r-flexDirection-18u37iz r-flexWrap-tzz3ar r-height-eu3ka r-justifyContent-1777fci r-maxHeight-yca7ao r-minHeight-ero68b r-paddingBlock-11f147o r-backgroundColor-1uxh0fu r-paddingLeft-1qhn6m8 r-paddingRight-i023vh"
        dir={null}
        onClick={[Function]}
        onContextMenu={[Function]}
        onKeyDown={[Function]}
        style={
          Object {
            "marginRight": "4px",
            "transitionDuration": "0s",
          }
        }
        tabIndex="0"
      >
        <div
          className="css-text-146c3p1 r-maxWidth-dnmrzs r-overflow-1udh08x r-textOverflow-1udbk01 r-whiteSpace-3s2u2q r-wordWrap-1iln25a r-alignSelf-1kihuf0 r-flexWrap-tzz3ar r-fontFamily-1k9400p r-fontSize-1b43r93 r-letterSpacing-1smd7e2 r-lineHeight-1cwl3u0 r-margin-crgep1 r-paddingBlock-1mkv55d r-paddingInline-1e084wi r-color-qmo3aw"
          dir="auto"
          style={
            Object {
              "marginLeft": "0px",
            }
          }
        >
          Cancel
        </div>
      </div>
      <div
        className="css-view-g5y9jx r-transitionProperty-1i6wzkk r-userSelect-lrvibr r-cursor-1loqt21 r-touchAction-1otgn73 r-alignItems-1awozwy r-alignSelf-k200y r-borderRadius-z2wwpe r-flexDirection-18u37iz r-flexWrap-tzz3ar r-height-eu3ka r-justifyContent-1777fci r-maxHeight-yca7ao r-minHeight-ero68b r-paddingBlock-11f147o r-backgroundColor-t6fudj r-paddingLeft-1qhn6m8 r-paddingRight-i023vh"
        dir={null}
        onClick={[Function]}
        onContextMenu={[Function]}
        onKeyDown={[Function]}
        style={
          Object {
            "transitionDuration": "0s",
          }
        }
        tabIndex="0"
      >
        <div
          className="css-text-146c3p1 r-maxWidth-dnmrzs r-overflow-1udh08x r-textOverflow-1udbk01 r-whiteSpace-3s2u2q r-wordWrap-1iln25a r-alignSelf-1kihuf0 r-flexWrap-tzz3ar r-fontFamily-1k9400p r-fontSize-1b43r93 r-letterSpacing-1smd7e2 r-lineHeight-1cwl3u0 r-margin-crgep1 r-paddingBlock-1mkv55d r-paddingInline-1e084wi r-color-jwli3a"
          dir="auto"
          style={
            Object {
              "marginLeft": "0px",
            }
          }
        >
          Add Step
        </div>
      </div>
    </div>
  </div>
</div>
`;
