// Jest Snapshot v1, https://jestjs.io/docs/snapshot-testing

exports[`SelectUserModal component SelectUserModal snapshot test should render correctly 1`] = `
<div
  className="css-view-g5y9jx r-boxShadow-v80qx2 r-flexDirection-18u37iz"
  dir={null}
>
  <div
    className="css-view-g5y9jx r-backgroundColor-nqymb2 r-borderRadius-z2wwpe r-flexDirection-eqz5dr"
    dir={null}
    style={
      {
        "maxHeight": "736px",
        "maxWidth": "432px",
        "minWidth": "432px",
        "width": "432px",
      }
    }
  >
    <div
      className="css-view-g5y9jx"
      dir={null}
      style={
        {
          "flex": 1,
        }
      }
    >
      <div
        className="css-view-g5y9jx r-WebkitOverflowScrolling-150rngu r-flexDirection-eqz5dr r-flexGrow-16y2uox r-flexShrink-1wbh5a2 r-overflowX-11yh6sk r-overflowY-1rnoaur r-transform-agouwx r-scrollbarWidth-2eszeu"
        dir={null}
        onScroll={[Function]}
        onTouchEnd={[Function]}
        onTouchMove={[Function]}
        onTouchStart={[Function]}
        onWheel={[Function]}
      >
        <div
          className="css-view-g5y9jx"
          dir={null}
        >
          <div
            className="css-view-g5y9jx r-flexDirection-18u37iz r-paddingLeft-1qhn6m8 r-paddingRight-1pyaxff r-paddingTop-tskmnb"
            dir={null}
          >
            <div
              className="css-view-g5y9jx r-flexDirection-eqz5dr r-marginTop-knv0ih"
              dir={null}
            >
              <div
                className="css-text-146c3p1"
                dir="auto"
                style={
                  {
                    "color": "rgba(255,255,255,1.00)",
                    "fontFamily": "Roboto-Medium",
                    "fontSize": "18px",
                    "lineHeight": "26px",
                  }
                }
              >
                Choose a user
              </div>
              <div
                className="css-text-146c3p1"
                dir="auto"
                style={
                  {
                    "color": "rgba(138,148,166,1.00)",
                    "fontFamily": "Roboto-Regular",
                    "fontSize": "14px",
                    "letterSpacing": "0.32px",
                    "lineHeight": "22px",
                  }
                }
              >
                Select who will review the step
              </div>
            </div>
            <div
              className="css-view-g5y9jx r-flexDirection-18u37iz r-height-eu3ka r-justifyContent-17s6mgv r-marginLeft-1jj8364 r-width-1aockid"
              dir={null}
            >
              <button
                className="css-view-g5y9jx"
                dir={null}
                role="button"
                style={
                  {
                    "overflowX": "hidden",
                    "overflowY": "hidden",
                  }
                }
                type="button"
              >
                <div
                  className="css-view-g5y9jx r-alignItems-1awozwy r-height-1472mwg r-justifyContent-1777fci r-width-lrsllp"
                  dir={null}
                  style={
                    {
                      "opacity": 1,
                    }
                  }
                >
                  <div
                    className="css-view-g5y9jx"
                    dir={null}
                  >
                    <div
                      className="css-text-146c3p1"
                      dir="auto"
                      style={
                        {
                          "color": "rgba(138,148,166,1.00)",
                          "fontFamily": "alldone",
                          "fontSize": "24px",
                          "opacity": 1,
                        }
                      }
                    >
                      
                    </div>
                  </div>
                </div>
              </button>
            </div>
          </div>
          <div
            className="css-view-g5y9jx r-flexDirection-eqz5dr r-marginTop-1x0uki6 r-paddingBottom-xd6kpl r-paddingInline-is05cd"
            dir={null}
          />
        </div>
      </div>
    </div>
  </div>
</div>
`;
