// Jest Snapshot v1, https://goo.gl/fbAQLP

exports[`Detailed Project Title component Detailed Project Title snapshot test should render correctly 1`] = `
<div
  className="css-view-g5y9jx"
  dir={null}
  style={
    Object {
      "flex": 1,
      "height": "64px",
    }
  }
>
  <div
    className="css-view-g5y9jx r-backgroundColor-14lw9ot r-height-mabqd8"
    dir={null}
  />
  <div
    className="css-view-g5y9jx r-alignItems-1awozwy r-backgroundColor-14lw9ot r-flex-13awgt0 r-flexDirection-18u37iz r-height-mabqd8 r-justifyContent-1h0z5md"
    dir={null}
  >
    <div
      className="css-text-146c3p1"
      dir="auto"
      style={
        Object {
          "color": "rgba(4,20,47,1.00)",
          "fontFamily": "Roboto-Medium",
          "fontSize": "24px",
          "lineHeight": "32px",
        }
      }
    >
      My Project
    </div>
  </div>
</div>
`;
