// Jest Snapshot v1, https://goo.gl/fbAQLP

exports[`Detailed Project Indicator component Detailed Project Indicator snapshot test should render correctly 1`] = `
<div
  className="css-view-g5y9jx"
  dir={null}
>
  <div
    className="css-view-g5y9jx r-alignItems-1awozwy r-backgroundColor-14lw9ot r-flexDirection-18u37iz r-justifyContent-1777fci r-marginTop-jv1ppg"
    dir={null}
  >
    <div
      className="css-text-146c3p1"
      dir="auto"
      style={
        Object {
          "color": "rgba(138,148,166,1.00)",
          "fontFamily": "Roboto-Medium",
          "fontSize": "16px",
          "letterSpacing": "0.16px",
          "lineHeight": "24px",
        }
      }
    >
      RELEVANT CONTACT
    </div>
    <div
      className="css-view-g5y9jx"
      dir={null}
      style={
        Object {
          "marginLeft": "14px",
        }
      }
    >
      <div
        className="css-view-g5y9jx"
        dir={null}
      >
        <div
          className="css-text-146c3p1"
          dir="auto"
          style={
            Object {
              "color": "rgba(138,148,166,1.00)",
              "fontFamily": "alldone",
              "fontSize": "20px",
              "opacity": 1,
            }
          }
        >
          
        </div>
      </div>
    </div>
  </div>
</div>
`;
