// Jest Snapshot v1, https://jestjs.io/docs/snapshot-testing

exports[`CustomFollowUpDateModal component CustomFollowUpDateModal snapshot test should render correctly 1`] = `
<div
  className="css-view-g5y9jx r-backgroundColor-nqymb2 r-borderRadius-z2wwpe r-boxShadow-v80qx2 r-flexDirection-eqz5dr r-paddingTop-95jzfe"
  dir={null}
  style={
    {
      "maxWidth": "432px",
      "minWidth": "432px",
      "width": "432px",
    }
  }
>
  <div
    className="css-view-g5y9jx r-flexDirection-18u37iz r-paddingLeft-1qhn6m8 r-paddingRight-1pyaxff"
    dir={null}
  >
    <div
      className="css-view-g5y9jx"
      dir={null}
    >
      <div
        className="css-text-146c3p1"
        dir="auto"
        style={
          {
            "color": "rgba(255,255,255,1.00)",
            "fontFamily": "Roboto-Medium",
            "fontSize": "18px",
            "lineHeight": "26px",
          }
        }
      >
        Custom date
      </div>
      <div
        className="css-text-146c3p1"
        dir="auto"
        style={
          {
            "color": "rgba(138,148,166,1.00)",
            "fontFamily": "Roboto-Regular",
            "fontSize": "14px",
            "letterSpacing": "0.32px",
            "lineHeight": "22px",
            "width": "273px",
          }
        }
      >
        Pick a date for the follow up
      </div>
    </div>
  </div>
  <div
    className="css-view-g5y9jx r-borderBottomColor-ndnfx3 r-marginTop-156q2ks r-paddingInline-3pj75a"
    dir={null}
  >
    <Calendar
      current="2019-04-22"
      markingType="simple"
      minDate="2019-04-22"
      onDayPress={[Function]}
      renderArrow={[Function]}
      theme={
        {
          "arrowColor": "orange",
          "backgroundColor": "#091540",
          "calendarBackground": "#091540",
          "dayTextColor": "#8A94A6",
          "disabledArrowColor": "#d9e1e8",
          "dotColor": "#00adf5",
          "indicatorColor": "blue",
          "monthTextColor": "white",
          "selectedDayBackgroundColor": "#00adf5",
          "selectedDayTextColor": "#ffffff",
          "selectedDotColor": "#ffffff",
          "stylesheet.calendar.header": {
            "header": {
              "alignItems": "center",
              "flexDirection": "row",
              "justifyContent": "space-between",
              "marginTop": 0,
              "paddingHorizontal": 0,
              "paddingVertical": 0,
            },
            "week": {
              "borderBottomColor": "rgba(255,255,255,0.2)",
              "borderBottomWidth": 1,
              "flexDirection": "row",
              "justifyContent": "space-between",
              "marginHorizontal": 0,
              "marginTop": 5,
              "paddingBottom": 4,
              "paddingHorizontal": 0,
              "paddingTop": 12,
            },
          },
          "stylesheet.calendar.main": {
            "week": {
              "flexDirection": "row",
              "justifyContent": "space-around",
              "marginBottom": 7,
              "marginHorizontal": -4,
              "marginTop": 7,
            },
          },
          "textDayFontFamily": "Roboto-Regular",
          "textDayFontSize": 16,
          "textDayFontWeight": "300",
          "textDayHeaderFontFamily": "Roboto-Regular",
          "textDayHeaderFontSize": 11,
          "textDayHeaderFontWeight": "normal",
          "textDisabledColor": "#4E5D78",
          "textMonthFontFamily": "Roboto-Medium",
          "textMonthFontSize": 16,
          "textMonthFontWeight": "500",
          "textSectionTitleColor": "#8A94A6",
          "todayTextColor": "white",
        }
      }
    />
  </div>
  <button
    className="css-view-g5y9jx"
    dir={null}
    role="button"
    style={
      {
        "overflowX": "hidden",
        "overflowY": "hidden",
      }
    }
    type="button"
  >
    <div
      className="css-view-g5y9jx r-borderTopColor-12rkw8h r-borderTopWidth-5kkj8d r-flexDirection-18u37iz r-paddingBlock-w7s2jr r-paddingLeft-1qhn6m8"
      dir={null}
      style={
        {
          "opacity": 1,
        }
      }
    >
      <div
        className="css-view-g5y9jx"
        dir={null}
      >
        <div
          className="css-text-146c3p1"
          dir="auto"
          style={
            {
              "color": "rgba(138,148,166,1.00)",
              "fontFamily": "alldone",
              "fontSize": "24px",
              "opacity": 1,
            }
          }
        >
          
        </div>
      </div>
      <div
        className="css-text-146c3p1 r-color-jwli3a r-fontWeight-majxgm r-marginLeft-1jkjb"
        dir="auto"
        style={
          {
            "fontFamily": "Roboto-Medium",
            "fontSize": "16px",
            "letterSpacing": "0.16px",
            "lineHeight": "24px",
          }
        }
      >
        Select reminder
      </div>
      <div
        className="css-view-g5y9jx r-marginTop-14gqq1x r-position-u8s1d r-right-e1k2in"
        dir={null}
      >
        <div
          className="css-view-g5y9jx r-alignItems-1awozwy r-flexDirection-18u37iz r-justifyContent-1777fci"
          dir={null}
        >
          <div
            className="css-view-g5y9jx r-alignItems-1awozwy r-backgroundColor-nqymb2 r-borderRadius-z2wwpe r-flexDirection-18u37iz r-justifyContent-1777fci r-minHeight-sgkdzr r-minWidth-285fr0 r-paddingBlock-1559e4e r-paddingInline-n7gxbd r-borderColor-t1myqv r-borderWidth-rs99b7"
            dir={null}
          >
            <div
              className="css-text-146c3p1 r-fontFamily-1k9400p r-fontSize-1enofrn r-letterSpacing-3da313 r-lineHeight-56xrmm r-color-hiecfz"
              dir="auto"
            >
              B
            </div>
          </div>
        </div>
      </div>
    </div>
  </button>
  <div
    className="css-view-g5y9jx r-position-u8s1d r-right-1sd1n6o r-top-xj4fhj r-zIndex-184en5c"
    dir={null}
  >
    <div
      className="css-view-g5y9jx r-transitionProperty-1i6wzkk r-userSelect-lrvibr r-cursor-1loqt21 r-touchAction-1otgn73 r-alignItems-1awozwy r-justifyContent-1777fci"
      dir={null}
      onClick={[Function]}
      onContextMenu={[Function]}
      onKeyDown={[Function]}
      style={
        {
          "transitionDuration": "0s",
        }
      }
      tabIndex="0"
    >
      <div
        className="css-view-g5y9jx"
        dir={null}
      >
        <div
          className="css-text-146c3p1"
          dir="auto"
          style={
            {
              "color": "rgba(138,148,166,1.00)",
              "fontFamily": "alldone",
              "fontSize": "24px",
              "opacity": 1,
            }
          }
        >
          
        </div>
      </div>
    </div>
  </div>
</div>
`;
