// Jest Snapshot v1, https://jestjs.io/docs/snapshot-testing

exports[`FollowUpDueDate component FollowUpDueDate snapshot test should render correctly 1`] = `
<div
  className="css-view-g5y9jx r-backgroundColor-nqymb2 r-borderRadius-z2wwpe r-boxShadow-v80qx2"
  dir={null}
  style={
    {
      "maxHeight": "736px",
      "maxWidth": "432px",
      "minWidth": "432px",
      "width": "432px",
    }
  }
>
  <div
    className="css-view-g5y9jx"
    dir={null}
    style={
      {
        "flex": 1,
      }
    }
  >
    <div
      className="css-view-g5y9jx r-WebkitOverflowScrolling-150rngu r-flexDirection-eqz5dr r-flexGrow-16y2uox r-flexShrink-1wbh5a2 r-overflowX-11yh6sk r-overflowY-1rnoaur r-transform-agouwx r-scrollbarWidth-2eszeu"
      dir={null}
      onScroll={[Function]}
      onTouchEnd={[Function]}
      onTouchMove={[Function]}
      onTouchStart={[Function]}
      onWheel={[Function]}
    >
      <div
        className="css-view-g5y9jx"
        dir={null}
      >
        <div
          className="css-view-g5y9jx r-flex-13awgt0 r-flexDirection-18u37iz r-paddingLeft-1qhn6m8 r-paddingRight-1pyaxff r-paddingTop-tskmnb"
          dir={null}
        >
          <div
            className="css-view-g5y9jx r-flex-13awgt0 r-flexDirection-eqz5dr r-marginTop-knv0ih"
            dir={null}
          >
            <div
              className="css-text-146c3p1"
              dir="auto"
              style={
                {
                  "color": "rgba(255,255,255,1.00)",
                  "flex": 1,
                  "fontFamily": "Roboto-Medium",
                  "fontSize": "18px",
                  "lineHeight": "26px",
                  "paddingRight": "16px",
                }
              }
            >
              Select Follow up reminder
            </div>
            <div
              className="css-text-146c3p1"
              dir="auto"
              style={
                {
                  "color": "rgba(138,148,166,1.00)",
                  "flex": 1,
                  "fontFamily": "Roboto-Regular",
                  "fontSize": "14px",
                  "letterSpacing": "0.32px",
                  "lineHeight": "22px",
                }
              }
            >
              Select from the options below
            </div>
          </div>
        </div>
        <div
          className="css-view-g5y9jx r-paddingBottom-xd6kpl r-paddingInline-3pj75a r-paddingTop-1knelpx"
          dir={null}
        >
          <div
            className="css-view-g5y9jx r-transitionProperty-1i6wzkk r-userSelect-lrvibr r-cursor-1loqt21 r-touchAction-1otgn73 r-alignItems-1awozwy r-flexDirection-18u37iz r-height-eu3ka"
            dir={null}
            onClick={[Function]}
            onContextMenu={[Function]}
            onKeyDown={[Function]}
            style={
              {
                "transitionDuration": "0s",
              }
            }
            tabIndex="0"
          >
            <div
              className="css-text-146c3p1"
              dir="auto"
              style={
                {
                  "color": "rgba(255,255,255,1.00)",
                  "fontFamily": "Roboto-Medium",
                  "fontSize": "16px",
                  "letterSpacing": "0.16px",
                  "lineHeight": "24px",
                }
              }
            >
              Today
              <span
                className="css-textHasAncestor-1jxf684"
                dir={null}
                style={
                  {
                    "color": "rgba(255,255,255,1.00)",
                    "fontFamily": "Roboto-Medium",
                    "fontSize": "16px",
                    "letterSpacing": "0.16px",
                    "lineHeight": "24px",
                  }
                }
              >
                 • 
                22 Apr
              </span>
            </div>
            <div
              className="css-view-g5y9jx"
              dir={null}
              style={
                {
                  "marginLeft": "auto",
                }
              }
            >
              <div
                className="css-view-g5y9jx r-alignItems-1awozwy r-flexDirection-18u37iz r-justifyContent-1777fci"
                dir={null}
              >
                <div
                  className="css-view-g5y9jx r-alignItems-1awozwy r-backgroundColor-nqymb2 r-borderRadius-z2wwpe r-flexDirection-18u37iz r-justifyContent-1777fci r-minHeight-sgkdzr r-minWidth-285fr0 r-paddingBlock-1559e4e r-paddingInline-n7gxbd r-borderColor-t1myqv r-borderWidth-rs99b7"
                  dir={null}
                >
                  <div
                    className="css-text-146c3p1 r-fontFamily-1k9400p r-fontSize-1enofrn r-letterSpacing-3da313 r-lineHeight-56xrmm r-color-hiecfz"
                    dir="auto"
                  >
                    1
                  </div>
                </div>
              </div>
            </div>
          </div>
          <div
            className="css-view-g5y9jx r-transitionProperty-1i6wzkk r-userSelect-lrvibr r-cursor-1loqt21 r-touchAction-1otgn73 r-alignItems-1awozwy r-flexDirection-18u37iz r-height-eu3ka"
            dir={null}
            onClick={[Function]}
            onContextMenu={[Function]}
            onKeyDown={[Function]}
            style={
              {
                "transitionDuration": "0s",
              }
            }
            tabIndex="0"
          >
            <div
              className="css-text-146c3p1"
              dir="auto"
              style={
                {
                  "color": "rgba(255,255,255,1.00)",
                  "fontFamily": "Roboto-Medium",
                  "fontSize": "16px",
                  "letterSpacing": "0.16px",
                  "lineHeight": "24px",
                }
              }
            >
              Tomorrow
              <span
                className="css-textHasAncestor-1jxf684"
                dir={null}
                style={
                  {
                    "color": "rgba(138,148,166,1.00)",
                    "fontFamily": "Roboto-Regular",
                    "fontSize": "16px",
                    "letterSpacing": "0.32px",
                    "lineHeight": "24px",
                  }
                }
              >
                 • 
                23 Apr
              </span>
            </div>
            <div
              className="css-view-g5y9jx"
              dir={null}
              style={
                {
                  "marginLeft": "auto",
                }
              }
            >
              <div
                className="css-view-g5y9jx r-alignItems-1awozwy r-flexDirection-18u37iz r-justifyContent-1777fci"
                dir={null}
              >
                <div
                  className="css-view-g5y9jx r-alignItems-1awozwy r-backgroundColor-nqymb2 r-borderRadius-z2wwpe r-flexDirection-18u37iz r-justifyContent-1777fci r-minHeight-sgkdzr r-minWidth-285fr0 r-paddingBlock-1559e4e r-paddingInline-n7gxbd r-borderColor-t1myqv r-borderWidth-rs99b7"
                  dir={null}
                >
                  <div
                    className="css-text-146c3p1 r-fontFamily-1k9400p r-fontSize-1enofrn r-letterSpacing-3da313 r-lineHeight-56xrmm r-color-hiecfz"
                    dir="auto"
                  >
                    2
                  </div>
                </div>
              </div>
            </div>
          </div>
          <div
            className="css-view-g5y9jx r-transitionProperty-1i6wzkk r-userSelect-lrvibr r-cursor-1loqt21 r-touchAction-1otgn73 r-alignItems-1awozwy r-flexDirection-18u37iz r-height-eu3ka"
            dir={null}
            onClick={[Function]}
            onContextMenu={[Function]}
            onKeyDown={[Function]}
            style={
              {
                "transitionDuration": "0s",
              }
            }
            tabIndex="0"
          >
            <div
              className="css-text-146c3p1"
              dir="auto"
              style={
                {
                  "color": "rgba(255,255,255,1.00)",
                  "fontFamily": "Roboto-Medium",
                  "fontSize": "16px",
                  "letterSpacing": "0.16px",
                  "lineHeight": "24px",
                }
              }
            >
              This next Saturday
              <span
                className="css-textHasAncestor-1jxf684"
                dir={null}
                style={
                  {
                    "color": "rgba(138,148,166,1.00)",
                    "fontFamily": "Roboto-Regular",
                    "fontSize": "16px",
                    "letterSpacing": "0.32px",
                    "lineHeight": "24px",
                  }
                }
              >
                 • 
                04 May
              </span>
            </div>
            <div
              className="css-view-g5y9jx"
              dir={null}
              style={
                {
                  "marginLeft": "auto",
                }
              }
            >
              <div
                className="css-view-g5y9jx r-alignItems-1awozwy r-flexDirection-18u37iz r-justifyContent-1777fci"
                dir={null}
              >
                <div
                  className="css-view-g5y9jx r-alignItems-1awozwy r-backgroundColor-nqymb2 r-borderRadius-z2wwpe r-flexDirection-18u37iz r-justifyContent-1777fci r-minHeight-sgkdzr r-minWidth-285fr0 r-paddingBlock-1559e4e r-paddingInline-n7gxbd r-borderColor-t1myqv r-borderWidth-rs99b7"
                  dir={null}
                >
                  <div
                    className="css-text-146c3p1 r-fontFamily-1k9400p r-fontSize-1enofrn r-letterSpacing-3da313 r-lineHeight-56xrmm r-color-hiecfz"
                    dir="auto"
                  >
                    3
                  </div>
                </div>
              </div>
            </div>
          </div>
          <div
            className="css-view-g5y9jx r-transitionProperty-1i6wzkk r-userSelect-lrvibr r-cursor-1loqt21 r-touchAction-1otgn73 r-alignItems-1awozwy r-flexDirection-18u37iz r-height-eu3ka"
            dir={null}
            onClick={[Function]}
            onContextMenu={[Function]}
            onKeyDown={[Function]}
            style={
              {
                "transitionDuration": "0s",
              }
            }
            tabIndex="0"
          >
            <div
              className="css-text-146c3p1"
              dir="auto"
              style={
                {
                  "color": "rgba(255,255,255,1.00)",
                  "fontFamily": "Roboto-Medium",
                  "fontSize": "16px",
                  "letterSpacing": "0.16px",
                  "lineHeight": "24px",
                }
              }
            >
              This next Monday
              <span
                className="css-textHasAncestor-1jxf684"
                dir={null}
                style={
                  {
                    "color": "rgba(138,148,166,1.00)",
                    "fontFamily": "Roboto-Regular",
                    "fontSize": "16px",
                    "letterSpacing": "0.32px",
                    "lineHeight": "24px",
                  }
                }
              >
                 • 
                29 Apr
              </span>
            </div>
            <div
              className="css-view-g5y9jx"
              dir={null}
              style={
                {
                  "marginLeft": "auto",
                }
              }
            >
              <div
                className="css-view-g5y9jx r-alignItems-1awozwy r-flexDirection-18u37iz r-justifyContent-1777fci"
                dir={null}
              >
                <div
                  className="css-view-g5y9jx r-alignItems-1awozwy r-backgroundColor-nqymb2 r-borderRadius-z2wwpe r-flexDirection-18u37iz r-justifyContent-1777fci r-minHeight-sgkdzr r-minWidth-285fr0 r-paddingBlock-1559e4e r-paddingInline-n7gxbd r-borderColor-t1myqv r-borderWidth-rs99b7"
                  dir={null}
                >
                  <div
                    className="css-text-146c3p1 r-fontFamily-1k9400p r-fontSize-1enofrn r-letterSpacing-3da313 r-lineHeight-56xrmm r-color-hiecfz"
                    dir="auto"
                  >
                    4
                  </div>
                </div>
              </div>
            </div>
          </div>
        </div>
        <div
          className="css-view-g5y9jx r-borderBottomColor-ndnfx3 r-borderBottomWidth-qklmqi r-borderTopColor-12rkw8h r-borderTopWidth-5kkj8d r-paddingBlock-11f147o r-paddingInline-3pj75a"
          dir={null}
        >
          <div
            className="css-view-g5y9jx r-transitionProperty-1i6wzkk r-userSelect-lrvibr r-cursor-1loqt21 r-touchAction-1otgn73 r-alignItems-1awozwy r-flexDirection-18u37iz r-height-eu3ka"
            dir={null}
            onClick={[Function]}
            onContextMenu={[Function]}
            onKeyDown={[Function]}
            style={
              {
                "transitionDuration": "0s",
              }
            }
            tabIndex="0"
          >
            <div
              className="css-text-146c3p1"
              dir="auto"
              style={
                {
                  "color": "rgba(255,255,255,1.00)",
                  "fontFamily": "Roboto-Medium",
                  "fontSize": "16px",
                  "letterSpacing": "0.16px",
                  "lineHeight": "24px",
                }
              }
            >
              In 2 days
              <span
                className="css-textHasAncestor-1jxf684"
                dir={null}
                style={
                  {
                    "color": "rgba(138,148,166,1.00)",
                    "fontFamily": "Roboto-Regular",
                    "fontSize": "16px",
                    "letterSpacing": "0.32px",
                    "lineHeight": "24px",
                  }
                }
              >
                 • 
                24 Apr
              </span>
            </div>
            <div
              className="css-view-g5y9jx"
              dir={null}
              style={
                {
                  "marginLeft": "auto",
                }
              }
            >
              <div
                className="css-view-g5y9jx r-alignItems-1awozwy r-flexDirection-18u37iz r-justifyContent-1777fci"
                dir={null}
              >
                <div
                  className="css-view-g5y9jx r-alignItems-1awozwy r-backgroundColor-nqymb2 r-borderRadius-z2wwpe r-flexDirection-18u37iz r-justifyContent-1777fci r-minHeight-sgkdzr r-minWidth-285fr0 r-paddingBlock-1559e4e r-paddingInline-n7gxbd r-borderColor-t1myqv r-borderWidth-rs99b7"
                  dir={null}
                >
                  <div
                    className="css-text-146c3p1 r-fontFamily-1k9400p r-fontSize-1enofrn r-letterSpacing-3da313 r-lineHeight-56xrmm r-color-hiecfz"
                    dir="auto"
                  >
                    5
                  </div>
                </div>
              </div>
            </div>
          </div>
          <div
            className="css-view-g5y9jx r-transitionProperty-1i6wzkk r-userSelect-lrvibr r-cursor-1loqt21 r-touchAction-1otgn73 r-alignItems-1awozwy r-flexDirection-18u37iz r-height-eu3ka"
            dir={null}
            onClick={[Function]}
            onContextMenu={[Function]}
            onKeyDown={[Function]}
            style={
              {
                "transitionDuration": "0s",
              }
            }
            tabIndex="0"
          >
            <div
              className="css-text-146c3p1"
              dir="auto"
              style={
                {
                  "color": "rgba(255,255,255,1.00)",
                  "fontFamily": "Roboto-Medium",
                  "fontSize": "16px",
                  "letterSpacing": "0.16px",
                  "lineHeight": "24px",
                }
              }
            >
              In 4 days
              <span
                className="css-textHasAncestor-1jxf684"
                dir={null}
                style={
                  {
                    "color": "rgba(138,148,166,1.00)",
                    "fontFamily": "Roboto-Regular",
                    "fontSize": "16px",
                    "letterSpacing": "0.32px",
                    "lineHeight": "24px",
                  }
                }
              >
                 • 
                26 Apr
              </span>
            </div>
            <div
              className="css-view-g5y9jx"
              dir={null}
              style={
                {
                  "marginLeft": "auto",
                }
              }
            >
              <div
                className="css-view-g5y9jx r-alignItems-1awozwy r-flexDirection-18u37iz r-justifyContent-1777fci"
                dir={null}
              >
                <div
                  className="css-view-g5y9jx r-alignItems-1awozwy r-backgroundColor-nqymb2 r-borderRadius-z2wwpe r-flexDirection-18u37iz r-justifyContent-1777fci r-minHeight-sgkdzr r-minWidth-285fr0 r-paddingBlock-1559e4e r-paddingInline-n7gxbd r-borderColor-t1myqv r-borderWidth-rs99b7"
                  dir={null}
                >
                  <div
                    className="css-text-146c3p1 r-fontFamily-1k9400p r-fontSize-1enofrn r-letterSpacing-3da313 r-lineHeight-56xrmm r-color-hiecfz"
                    dir="auto"
                  >
                    6
                  </div>
                </div>
              </div>
            </div>
          </div>
          <div
            className="css-view-g5y9jx r-transitionProperty-1i6wzkk r-userSelect-lrvibr r-cursor-1loqt21 r-touchAction-1otgn73 r-alignItems-1awozwy r-flexDirection-18u37iz r-height-eu3ka"
            dir={null}
            onClick={[Function]}
            onContextMenu={[Function]}
            onKeyDown={[Function]}
            style={
              {
                "transitionDuration": "0s",
              }
            }
            tabIndex="0"
          >
            <div
              className="css-text-146c3p1"
              dir="auto"
              style={
                {
                  "color": "rgba(255,255,255,1.00)",
                  "fontFamily": "Roboto-Medium",
                  "fontSize": "16px",
                  "letterSpacing": "0.16px",
                  "lineHeight": "24px",
                }
              }
            >
              In 7 days
              <span
                className="css-textHasAncestor-1jxf684"
                dir={null}
                style={
                  {
                    "color": "rgba(138,148,166,1.00)",
                    "fontFamily": "Roboto-Regular",
                    "fontSize": "16px",
                    "letterSpacing": "0.32px",
                    "lineHeight": "24px",
                  }
                }
              >
                 • 
                29 Apr
              </span>
            </div>
            <div
              className="css-view-g5y9jx"
              dir={null}
              style={
                {
                  "marginLeft": "auto",
                }
              }
            >
              <div
                className="css-view-g5y9jx r-alignItems-1awozwy r-flexDirection-18u37iz r-justifyContent-1777fci"
                dir={null}
              >
                <div
                  className="css-view-g5y9jx r-alignItems-1awozwy r-backgroundColor-nqymb2 r-borderRadius-z2wwpe r-flexDirection-18u37iz r-justifyContent-1777fci r-minHeight-sgkdzr r-minWidth-285fr0 r-paddingBlock-1559e4e r-paddingInline-n7gxbd r-borderColor-t1myqv r-borderWidth-rs99b7"
                  dir={null}
                >
                  <div
                    className="css-text-146c3p1 r-fontFamily-1k9400p r-fontSize-1enofrn r-letterSpacing-3da313 r-lineHeight-56xrmm r-color-hiecfz"
                    dir="auto"
                  >
                    7
                  </div>
                </div>
              </div>
            </div>
          </div>
          <div
            className="css-view-g5y9jx r-transitionProperty-1i6wzkk r-userSelect-lrvibr r-cursor-1loqt21 r-touchAction-1otgn73 r-alignItems-1awozwy r-flexDirection-18u37iz r-height-eu3ka"
            dir={null}
            onClick={[Function]}
            onContextMenu={[Function]}
            onKeyDown={[Function]}
            style={
              {
                "transitionDuration": "0s",
              }
            }
            tabIndex="0"
          >
            <div
              className="css-text-146c3p1"
              dir="auto"
              style={
                {
                  "color": "rgba(255,255,255,1.00)",
                  "fontFamily": "Roboto-Medium",
                  "fontSize": "16px",
                  "letterSpacing": "0.16px",
                  "lineHeight": "24px",
                }
              }
            >
              In 30 days
              <span
                className="css-textHasAncestor-1jxf684"
                dir={null}
                style={
                  {
                    "color": "rgba(138,148,166,1.00)",
                    "fontFamily": "Roboto-Regular",
                    "fontSize": "16px",
                    "letterSpacing": "0.32px",
                    "lineHeight": "24px",
                  }
                }
              >
                 • 
                22 May
              </span>
            </div>
            <div
              className="css-view-g5y9jx"
              dir={null}
              style={
                {
                  "marginLeft": "auto",
                }
              }
            >
              <div
                className="css-view-g5y9jx r-alignItems-1awozwy r-flexDirection-18u37iz r-justifyContent-1777fci"
                dir={null}
              >
                <div
                  className="css-view-g5y9jx r-alignItems-1awozwy r-backgroundColor-nqymb2 r-borderRadius-z2wwpe r-flexDirection-18u37iz r-justifyContent-1777fci r-minHeight-sgkdzr r-minWidth-285fr0 r-paddingBlock-1559e4e r-paddingInline-n7gxbd r-borderColor-t1myqv r-borderWidth-rs99b7"
                  dir={null}
                >
                  <div
                    className="css-text-146c3p1 r-fontFamily-1k9400p r-fontSize-1enofrn r-letterSpacing-3da313 r-lineHeight-56xrmm r-color-hiecfz"
                    dir="auto"
                  >
                    8
                  </div>
                </div>
              </div>
            </div>
          </div>
        </div>
        <div
          className="css-view-g5y9jx r-paddingBlock-11f147o r-paddingInline-3pj75a"
          dir={null}
        >
          <div
            className="css-view-g5y9jx r-transitionProperty-1i6wzkk r-userSelect-lrvibr r-cursor-1loqt21 r-touchAction-1otgn73 r-alignItems-1awozwy r-flexDirection-18u37iz r-height-eu3ka"
            dir={null}
            onClick={[Function]}
            onContextMenu={[Function]}
            onKeyDown={[Function]}
            style={
              {
                "transitionDuration": "0s",
              }
            }
            tabIndex="0"
          >
            <div
              className="css-text-146c3p1"
              dir="auto"
              style={
                {
                  "color": "rgba(255,255,255,1.00)",
                  "fontFamily": "Roboto-Medium",
                  "fontSize": "16px",
                  "letterSpacing": "0.16px",
                  "lineHeight": "24px",
                }
              }
            >
              Someday
            </div>
            <div
              className="css-view-g5y9jx"
              dir={null}
              style={
                {
                  "marginLeft": "auto",
                }
              }
            >
              <div
                className="css-view-g5y9jx r-alignItems-1awozwy r-flexDirection-18u37iz r-justifyContent-1777fci"
                dir={null}
              >
                <div
                  className="css-view-g5y9jx r-alignItems-1awozwy r-backgroundColor-nqymb2 r-borderRadius-z2wwpe r-flexDirection-18u37iz r-justifyContent-1777fci r-minHeight-sgkdzr r-minWidth-285fr0 r-paddingBlock-1559e4e r-paddingInline-n7gxbd r-borderColor-t1myqv r-borderWidth-rs99b7"
                  dir={null}
                >
                  <div
                    className="css-text-146c3p1 r-fontFamily-1k9400p r-fontSize-1enofrn r-letterSpacing-3da313 r-lineHeight-56xrmm r-color-hiecfz"
                    dir="auto"
                  >
                    9
                  </div>
                </div>
              </div>
            </div>
          </div>
        </div>
        <div
          className="css-view-g5y9jx r-borderBottomColor-ndnfx3 r-borderBottomWidth-qklmqi r-borderTopColor-12rkw8h r-borderTopWidth-5kkj8d r-paddingBlock-11f147o r-paddingInline-3pj75a"
          dir={null}
        >
          <div
            className="css-view-g5y9jx r-transitionProperty-1i6wzkk r-userSelect-lrvibr r-cursor-1loqt21 r-touchAction-1otgn73 r-alignItems-1awozwy r-flexDirection-18u37iz r-height-eu3ka"
            dir={null}
            onClick={[Function]}
            onContextMenu={[Function]}
            onKeyDown={[Function]}
            style={
              {
                "transitionDuration": "0s",
              }
            }
            tabIndex="0"
          >
            <div
              className="css-text-146c3p1"
              dir="auto"
              style={
                {
                  "color": "rgba(255,255,255,1.00)",
                  "fontFamily": "Roboto-Medium",
                  "fontSize": "16px",
                  "letterSpacing": "0.16px",
                  "lineHeight": "24px",
                }
              }
            >
              Last selected
              <span
                className="css-textHasAncestor-1jxf684"
                dir={null}
                style={
                  {
                    "color": "rgba(138,148,166,1.00)",
                    "fontFamily": "Roboto-Regular",
                    "fontSize": "16px",
                    "letterSpacing": "0.32px",
                    "lineHeight": "24px",
                  }
                }
              >
                 • 
                22 Apr
              </span>
            </div>
            <div
              className="css-view-g5y9jx"
              dir={null}
              style={
                {
                  "marginLeft": "auto",
                }
              }
            >
              <div
                className="css-view-g5y9jx r-alignItems-1awozwy r-flexDirection-18u37iz r-justifyContent-1777fci"
                dir={null}
              >
                <div
                  className="css-view-g5y9jx r-alignItems-1awozwy r-backgroundColor-nqymb2 r-borderRadius-z2wwpe r-flexDirection-18u37iz r-justifyContent-1777fci r-minHeight-sgkdzr r-minWidth-285fr0 r-paddingBlock-1559e4e r-paddingInline-n7gxbd r-borderColor-t1myqv r-borderWidth-rs99b7"
                  dir={null}
                >
                  <div
                    className="css-text-146c3p1 r-fontFamily-1k9400p r-fontSize-1enofrn r-letterSpacing-3da313 r-lineHeight-56xrmm r-color-hiecfz"
                    dir="auto"
                  >
                    0
                  </div>
                </div>
              </div>
            </div>
          </div>
          <div
            className="css-view-g5y9jx r-transitionProperty-1i6wzkk r-userSelect-lrvibr r-cursor-1loqt21 r-touchAction-1otgn73 r-alignItems-1awozwy r-flexDirection-18u37iz r-height-eu3ka"
            dir={null}
            onClick={[Function]}
            onContextMenu={[Function]}
            onKeyDown={[Function]}
            style={
              {
                "transitionDuration": "0s",
              }
            }
            tabIndex="0"
          >
            <div
              className="css-text-146c3p1"
              dir="auto"
              style={
                {
                  "color": "rgba(255,255,255,1.00)",
                  "fontFamily": "Roboto-Medium",
                  "fontSize": "16px",
                  "letterSpacing": "0.16px",
                  "lineHeight": "24px",
                }
              }
            >
              Custom date
            </div>
            <div
              className="css-view-g5y9jx"
              dir={null}
              style={
                {
                  "marginLeft": "auto",
                }
              }
            >
              <div
                className="css-view-g5y9jx r-alignItems-1awozwy r-flexDirection-18u37iz r-justifyContent-1777fci"
                dir={null}
              >
                <div
                  className="css-view-g5y9jx r-alignItems-1awozwy r-backgroundColor-nqymb2 r-borderRadius-z2wwpe r-flexDirection-18u37iz r-justifyContent-1777fci r-minHeight-sgkdzr r-minWidth-285fr0 r-paddingBlock-1559e4e r-paddingInline-n7gxbd r-borderColor-t1myqv r-borderWidth-rs99b7"
                  dir={null}
                >
                  <div
                    className="css-text-146c3p1 r-fontFamily-1k9400p r-fontSize-1enofrn r-letterSpacing-3da313 r-lineHeight-56xrmm r-color-hiecfz"
                    dir="auto"
                  >
                    Q
                  </div>
                </div>
              </div>
            </div>
          </div>
        </div>
        <div
          className="css-view-g5y9jx r-transitionProperty-1i6wzkk r-userSelect-lrvibr r-cursor-1loqt21 r-touchAction-1otgn73 r-flexDirection-18u37iz r-paddingBlock-w7s2jr r-paddingLeft-1qhn6m8"
          dir={null}
          onClick={[Function]}
          onContextMenu={[Function]}
          onKeyDown={[Function]}
          style={
            {
              "transitionDuration": "0s",
            }
          }
          tabIndex="0"
        >
          <div
            className="css-view-g5y9jx"
            dir={null}
          >
            <div
              className="css-text-146c3p1"
              dir="auto"
              style={
                {
                  "color": "rgba(138,148,166,1.00)",
                  "fontFamily": "alldone",
                  "fontSize": "24px",
                  "opacity": 1,
                }
              }
            >
              
            </div>
          </div>
          <div
            className="css-text-146c3p1 r-color-jwli3a r-fontWeight-majxgm r-marginLeft-1jkjb"
            dir="auto"
            style={
              {
                "fontFamily": "Roboto-Medium",
                "fontSize": "16px",
                "letterSpacing": "0.16px",
                "lineHeight": "24px",
              }
            }
          >
            Back
          </div>
          <div
            className="css-view-g5y9jx r-marginTop-14gqq1x r-position-u8s1d r-right-e1k2in"
            dir={null}
          >
            <div
              className="css-view-g5y9jx r-alignItems-1awozwy r-flexDirection-18u37iz r-justifyContent-1777fci"
              dir={null}
            >
              <div
                className="css-view-g5y9jx r-alignItems-1awozwy r-backgroundColor-nqymb2 r-borderRadius-z2wwpe r-flexDirection-18u37iz r-justifyContent-1777fci r-minHeight-sgkdzr r-minWidth-285fr0 r-paddingBlock-1559e4e r-paddingInline-n7gxbd r-borderColor-t1myqv r-borderWidth-rs99b7"
                dir={null}
              >
                <div
                  className="css-text-146c3p1 r-fontFamily-1k9400p r-fontSize-1enofrn r-letterSpacing-3da313 r-lineHeight-56xrmm r-color-hiecfz"
                  dir="auto"
                >
                  B
                </div>
              </div>
            </div>
          </div>
        </div>
        <div
          className="css-view-g5y9jx r-position-u8s1d r-right-1sd1n6o r-top-xj4fhj r-zIndex-184en5c"
          dir={null}
        >
          <div
            className="css-view-g5y9jx r-transitionProperty-1i6wzkk r-userSelect-lrvibr r-cursor-1loqt21 r-touchAction-1otgn73 r-alignItems-1awozwy r-justifyContent-1777fci"
            dir={null}
            onClick={[Function]}
            onContextMenu={[Function]}
            onKeyDown={[Function]}
            style={
              {
                "transitionDuration": "0s",
              }
            }
            tabIndex="0"
          >
            <div
              className="css-view-g5y9jx"
              dir={null}
            >
              <div
                className="css-text-146c3p1"
                dir="auto"
                style={
                  {
                    "color": "rgba(138,148,166,1.00)",
                    "fontFamily": "alldone",
                    "fontSize": "24px",
                    "opacity": 1,
                  }
                }
              >
                
              </div>
            </div>
          </div>
        </div>
      </div>
    </div>
  </div>
</div>
`;

exports[`FollowUpDueDate component FollowUpDueDate snapshot test should render correctly 2`] = `
<div
  className="css-view-g5y9jx r-backgroundColor-nqymb2 r-borderRadius-z2wwpe r-boxShadow-v80qx2"
  dir={null}
  style={
    {
      "maxHeight": "736px",
      "maxWidth": "432px",
      "minWidth": "432px",
      "width": "432px",
    }
  }
>
  <div
    className="css-view-g5y9jx"
    dir={null}
    style={
      {
        "flex": 1,
      }
    }
  >
    <div
      className="css-view-g5y9jx r-WebkitOverflowScrolling-150rngu r-flexDirection-eqz5dr r-flexGrow-16y2uox r-flexShrink-1wbh5a2 r-overflowX-11yh6sk r-overflowY-1rnoaur r-transform-agouwx r-scrollbarWidth-2eszeu"
      dir={null}
      onScroll={[Function]}
      onTouchEnd={[Function]}
      onTouchMove={[Function]}
      onTouchStart={[Function]}
      onWheel={[Function]}
    >
      <div
        className="css-view-g5y9jx"
        dir={null}
      >
        <div
          className="css-view-g5y9jx r-flex-13awgt0 r-flexDirection-18u37iz r-paddingLeft-1qhn6m8 r-paddingRight-1pyaxff r-paddingTop-tskmnb"
          dir={null}
        >
          <div
            className="css-view-g5y9jx r-flex-13awgt0 r-flexDirection-eqz5dr r-marginTop-knv0ih"
            dir={null}
          >
            <div
              className="css-text-146c3p1"
              dir="auto"
              style={
                {
                  "color": "rgba(255,255,255,1.00)",
                  "flex": 1,
                  "fontFamily": "Roboto-Medium",
                  "fontSize": "18px",
                  "lineHeight": "26px",
                  "paddingRight": "16px",
                }
              }
            >
              Select Follow up reminder
            </div>
            <div
              className="css-text-146c3p1"
              dir="auto"
              style={
                {
                  "color": "rgba(138,148,166,1.00)",
                  "flex": 1,
                  "fontFamily": "Roboto-Regular",
                  "fontSize": "14px",
                  "letterSpacing": "0.32px",
                  "lineHeight": "22px",
                }
              }
            >
              Select from the options below
            </div>
          </div>
        </div>
        <div
          className="css-view-g5y9jx r-paddingBottom-xd6kpl r-paddingInline-3pj75a r-paddingTop-1knelpx"
          dir={null}
        >
          <div
            className="css-view-g5y9jx r-transitionProperty-1i6wzkk r-userSelect-lrvibr r-cursor-1loqt21 r-touchAction-1otgn73 r-alignItems-1awozwy r-flexDirection-18u37iz r-height-eu3ka"
            dir={null}
            onClick={[Function]}
            onContextMenu={[Function]}
            onKeyDown={[Function]}
            style={
              {
                "transitionDuration": "0s",
              }
            }
            tabIndex="0"
          >
            <div
              className="css-text-146c3p1"
              dir="auto"
              style={
                {
                  "color": "rgba(255,255,255,1.00)",
                  "fontFamily": "Roboto-Medium",
                  "fontSize": "16px",
                  "letterSpacing": "0.16px",
                  "lineHeight": "24px",
                }
              }
            >
              Today
              <span
                className="css-textHasAncestor-1jxf684"
                dir={null}
                style={
                  {
                    "color": "rgba(255,255,255,1.00)",
                    "fontFamily": "Roboto-Medium",
                    "fontSize": "16px",
                    "letterSpacing": "0.16px",
                    "lineHeight": "24px",
                  }
                }
              >
                 • 
                22 Apr
              </span>
            </div>
            <div
              className="css-view-g5y9jx"
              dir={null}
              style={
                {
                  "marginLeft": "auto",
                }
              }
            >
              <div
                className="css-view-g5y9jx r-alignItems-1awozwy r-flexDirection-18u37iz r-justifyContent-1777fci"
                dir={null}
              >
                <div
                  className="css-view-g5y9jx r-alignItems-1awozwy r-backgroundColor-nqymb2 r-borderRadius-z2wwpe r-flexDirection-18u37iz r-justifyContent-1777fci r-minHeight-sgkdzr r-minWidth-285fr0 r-paddingBlock-1559e4e r-paddingInline-n7gxbd r-borderColor-t1myqv r-borderWidth-rs99b7"
                  dir={null}
                >
                  <div
                    className="css-text-146c3p1 r-fontFamily-1k9400p r-fontSize-1enofrn r-letterSpacing-3da313 r-lineHeight-56xrmm r-color-hiecfz"
                    dir="auto"
                  >
                    1
                  </div>
                </div>
              </div>
            </div>
          </div>
          <div
            className="css-view-g5y9jx r-transitionProperty-1i6wzkk r-userSelect-lrvibr r-cursor-1loqt21 r-touchAction-1otgn73 r-alignItems-1awozwy r-flexDirection-18u37iz r-height-eu3ka"
            dir={null}
            onClick={[Function]}
            onContextMenu={[Function]}
            onKeyDown={[Function]}
            style={
              {
                "transitionDuration": "0s",
              }
            }
            tabIndex="0"
          >
            <div
              className="css-text-146c3p1"
              dir="auto"
              style={
                {
                  "color": "rgba(255,255,255,1.00)",
                  "fontFamily": "Roboto-Medium",
                  "fontSize": "16px",
                  "letterSpacing": "0.16px",
                  "lineHeight": "24px",
                }
              }
            >
              Tomorrow
              <span
                className="css-textHasAncestor-1jxf684"
                dir={null}
                style={
                  {
                    "color": "rgba(138,148,166,1.00)",
                    "fontFamily": "Roboto-Regular",
                    "fontSize": "16px",
                    "letterSpacing": "0.32px",
                    "lineHeight": "24px",
                  }
                }
              >
                 • 
                23 Apr
              </span>
            </div>
            <div
              className="css-view-g5y9jx"
              dir={null}
              style={
                {
                  "marginLeft": "auto",
                }
              }
            >
              <div
                className="css-view-g5y9jx r-alignItems-1awozwy r-flexDirection-18u37iz r-justifyContent-1777fci"
                dir={null}
              >
                <div
                  className="css-view-g5y9jx r-alignItems-1awozwy r-backgroundColor-nqymb2 r-borderRadius-z2wwpe r-flexDirection-18u37iz r-justifyContent-1777fci r-minHeight-sgkdzr r-minWidth-285fr0 r-paddingBlock-1559e4e r-paddingInline-n7gxbd r-borderColor-t1myqv r-borderWidth-rs99b7"
                  dir={null}
                >
                  <div
                    className="css-text-146c3p1 r-fontFamily-1k9400p r-fontSize-1enofrn r-letterSpacing-3da313 r-lineHeight-56xrmm r-color-hiecfz"
                    dir="auto"
                  >
                    2
                  </div>
                </div>
              </div>
            </div>
          </div>
          <div
            className="css-view-g5y9jx r-transitionProperty-1i6wzkk r-userSelect-lrvibr r-cursor-1loqt21 r-touchAction-1otgn73 r-alignItems-1awozwy r-flexDirection-18u37iz r-height-eu3ka"
            dir={null}
            onClick={[Function]}
            onContextMenu={[Function]}
            onKeyDown={[Function]}
            style={
              {
                "transitionDuration": "0s",
              }
            }
            tabIndex="0"
          >
            <div
              className="css-text-146c3p1"
              dir="auto"
              style={
                {
                  "color": "rgba(255,255,255,1.00)",
                  "fontFamily": "Roboto-Medium",
                  "fontSize": "16px",
                  "letterSpacing": "0.16px",
                  "lineHeight": "24px",
                }
              }
            >
              This next Saturday
              <span
                className="css-textHasAncestor-1jxf684"
                dir={null}
                style={
                  {
                    "color": "rgba(138,148,166,1.00)",
                    "fontFamily": "Roboto-Regular",
                    "fontSize": "16px",
                    "letterSpacing": "0.32px",
                    "lineHeight": "24px",
                  }
                }
              >
                 • 
                04 May
              </span>
            </div>
            <div
              className="css-view-g5y9jx"
              dir={null}
              style={
                {
                  "marginLeft": "auto",
                }
              }
            >
              <div
                className="css-view-g5y9jx r-alignItems-1awozwy r-flexDirection-18u37iz r-justifyContent-1777fci"
                dir={null}
              >
                <div
                  className="css-view-g5y9jx r-alignItems-1awozwy r-backgroundColor-nqymb2 r-borderRadius-z2wwpe r-flexDirection-18u37iz r-justifyContent-1777fci r-minHeight-sgkdzr r-minWidth-285fr0 r-paddingBlock-1559e4e r-paddingInline-n7gxbd r-borderColor-t1myqv r-borderWidth-rs99b7"
                  dir={null}
                >
                  <div
                    className="css-text-146c3p1 r-fontFamily-1k9400p r-fontSize-1enofrn r-letterSpacing-3da313 r-lineHeight-56xrmm r-color-hiecfz"
                    dir="auto"
                  >
                    3
                  </div>
                </div>
              </div>
            </div>
          </div>
          <div
            className="css-view-g5y9jx r-transitionProperty-1i6wzkk r-userSelect-lrvibr r-cursor-1loqt21 r-touchAction-1otgn73 r-alignItems-1awozwy r-flexDirection-18u37iz r-height-eu3ka"
            dir={null}
            onClick={[Function]}
            onContextMenu={[Function]}
            onKeyDown={[Function]}
            style={
              {
                "transitionDuration": "0s",
              }
            }
            tabIndex="0"
          >
            <div
              className="css-text-146c3p1"
              dir="auto"
              style={
                {
                  "color": "rgba(255,255,255,1.00)",
                  "fontFamily": "Roboto-Medium",
                  "fontSize": "16px",
                  "letterSpacing": "0.16px",
                  "lineHeight": "24px",
                }
              }
            >
              This next Monday
              <span
                className="css-textHasAncestor-1jxf684"
                dir={null}
                style={
                  {
                    "color": "rgba(138,148,166,1.00)",
                    "fontFamily": "Roboto-Regular",
                    "fontSize": "16px",
                    "letterSpacing": "0.32px",
                    "lineHeight": "24px",
                  }
                }
              >
                 • 
                29 Apr
              </span>
            </div>
            <div
              className="css-view-g5y9jx"
              dir={null}
              style={
                {
                  "marginLeft": "auto",
                }
              }
            >
              <div
                className="css-view-g5y9jx r-alignItems-1awozwy r-flexDirection-18u37iz r-justifyContent-1777fci"
                dir={null}
              >
                <div
                  className="css-view-g5y9jx r-alignItems-1awozwy r-backgroundColor-nqymb2 r-borderRadius-z2wwpe r-flexDirection-18u37iz r-justifyContent-1777fci r-minHeight-sgkdzr r-minWidth-285fr0 r-paddingBlock-1559e4e r-paddingInline-n7gxbd r-borderColor-t1myqv r-borderWidth-rs99b7"
                  dir={null}
                >
                  <div
                    className="css-text-146c3p1 r-fontFamily-1k9400p r-fontSize-1enofrn r-letterSpacing-3da313 r-lineHeight-56xrmm r-color-hiecfz"
                    dir="auto"
                  >
                    4
                  </div>
                </div>
              </div>
            </div>
          </div>
        </div>
        <div
          className="css-view-g5y9jx r-borderBottomColor-ndnfx3 r-borderBottomWidth-qklmqi r-borderTopColor-12rkw8h r-borderTopWidth-5kkj8d r-paddingBlock-11f147o r-paddingInline-3pj75a"
          dir={null}
        >
          <div
            className="css-view-g5y9jx r-transitionProperty-1i6wzkk r-userSelect-lrvibr r-cursor-1loqt21 r-touchAction-1otgn73 r-alignItems-1awozwy r-flexDirection-18u37iz r-height-eu3ka"
            dir={null}
            onClick={[Function]}
            onContextMenu={[Function]}
            onKeyDown={[Function]}
            style={
              {
                "transitionDuration": "0s",
              }
            }
            tabIndex="0"
          >
            <div
              className="css-text-146c3p1"
              dir="auto"
              style={
                {
                  "color": "rgba(255,255,255,1.00)",
                  "fontFamily": "Roboto-Medium",
                  "fontSize": "16px",
                  "letterSpacing": "0.16px",
                  "lineHeight": "24px",
                }
              }
            >
              In 2 days
              <span
                className="css-textHasAncestor-1jxf684"
                dir={null}
                style={
                  {
                    "color": "rgba(138,148,166,1.00)",
                    "fontFamily": "Roboto-Regular",
                    "fontSize": "16px",
                    "letterSpacing": "0.32px",
                    "lineHeight": "24px",
                  }
                }
              >
                 • 
                24 Apr
              </span>
            </div>
            <div
              className="css-view-g5y9jx"
              dir={null}
              style={
                {
                  "marginLeft": "auto",
                }
              }
            >
              <div
                className="css-view-g5y9jx r-alignItems-1awozwy r-flexDirection-18u37iz r-justifyContent-1777fci"
                dir={null}
              >
                <div
                  className="css-view-g5y9jx r-alignItems-1awozwy r-backgroundColor-nqymb2 r-borderRadius-z2wwpe r-flexDirection-18u37iz r-justifyContent-1777fci r-minHeight-sgkdzr r-minWidth-285fr0 r-paddingBlock-1559e4e r-paddingInline-n7gxbd r-borderColor-t1myqv r-borderWidth-rs99b7"
                  dir={null}
                >
                  <div
                    className="css-text-146c3p1 r-fontFamily-1k9400p r-fontSize-1enofrn r-letterSpacing-3da313 r-lineHeight-56xrmm r-color-hiecfz"
                    dir="auto"
                  >
                    5
                  </div>
                </div>
              </div>
            </div>
          </div>
          <div
            className="css-view-g5y9jx r-transitionProperty-1i6wzkk r-userSelect-lrvibr r-cursor-1loqt21 r-touchAction-1otgn73 r-alignItems-1awozwy r-flexDirection-18u37iz r-height-eu3ka"
            dir={null}
            onClick={[Function]}
            onContextMenu={[Function]}
            onKeyDown={[Function]}
            style={
              {
                "transitionDuration": "0s",
              }
            }
            tabIndex="0"
          >
            <div
              className="css-text-146c3p1"
              dir="auto"
              style={
                {
                  "color": "rgba(255,255,255,1.00)",
                  "fontFamily": "Roboto-Medium",
                  "fontSize": "16px",
                  "letterSpacing": "0.16px",
                  "lineHeight": "24px",
                }
              }
            >
              In 4 days
              <span
                className="css-textHasAncestor-1jxf684"
                dir={null}
                style={
                  {
                    "color": "rgba(138,148,166,1.00)",
                    "fontFamily": "Roboto-Regular",
                    "fontSize": "16px",
                    "letterSpacing": "0.32px",
                    "lineHeight": "24px",
                  }
                }
              >
                 • 
                26 Apr
              </span>
            </div>
            <div
              className="css-view-g5y9jx"
              dir={null}
              style={
                {
                  "marginLeft": "auto",
                }
              }
            >
              <div
                className="css-view-g5y9jx r-alignItems-1awozwy r-flexDirection-18u37iz r-justifyContent-1777fci"
                dir={null}
              >
                <div
                  className="css-view-g5y9jx r-alignItems-1awozwy r-backgroundColor-nqymb2 r-borderRadius-z2wwpe r-flexDirection-18u37iz r-justifyContent-1777fci r-minHeight-sgkdzr r-minWidth-285fr0 r-paddingBlock-1559e4e r-paddingInline-n7gxbd r-borderColor-t1myqv r-borderWidth-rs99b7"
                  dir={null}
                >
                  <div
                    className="css-text-146c3p1 r-fontFamily-1k9400p r-fontSize-1enofrn r-letterSpacing-3da313 r-lineHeight-56xrmm r-color-hiecfz"
                    dir="auto"
                  >
                    6
                  </div>
                </div>
              </div>
            </div>
          </div>
          <div
            className="css-view-g5y9jx r-transitionProperty-1i6wzkk r-userSelect-lrvibr r-cursor-1loqt21 r-touchAction-1otgn73 r-alignItems-1awozwy r-flexDirection-18u37iz r-height-eu3ka"
            dir={null}
            onClick={[Function]}
            onContextMenu={[Function]}
            onKeyDown={[Function]}
            style={
              {
                "transitionDuration": "0s",
              }
            }
            tabIndex="0"
          >
            <div
              className="css-text-146c3p1"
              dir="auto"
              style={
                {
                  "color": "rgba(255,255,255,1.00)",
                  "fontFamily": "Roboto-Medium",
                  "fontSize": "16px",
                  "letterSpacing": "0.16px",
                  "lineHeight": "24px",
                }
              }
            >
              In 7 days
              <span
                className="css-textHasAncestor-1jxf684"
                dir={null}
                style={
                  {
                    "color": "rgba(138,148,166,1.00)",
                    "fontFamily": "Roboto-Regular",
                    "fontSize": "16px",
                    "letterSpacing": "0.32px",
                    "lineHeight": "24px",
                  }
                }
              >
                 • 
                29 Apr
              </span>
            </div>
            <div
              className="css-view-g5y9jx"
              dir={null}
              style={
                {
                  "marginLeft": "auto",
                }
              }
            >
              <div
                className="css-view-g5y9jx r-alignItems-1awozwy r-flexDirection-18u37iz r-justifyContent-1777fci"
                dir={null}
              >
                <div
                  className="css-view-g5y9jx r-alignItems-1awozwy r-backgroundColor-nqymb2 r-borderRadius-z2wwpe r-flexDirection-18u37iz r-justifyContent-1777fci r-minHeight-sgkdzr r-minWidth-285fr0 r-paddingBlock-1559e4e r-paddingInline-n7gxbd r-borderColor-t1myqv r-borderWidth-rs99b7"
                  dir={null}
                >
                  <div
                    className="css-text-146c3p1 r-fontFamily-1k9400p r-fontSize-1enofrn r-letterSpacing-3da313 r-lineHeight-56xrmm r-color-hiecfz"
                    dir="auto"
                  >
                    7
                  </div>
                </div>
              </div>
            </div>
          </div>
          <div
            className="css-view-g5y9jx r-transitionProperty-1i6wzkk r-userSelect-lrvibr r-cursor-1loqt21 r-touchAction-1otgn73 r-alignItems-1awozwy r-flexDirection-18u37iz r-height-eu3ka"
            dir={null}
            onClick={[Function]}
            onContextMenu={[Function]}
            onKeyDown={[Function]}
            style={
              {
                "transitionDuration": "0s",
              }
            }
            tabIndex="0"
          >
            <div
              className="css-text-146c3p1"
              dir="auto"
              style={
                {
                  "color": "rgba(255,255,255,1.00)",
                  "fontFamily": "Roboto-Medium",
                  "fontSize": "16px",
                  "letterSpacing": "0.16px",
                  "lineHeight": "24px",
                }
              }
            >
              In 30 days
              <span
                className="css-textHasAncestor-1jxf684"
                dir={null}
                style={
                  {
                    "color": "rgba(138,148,166,1.00)",
                    "fontFamily": "Roboto-Regular",
                    "fontSize": "16px",
                    "letterSpacing": "0.32px",
                    "lineHeight": "24px",
                  }
                }
              >
                 • 
                22 May
              </span>
            </div>
            <div
              className="css-view-g5y9jx"
              dir={null}
              style={
                {
                  "marginLeft": "auto",
                }
              }
            >
              <div
                className="css-view-g5y9jx r-alignItems-1awozwy r-flexDirection-18u37iz r-justifyContent-1777fci"
                dir={null}
              >
                <div
                  className="css-view-g5y9jx r-alignItems-1awozwy r-backgroundColor-nqymb2 r-borderRadius-z2wwpe r-flexDirection-18u37iz r-justifyContent-1777fci r-minHeight-sgkdzr r-minWidth-285fr0 r-paddingBlock-1559e4e r-paddingInline-n7gxbd r-borderColor-t1myqv r-borderWidth-rs99b7"
                  dir={null}
                >
                  <div
                    className="css-text-146c3p1 r-fontFamily-1k9400p r-fontSize-1enofrn r-letterSpacing-3da313 r-lineHeight-56xrmm r-color-hiecfz"
                    dir="auto"
                  >
                    8
                  </div>
                </div>
              </div>
            </div>
          </div>
        </div>
        <div
          className="css-view-g5y9jx r-paddingBlock-11f147o r-paddingInline-3pj75a"
          dir={null}
        >
          <div
            className="css-view-g5y9jx r-transitionProperty-1i6wzkk r-userSelect-lrvibr r-cursor-1loqt21 r-touchAction-1otgn73 r-alignItems-1awozwy r-flexDirection-18u37iz r-height-eu3ka"
            dir={null}
            onClick={[Function]}
            onContextMenu={[Function]}
            onKeyDown={[Function]}
            style={
              {
                "transitionDuration": "0s",
              }
            }
            tabIndex="0"
          >
            <div
              className="css-text-146c3p1"
              dir="auto"
              style={
                {
                  "color": "rgba(255,255,255,1.00)",
                  "fontFamily": "Roboto-Medium",
                  "fontSize": "16px",
                  "letterSpacing": "0.16px",
                  "lineHeight": "24px",
                }
              }
            >
              Someday
            </div>
            <div
              className="css-view-g5y9jx"
              dir={null}
              style={
                {
                  "marginLeft": "auto",
                }
              }
            >
              <div
                className="css-view-g5y9jx r-alignItems-1awozwy r-flexDirection-18u37iz r-justifyContent-1777fci"
                dir={null}
              >
                <div
                  className="css-view-g5y9jx r-alignItems-1awozwy r-backgroundColor-nqymb2 r-borderRadius-z2wwpe r-flexDirection-18u37iz r-justifyContent-1777fci r-minHeight-sgkdzr r-minWidth-285fr0 r-paddingBlock-1559e4e r-paddingInline-n7gxbd r-borderColor-t1myqv r-borderWidth-rs99b7"
                  dir={null}
                >
                  <div
                    className="css-text-146c3p1 r-fontFamily-1k9400p r-fontSize-1enofrn r-letterSpacing-3da313 r-lineHeight-56xrmm r-color-hiecfz"
                    dir="auto"
                  >
                    9
                  </div>
                </div>
              </div>
            </div>
          </div>
        </div>
        <div
          className="css-view-g5y9jx r-borderBottomColor-ndnfx3 r-borderBottomWidth-qklmqi r-borderTopColor-12rkw8h r-borderTopWidth-5kkj8d r-paddingBlock-11f147o r-paddingInline-3pj75a"
          dir={null}
        >
          <div
            className="css-view-g5y9jx r-transitionProperty-1i6wzkk r-userSelect-lrvibr r-cursor-1loqt21 r-touchAction-1otgn73 r-alignItems-1awozwy r-flexDirection-18u37iz r-height-eu3ka"
            dir={null}
            onClick={[Function]}
            onContextMenu={[Function]}
            onKeyDown={[Function]}
            style={
              {
                "transitionDuration": "0s",
              }
            }
            tabIndex="0"
          >
            <div
              className="css-text-146c3p1"
              dir="auto"
              style={
                {
                  "color": "rgba(255,255,255,1.00)",
                  "fontFamily": "Roboto-Medium",
                  "fontSize": "16px",
                  "letterSpacing": "0.16px",
                  "lineHeight": "24px",
                }
              }
            >
              Last selected
              <span
                className="css-textHasAncestor-1jxf684"
                dir={null}
                style={
                  {
                    "color": "rgba(138,148,166,1.00)",
                    "fontFamily": "Roboto-Regular",
                    "fontSize": "16px",
                    "letterSpacing": "0.32px",
                    "lineHeight": "24px",
                  }
                }
              >
                 • 
                22 Apr
              </span>
            </div>
            <div
              className="css-view-g5y9jx"
              dir={null}
              style={
                {
                  "marginLeft": "auto",
                }
              }
            >
              <div
                className="css-view-g5y9jx r-alignItems-1awozwy r-flexDirection-18u37iz r-justifyContent-1777fci"
                dir={null}
              >
                <div
                  className="css-view-g5y9jx r-alignItems-1awozwy r-backgroundColor-nqymb2 r-borderRadius-z2wwpe r-flexDirection-18u37iz r-justifyContent-1777fci r-minHeight-sgkdzr r-minWidth-285fr0 r-paddingBlock-1559e4e r-paddingInline-n7gxbd r-borderColor-t1myqv r-borderWidth-rs99b7"
                  dir={null}
                >
                  <div
                    className="css-text-146c3p1 r-fontFamily-1k9400p r-fontSize-1enofrn r-letterSpacing-3da313 r-lineHeight-56xrmm r-color-hiecfz"
                    dir="auto"
                  >
                    0
                  </div>
                </div>
              </div>
            </div>
          </div>
          <div
            className="css-view-g5y9jx r-transitionProperty-1i6wzkk r-userSelect-lrvibr r-cursor-1loqt21 r-touchAction-1otgn73 r-alignItems-1awozwy r-flexDirection-18u37iz r-height-eu3ka"
            dir={null}
            onClick={[Function]}
            onContextMenu={[Function]}
            onKeyDown={[Function]}
            style={
              {
                "transitionDuration": "0s",
              }
            }
            tabIndex="0"
          >
            <div
              className="css-text-146c3p1"
              dir="auto"
              style={
                {
                  "color": "rgba(255,255,255,1.00)",
                  "fontFamily": "Roboto-Medium",
                  "fontSize": "16px",
                  "letterSpacing": "0.16px",
                  "lineHeight": "24px",
                }
              }
            >
              Custom date
            </div>
            <div
              className="css-view-g5y9jx"
              dir={null}
              style={
                {
                  "marginLeft": "auto",
                }
              }
            >
              <div
                className="css-view-g5y9jx r-alignItems-1awozwy r-flexDirection-18u37iz r-justifyContent-1777fci"
                dir={null}
              >
                <div
                  className="css-view-g5y9jx r-alignItems-1awozwy r-backgroundColor-nqymb2 r-borderRadius-z2wwpe r-flexDirection-18u37iz r-justifyContent-1777fci r-minHeight-sgkdzr r-minWidth-285fr0 r-paddingBlock-1559e4e r-paddingInline-n7gxbd r-borderColor-t1myqv r-borderWidth-rs99b7"
                  dir={null}
                >
                  <div
                    className="css-text-146c3p1 r-fontFamily-1k9400p r-fontSize-1enofrn r-letterSpacing-3da313 r-lineHeight-56xrmm r-color-hiecfz"
                    dir="auto"
                  >
                    Q
                  </div>
                </div>
              </div>
            </div>
          </div>
        </div>
        <div
          className="css-view-g5y9jx r-transitionProperty-1i6wzkk r-userSelect-lrvibr r-cursor-1loqt21 r-touchAction-1otgn73 r-flexDirection-18u37iz r-paddingBlock-w7s2jr r-paddingLeft-1qhn6m8"
          dir={null}
          onClick={[Function]}
          onContextMenu={[Function]}
          onKeyDown={[Function]}
          style={
            {
              "transitionDuration": "0s",
            }
          }
          tabIndex="0"
        >
          <div
            className="css-view-g5y9jx"
            dir={null}
          >
            <div
              className="css-text-146c3p1"
              dir="auto"
              style={
                {
                  "color": "rgba(138,148,166,1.00)",
                  "fontFamily": "alldone",
                  "fontSize": "24px",
                  "opacity": 1,
                }
              }
            >
              
            </div>
          </div>
          <div
            className="css-text-146c3p1 r-color-jwli3a r-fontWeight-majxgm r-marginLeft-1jkjb"
            dir="auto"
            style={
              {
                "fontFamily": "Roboto-Medium",
                "fontSize": "16px",
                "letterSpacing": "0.16px",
                "lineHeight": "24px",
              }
            }
          >
            Back
          </div>
          <div
            className="css-view-g5y9jx r-marginTop-14gqq1x r-position-u8s1d r-right-e1k2in"
            dir={null}
          >
            <div
              className="css-view-g5y9jx r-alignItems-1awozwy r-flexDirection-18u37iz r-justifyContent-1777fci"
              dir={null}
            >
              <div
                className="css-view-g5y9jx r-alignItems-1awozwy r-backgroundColor-nqymb2 r-borderRadius-z2wwpe r-flexDirection-18u37iz r-justifyContent-1777fci r-minHeight-sgkdzr r-minWidth-285fr0 r-paddingBlock-1559e4e r-paddingInline-n7gxbd r-borderColor-t1myqv r-borderWidth-rs99b7"
                dir={null}
              >
                <div
                  className="css-text-146c3p1 r-fontFamily-1k9400p r-fontSize-1enofrn r-letterSpacing-3da313 r-lineHeight-56xrmm r-color-hiecfz"
                  dir="auto"
                >
                  B
                </div>
              </div>
            </div>
          </div>
        </div>
        <div
          className="css-view-g5y9jx r-position-u8s1d r-right-1sd1n6o r-top-xj4fhj r-zIndex-184en5c"
          dir={null}
        >
          <div
            className="css-view-g5y9jx r-transitionProperty-1i6wzkk r-userSelect-lrvibr r-cursor-1loqt21 r-touchAction-1otgn73 r-alignItems-1awozwy r-justifyContent-1777fci"
            dir={null}
            onClick={[Function]}
            onContextMenu={[Function]}
            onKeyDown={[Function]}
            style={
              {
                "transitionDuration": "0s",
              }
            }
            tabIndex="0"
          >
            <div
              className="css-view-g5y9jx"
              dir={null}
            >
              <div
                className="css-text-146c3p1"
                dir="auto"
                style={
                  {
                    "color": "rgba(138,148,166,1.00)",
                    "fontFamily": "alldone",
                    "fontSize": "24px",
                    "opacity": 1,
                  }
                }
              >
                
              </div>
            </div>
          </div>
        </div>
      </div>
    </div>
  </div>
</div>
`;
