// Jest Snapshot v1, https://goo.gl/fbAQLP

exports[`NotificationModalMandatory component NotificationModalMandatory snapshot test should render correctly 1`] = `
<div
  className="css-view-g5y9jx r-backgroundColor-nqymb2 r-borderRadius-z2wwpe r-boxShadow-179vn59 r-height-9rh5za r-padding-nsbfu8 r-width-w38km2"
  dir={null}
>
  <div
    className="css-text-146c3p1 r-color-jwli3a r-fontWeight-majxgm"
    dir="auto"
    style={
      Object {
        "fontFamily": "Roboto-Medium",
        "fontSize": "18px",
        "lineHeight": "26px",
      }
    }
  >
    Alldone.app needs to reload
  </div>
  <div
    className="css-text-146c3p1"
    dir="auto"
    style={
      Object {
        "color": "rgba(138,148,166,1.00)",
        "fontFamily": "Roboto-Regular",
        "fontSize": "14px",
        "letterSpacing": "0.32px",
        "lineHeight": "22px",
      }
    }
  >
    Alldone app needs to reload in order to update features. Do not worry, we will take care of everything for you.
  </div>
  <div
    className="css-view-g5y9jx r-transitionProperty-1i6wzkk r-userSelect-lrvibr r-cursor-1loqt21 r-touchAction-1otgn73 r-alignSelf-1kihuf0 r-backgroundColor-vul7mk r-borderRadius-z2wwpe r-height-eu3ka r-justifyContent-1777fci r-marginTop-1x0uki6 r-paddingLeft-1qhn6m8 r-width-3egmai"
    data-testid="refreshMandatory"
    dir={null}
    onClick={[Function]}
    onContextMenu={[Function]}
    onKeyDown={[Function]}
    style={
      Object {
        "transitionDuration": "0s",
      }
    }
    tabIndex="0"
  >
    <div
      className="css-view-g5y9jx"
      dir={null}
      style={
        Object {
          "alignItems": "center",
          "flexDirection": "row",
        }
      }
    >
      <div
        className="css-view-g5y9jx"
        dir={null}
      >
        <div
          className="css-text-146c3p1"
          dir="auto"
          style={
            Object {
              "color": "rgba(255,255,255,1.00)",
              "fontFamily": "alldone",
              "fontSize": "24px",
              "opacity": 1,
            }
          }
        >
          
        </div>
      </div>
      <div
        className="css-text-146c3p1 r-color-jwli3a r-fontFamily-x4jph8 r-fontSize-1b43r93 r-fontWeight-majxgm r-letterSpacing-1smd7e2 r-lineHeight-1f529hi r-marginLeft-19u6a5r"
        dir="auto"
      >
        Refresh
      </div>
    </div>
  </div>
</div>
`;
