// Jest Snapshot v1, https://jestjs.io/docs/snapshot-testing

exports[`ProjectPropertiesHeader component ProjectPropertiesHeader snapshot test should render correctly 1`] = `
<div
  className="css-view-g5y9jx r-alignItems-obd0qt r-flexDirection-18u37iz r-height-wy61xf r-paddingBottom-kzbkwu r-paddingTop-fd4yh7"
  dir={null}
>
  <div
    className="css-text-146c3p1"
    dir="auto"
    style={
      {
        "color": "rgba(4,20,47,1.00)",
        "fontFamily": "Roboto-Medium",
        "fontSize": "20px",
        "lineHeight": "28px",
      }
    }
  >
    Properties
  </div>
</div>
`;
