// Jest Snapshot v1, https://jestjs.io/docs/snapshot-testing

exports[`DateHeader component DateHeader with text snapshot test should render correctly 1`] = `
<div
  className="css-view-g5y9jx r-paddingBottom-xd6kpl r-paddingTop-1ygmrgt"
  dir={null}
>
  <div
    className="css-view-g5y9jx r-alignItems-1awozwy r-backgroundColor-1o3jrms r-borderRadius-z2wwpe r-flex-13awgt0 r-flexDirection-18u37iz r-height-1472mwg r-justifyContent-1wtj0ep"
    dir={null}
  >
    <div
      className="css-view-g5y9jx"
      dir={null}
      style={
        {
          "flex": 1,
          "flexDirection": "row",
          "justifyContent": "flex-start",
        }
      }
    >
      <div
        className="css-text-146c3p1 r-color-1gpwqf8 r-paddingLeft-f727ji r-zIndex-184en5c"
        dir="auto"
        style={
          {
            "fontFamily": "Roboto-Regular",
            "fontSize": "11px",
            "letterSpacing": "1.5px",
            "lineHeight": "20px",
          }
        }
      >
        TODAY • 
      </div>
    </div>
  </div>
</div>
`;
