// Jest Snapshot v1, https://goo.gl/fbAQLP

exports[`UserTasksHeader component UserTasksHeader empty snapshot test should render correctly for basic header 1`] = `
<View
  style={
    Object {
      "width": "100%",
    }
  }
>
  <View
    style={
      Object {
        "alignItems": "stretch",
        "justifyContent": "center",
        "paddingBottom": 26,
        "paddingTop": 24,
        "width": "100%",
      }
    }
  >
    <View
      style={
        Array [
          Object {
            "backgroundColor": "#EBF5FF",
            "borderColor": "#C7E3FF",
            "borderRadius": 14,
            "borderWidth": 1,
            "elevation": 2,
            "paddingHorizontal": 10,
            "paddingVertical": 8,
            "shadowColor": "#04142F",
            "shadowOffset": Object {
              "height": 4,
              "width": 0,
            },
            "shadowOpacity": 0.08,
            "shadowRadius": 10,
            "width": "100%",
          },
          Object {
            "alignItems": "center",
            "flexDirection": "row",
          },
        ]
      }
    >
      <View
        style={
          Object {
            "alignItems": "center",
            "flex": 1,
            "flexDirection": "row",
            "justifyContent": "flex-start",
            "minWidth": 0,
          }
        }
      >
        <View
          style={
            Array [
              Object {
                "alignItems": "center",
                "flexDirection": "row",
                "justifyContent": "flex-start",
                "paddingHorizontal": 0,
                "paddingVertical": 0,
              },
              false,
            ]
          }
        >
          <View
            accessible={false}
            focusable={true}
            isTVSelectable={true}
            onClick={[Function]}
            onResponderGrant={[Function]}
            onResponderMove={[Function]}
            onResponderRelease={[Function]}
            onResponderTerminate={[Function]}
            onResponderTerminationRequest={[Function]}
            onStartShouldSetResponder={[Function]}
            style={
              Object {
                "alignItems": "center",
                "borderBottomColor": "transparent",
                "borderBottomWidth": 3,
                "height": 36,
                "justifyContent": "center",
                "marginHorizontal": 0,
                "opacity": 1,
                "paddingHorizontal": 8,
              }
            }
          >
            <Text
              style={
                Array [
                  Object {
                    "color": "#4E5D78",
                    "fontFamily": "Roboto-Medium",
                    "fontSize": 16,
                    "letterSpacing": 0.16,
                    "lineHeight": 24,
                  },
                  false,
                ]
              }
            >
              Tasks
            </Text>
          </View>
          <View
            accessible={false}
            focusable={true}
            isTVSelectable={true}
            onClick={[Function]}
            onResponderGrant={[Function]}
            onResponderMove={[Function]}
            onResponderRelease={[Function]}
            onResponderTerminate={[Function]}
            onResponderTerminationRequest={[Function]}
            onStartShouldSetResponder={[Function]}
            style={
              Object {
                "alignItems": "center",
                "borderBottomColor": "transparent",
                "borderBottomWidth": 3,
                "height": 36,
                "justifyContent": "center",
                "marginHorizontal": 0,
                "opacity": 1,
                "paddingHorizontal": 8,
              }
            }
          >
            <Text
              style={
                Array [
                  Object {
                    "color": "#4E5D78",
                    "fontFamily": "Roboto-Medium",
                    "fontSize": 16,
                    "letterSpacing": 0.16,
                    "lineHeight": 24,
                  },
                  false,
                ]
              }
            >
              Goals
            </Text>
          </View>
          <View
            accessible={false}
            focusable={true}
            isTVSelectable={true}
            onClick={[Function]}
            onResponderGrant={[Function]}
            onResponderMove={[Function]}
            onResponderRelease={[Function]}
            onResponderTerminate={[Function]}
            onResponderTerminationRequest={[Function]}
            onStartShouldSetResponder={[Function]}
            style={
              Object {
                "alignItems": "center",
                "borderBottomColor": "transparent",
                "borderBottomWidth": 3,
                "height": 36,
                "justifyContent": "center",
                "marginHorizontal": 0,
                "opacity": 1,
                "paddingHorizontal": 8,
              }
            }
          >
            <Text
              style={
                Array [
                  Object {
                    "color": "#4E5D78",
                    "fontFamily": "Roboto-Medium",
                    "fontSize": 16,
                    "letterSpacing": 0.16,
                    "lineHeight": 24,
                  },
                  false,
                ]
              }
            >
              Notes
            </Text>
          </View>
          <View
            accessible={false}
            focusable={true}
            isTVSelectable={true}
            onClick={[Function]}
            onResponderGrant={[Function]}
            onResponderMove={[Function]}
            onResponderRelease={[Function]}
            onResponderTerminate={[Function]}
            onResponderTerminationRequest={[Function]}
            onStartShouldSetResponder={[Function]}
            style={
              Object {
                "alignItems": "center",
                "borderBottomColor": "transparent",
                "borderBottomWidth": 3,
                "height": 36,
                "justifyContent": "center",
                "marginHorizontal": 0,
                "opacity": 1,
                "paddingHorizontal": 8,
              }
            }
          >
            <Text
              style={
                Array [
                  Object {
                    "color": "#4E5D78",
                    "fontFamily": "Roboto-Medium",
                    "fontSize": 16,
                    "letterSpacing": 0.16,
                    "lineHeight": 24,
                  },
                  false,
                ]
              }
            >
              Contacts
            </Text>
          </View>
          <View
            accessible={false}
            focusable={true}
            isTVSelectable={true}
            onClick={[Function]}
            onResponderGrant={[Function]}
            onResponderMove={[Function]}
            onResponderRelease={[Function]}
            onResponderTerminate={[Function]}
            onResponderTerminationRequest={[Function]}
            onStartShouldSetResponder={[Function]}
            style={
              Object {
                "alignItems": "center",
                "borderBottomColor": "transparent",
                "borderBottomWidth": 3,
                "height": 36,
                "justifyContent": "center",
                "marginHorizontal": 0,
                "opacity": 1,
                "paddingHorizontal": 8,
              }
            }
          >
            <Text
              style={
                Array [
                  Object {
                    "color": "#4E5D78",
                    "fontFamily": "Roboto-Medium",
                    "fontSize": 16,
                    "letterSpacing": 0.16,
                    "lineHeight": 24,
                  },
                  false,
                ]
              }
            >
              Chats
            </Text>
          </View>
        </View>
      </View>
      <View
        style={
          Object {
            "alignItems": "center",
            "flexDirection": "row",
            "marginLeft": 12,
          }
        }
      >
        <View
          style={
            Array [
              Object {
                "marginRight": 10,
              },
              Object {
                "marginRight": 6,
              },
            ]
          }
        >
          <View
            style={
              Object {
                "alignSelf": "center",
              }
            }
          >
            <View
              style={
                Object {
                  "alignSelf": "baseline",
                  "backgroundColor": "#E7ECEF",
                  "borderRadius": 14,
                  "flexDirection": "row",
                  "height": 26,
                  "overflow": "hidden",
                  "paddingBottom": 2,
                  "paddingLeft": 2,
                  "paddingRight": 2,
                  "paddingTop": 2,
                  "position": "relative",
                }
              }
            >
              <View
                style={
                  Object {
                    "backgroundColor": "#FAFBFB",
                    "borderRadius": 12,
                    "elevation": 3,
                    "height": 22,
                    "position": "absolute",
                    "shadowColor": "#8A94A6",
                    "shadowOffset": Object {
                      "height": 0,
                      "width": 0,
                    },
                    "shadowOpacity": 1,
                    "shadowRadius": 8,
                    "transform": Array [
                      Object {
                        "translateX": 0,
                      },
                    ],
                    "width": 0,
                  }
                }
              />
              <View
                style={
                  Object {
                    "alignItems": "center",
                    "flexDirection": "row",
                    "justifyContent": "center",
                  }
                }
              >
                <View
                  accessible={true}
                  focusable={true}
                  isTVSelectable={true}
                  onClick={[Function]}
                  onResponderGrant={[Function]}
                  onResponderMove={[Function]}
                  onResponderRelease={[Function]}
                  onResponderTerminate={[Function]}
                  onResponderTerminationRequest={[Function]}
                  onStartShouldSetResponder={[Function]}
                  style={
                    Object {
                      "alignItems": "center",
                      "justifyContent": "center",
                      "opacity": 1,
                    }
                  }
                >
                  <View
                    style={
                      Array [
                        Object {
                          "alignItems": "center",
                          "flexDirection": "row",
                          "justifyContent": "center",
                        },
                        false,
                      ]
                    }
                  >
                    <Text
                      style={
                        Array [
                          Object {
                            "alignItems": "center",
                            "color": "#8A94A6",
                            "fontFamily": "Roboto-Regular",
                            "fontSize": 14,
                            "fontWeight": "400",
                            "height": 22,
                            "justifyContent": "center",
                            "letterSpacing": 0.32,
                            "lineHeight": 22,
                            "paddingLeft": 12,
                            "paddingRight": 4,
                          },
                          false,
                          Object {
                            "color": "#007FFF",
                            "fontFamily": "Roboto-Medium",
                            "fontSize": 14,
                            "letterSpacing": 0.16,
                            "lineHeight": 22,
                          },
                          false,
                        ]
                      }
                    >
                      Open
                    </Text>
                    <Text
                      style={
                        Array [
                          Object {
                            "color": "#04142F",
                            "fontFamily": "Roboto-Regular",
                            "fontSize": 14,
                            "height": 22,
                            "letterSpacing": 0.48,
                            "lineHeight": 22,
                            "maxHeight": 22,
                            "minHeight": 22,
                          },
                          Object {
                            "color": "#007FFF",
                          },
                          Object {
                            "paddingRight": 12,
                          },
                        ]
                      }
                    >
                      0
                    </Text>
                  </View>
                </View>
                <View
                  accessible={true}
                  focusable={true}
                  isTVSelectable={true}
                  onClick={[Function]}
                  onResponderGrant={[Function]}
                  onResponderMove={[Function]}
                  onResponderRelease={[Function]}
                  onResponderTerminate={[Function]}
                  onResponderTerminationRequest={[Function]}
                  onStartShouldSetResponder={[Function]}
                  style={
                    Object {
                      "alignItems": "center",
                      "justifyContent": "center",
                      "opacity": 1,
                    }
                  }
                >
                  <View
                    style={
                      Array [
                        Object {
                          "alignItems": "center",
                          "flexDirection": "row",
                          "justifyContent": "center",
                        },
                        false,
                      ]
                    }
                  >
                    <Text
                      style={
                        Array [
                          Object {
                            "alignItems": "center",
                            "color": "#8A94A6",
                            "fontFamily": "Roboto-Regular",
                            "fontSize": 14,
                            "fontWeight": "400",
                            "height": 22,
                            "justifyContent": "center",
                            "letterSpacing": 0.32,
                            "lineHeight": 22,
                            "paddingLeft": 12,
                            "paddingRight": 4,
                          },
                          false,
                          false,
                          false,
                        ]
                      }
                    >
                      Done
                    </Text>
                    <Text
                      style={
                        Array [
                          Object {
                            "color": "#04142F",
                            "fontFamily": "Roboto-Regular",
                            "fontSize": 14,
                            "height": 22,
                            "letterSpacing": 0.48,
                            "lineHeight": 22,
                            "maxHeight": 22,
                            "minHeight": 22,
                          },
                          Object {
                            "color": "#8A94A6",
                          },
                          Object {
                            "paddingRight": 12,
                          },
                        ]
                      }
                    >
                      0
                    </Text>
                  </View>
                </View>
              </View>
            </View>
          </View>
        </View>
      </View>
    </View>
  </View>
</View>
`;

exports[`UserTasksHeader component UserTasksHeader empty snapshot test should render correctly for header with caption 1`] = `
<View
  style={
    Object {
      "width": "100%",
    }
  }
>
  <View
    style={
      Object {
        "alignItems": "stretch",
        "justifyContent": "center",
        "paddingBottom": 26,
        "paddingTop": 24,
        "width": "100%",
      }
    }
  >
    <View
      style={
        Array [
          Object {
            "backgroundColor": "#EBF5FF",
            "borderColor": "#C7E3FF",
            "borderRadius": 14,
            "borderWidth": 1,
            "elevation": 2,
            "paddingHorizontal": 10,
            "paddingVertical": 8,
            "shadowColor": "#04142F",
            "shadowOffset": Object {
              "height": 4,
              "width": 0,
            },
            "shadowOpacity": 0.08,
            "shadowRadius": 10,
            "width": "100%",
          },
          Object {
            "alignItems": "center",
            "flexDirection": "row",
          },
        ]
      }
    >
      <View
        style={
          Object {
            "alignItems": "center",
            "flex": 1,
            "flexDirection": "row",
            "justifyContent": "flex-start",
            "minWidth": 0,
          }
        }
      >
        <View
          style={
            Array [
              Object {
                "alignItems": "center",
                "flexDirection": "row",
                "justifyContent": "flex-start",
                "paddingHorizontal": 0,
                "paddingVertical": 0,
              },
              false,
            ]
          }
        >
          <View
            accessible={false}
            focusable={true}
            isTVSelectable={true}
            onClick={[Function]}
            onResponderGrant={[Function]}
            onResponderMove={[Function]}
            onResponderRelease={[Function]}
            onResponderTerminate={[Function]}
            onResponderTerminationRequest={[Function]}
            onStartShouldSetResponder={[Function]}
            style={
              Object {
                "alignItems": "center",
                "borderBottomColor": "transparent",
                "borderBottomWidth": 3,
                "height": 36,
                "justifyContent": "center",
                "marginHorizontal": 0,
                "opacity": 1,
                "paddingHorizontal": 8,
              }
            }
          >
            <Text
              style={
                Array [
                  Object {
                    "color": "#4E5D78",
                    "fontFamily": "Roboto-Medium",
                    "fontSize": 16,
                    "letterSpacing": 0.16,
                    "lineHeight": 24,
                  },
                  false,
                ]
              }
            >
              Tasks
            </Text>
          </View>
          <View
            accessible={false}
            focusable={true}
            isTVSelectable={true}
            onClick={[Function]}
            onResponderGrant={[Function]}
            onResponderMove={[Function]}
            onResponderRelease={[Function]}
            onResponderTerminate={[Function]}
            onResponderTerminationRequest={[Function]}
            onStartShouldSetResponder={[Function]}
            style={
              Object {
                "alignItems": "center",
                "borderBottomColor": "transparent",
                "borderBottomWidth": 3,
                "height": 36,
                "justifyContent": "center",
                "marginHorizontal": 0,
                "opacity": 1,
                "paddingHorizontal": 8,
              }
            }
          >
            <Text
              style={
                Array [
                  Object {
                    "color": "#4E5D78",
                    "fontFamily": "Roboto-Medium",
                    "fontSize": 16,
                    "letterSpacing": 0.16,
                    "lineHeight": 24,
                  },
                  false,
                ]
              }
            >
              Goals
            </Text>
          </View>
          <View
            accessible={false}
            focusable={true}
            isTVSelectable={true}
            onClick={[Function]}
            onResponderGrant={[Function]}
            onResponderMove={[Function]}
            onResponderRelease={[Function]}
            onResponderTerminate={[Function]}
            onResponderTerminationRequest={[Function]}
            onStartShouldSetResponder={[Function]}
            style={
              Object {
                "alignItems": "center",
                "borderBottomColor": "transparent",
                "borderBottomWidth": 3,
                "height": 36,
                "justifyContent": "center",
                "marginHorizontal": 0,
                "opacity": 1,
                "paddingHorizontal": 8,
              }
            }
          >
            <Text
              style={
                Array [
                  Object {
                    "color": "#4E5D78",
                    "fontFamily": "Roboto-Medium",
                    "fontSize": 16,
                    "letterSpacing": 0.16,
                    "lineHeight": 24,
                  },
                  false,
                ]
              }
            >
              Notes
            </Text>
          </View>
          <View
            accessible={false}
            focusable={true}
            isTVSelectable={true}
            onClick={[Function]}
            onResponderGrant={[Function]}
            onResponderMove={[Function]}
            onResponderRelease={[Function]}
            onResponderTerminate={[Function]}
            onResponderTerminationRequest={[Function]}
            onStartShouldSetResponder={[Function]}
            style={
              Object {
                "alignItems": "center",
                "borderBottomColor": "transparent",
                "borderBottomWidth": 3,
                "height": 36,
                "justifyContent": "center",
                "marginHorizontal": 0,
                "opacity": 1,
                "paddingHorizontal": 8,
              }
            }
          >
            <Text
              style={
                Array [
                  Object {
                    "color": "#4E5D78",
                    "fontFamily": "Roboto-Medium",
                    "fontSize": 16,
                    "letterSpacing": 0.16,
                    "lineHeight": 24,
                  },
                  false,
                ]
              }
            >
              Contacts
            </Text>
          </View>
          <View
            accessible={false}
            focusable={true}
            isTVSelectable={true}
            onClick={[Function]}
            onResponderGrant={[Function]}
            onResponderMove={[Function]}
            onResponderRelease={[Function]}
            onResponderTerminate={[Function]}
            onResponderTerminationRequest={[Function]}
            onStartShouldSetResponder={[Function]}
            style={
              Object {
                "alignItems": "center",
                "borderBottomColor": "transparent",
                "borderBottomWidth": 3,
                "height": 36,
                "justifyContent": "center",
                "marginHorizontal": 0,
                "opacity": 1,
                "paddingHorizontal": 8,
              }
            }
          >
            <Text
              style={
                Array [
                  Object {
                    "color": "#4E5D78",
                    "fontFamily": "Roboto-Medium",
                    "fontSize": 16,
                    "letterSpacing": 0.16,
                    "lineHeight": 24,
                  },
                  false,
                ]
              }
            >
              Chats
            </Text>
          </View>
        </View>
      </View>
      <View
        style={
          Object {
            "alignItems": "center",
            "flexDirection": "row",
            "marginLeft": 12,
          }
        }
      >
        <View
          style={
            Array [
              Object {
                "marginRight": 10,
              },
              Object {
                "marginRight": 6,
              },
            ]
          }
        >
          <View
            style={
              Object {
                "alignSelf": "center",
              }
            }
          >
            <View
              style={
                Object {
                  "alignSelf": "baseline",
                  "backgroundColor": "#E7ECEF",
                  "borderRadius": 14,
                  "flexDirection": "row",
                  "height": 26,
                  "overflow": "hidden",
                  "paddingBottom": 2,
                  "paddingLeft": 2,
                  "paddingRight": 2,
                  "paddingTop": 2,
                  "position": "relative",
                }
              }
            >
              <View
                style={
                  Object {
                    "backgroundColor": "#FAFBFB",
                    "borderRadius": 12,
                    "elevation": 3,
                    "height": 22,
                    "position": "absolute",
                    "shadowColor": "#8A94A6",
                    "shadowOffset": Object {
                      "height": 0,
                      "width": 0,
                    },
                    "shadowOpacity": 1,
                    "shadowRadius": 8,
                    "transform": Array [
                      Object {
                        "translateX": 0,
                      },
                    ],
                    "width": 0,
                  }
                }
              />
              <View
                style={
                  Object {
                    "alignItems": "center",
                    "flexDirection": "row",
                    "justifyContent": "center",
                  }
                }
              >
                <View
                  accessible={true}
                  focusable={true}
                  isTVSelectable={true}
                  onClick={[Function]}
                  onResponderGrant={[Function]}
                  onResponderMove={[Function]}
                  onResponderRelease={[Function]}
                  onResponderTerminate={[Function]}
                  onResponderTerminationRequest={[Function]}
                  onStartShouldSetResponder={[Function]}
                  style={
                    Object {
                      "alignItems": "center",
                      "justifyContent": "center",
                      "opacity": 1,
                    }
                  }
                >
                  <View
                    style={
                      Array [
                        Object {
                          "alignItems": "center",
                          "flexDirection": "row",
                          "justifyContent": "center",
                        },
                        false,
                      ]
                    }
                  >
                    <Text
                      style={
                        Array [
                          Object {
                            "alignItems": "center",
                            "color": "#8A94A6",
                            "fontFamily": "Roboto-Regular",
                            "fontSize": 14,
                            "fontWeight": "400",
                            "height": 22,
                            "justifyContent": "center",
                            "letterSpacing": 0.32,
                            "lineHeight": 22,
                            "paddingLeft": 12,
                            "paddingRight": 4,
                          },
                          false,
                          Object {
                            "color": "#007FFF",
                            "fontFamily": "Roboto-Medium",
                            "fontSize": 14,
                            "letterSpacing": 0.16,
                            "lineHeight": 22,
                          },
                          false,
                        ]
                      }
                    >
                      Open
                    </Text>
                    <Text
                      style={
                        Array [
                          Object {
                            "color": "#04142F",
                            "fontFamily": "Roboto-Regular",
                            "fontSize": 14,
                            "height": 22,
                            "letterSpacing": 0.48,
                            "lineHeight": 22,
                            "maxHeight": 22,
                            "minHeight": 22,
                          },
                          Object {
                            "color": "#007FFF",
                          },
                          Object {
                            "paddingRight": 12,
                          },
                        ]
                      }
                    >
                      0
                    </Text>
                  </View>
                </View>
                <View
                  accessible={true}
                  focusable={true}
                  isTVSelectable={true}
                  onClick={[Function]}
                  onResponderGrant={[Function]}
                  onResponderMove={[Function]}
                  onResponderRelease={[Function]}
                  onResponderTerminate={[Function]}
                  onResponderTerminationRequest={[Function]}
                  onStartShouldSetResponder={[Function]}
                  style={
                    Object {
                      "alignItems": "center",
                      "justifyContent": "center",
                      "opacity": 1,
                    }
                  }
                >
                  <View
                    style={
                      Array [
                        Object {
                          "alignItems": "center",
                          "flexDirection": "row",
                          "justifyContent": "center",
                        },
                        false,
                      ]
                    }
                  >
                    <Text
                      style={
                        Array [
                          Object {
                            "alignItems": "center",
                            "color": "#8A94A6",
                            "fontFamily": "Roboto-Regular",
                            "fontSize": 14,
                            "fontWeight": "400",
                            "height": 22,
                            "justifyContent": "center",
                            "letterSpacing": 0.32,
                            "lineHeight": 22,
                            "paddingLeft": 12,
                            "paddingRight": 4,
                          },
                          false,
                          false,
                          false,
                        ]
                      }
                    >
                      Done
                    </Text>
                    <Text
                      style={
                        Array [
                          Object {
                            "color": "#04142F",
                            "fontFamily": "Roboto-Regular",
                            "fontSize": 14,
                            "height": 22,
                            "letterSpacing": 0.48,
                            "lineHeight": 22,
                            "maxHeight": 22,
                            "minHeight": 22,
                          },
                          Object {
                            "color": "#8A94A6",
                          },
                          Object {
                            "paddingRight": 12,
                          },
                        ]
                      }
                    >
                      0
                    </Text>
                  </View>
                </View>
              </View>
            </View>
          </View>
        </View>
      </View>
    </View>
  </View>
</View>
`;
