// Jest Snapshot v1, https://jestjs.io/docs/snapshot-testing

exports[`Following component Following snapshot test should render correctly 1`] = `
<div
  className="css-view-g5y9jx r-alignItems-1awozwy r-flex-13awgt0 r-flexDirection-18u37iz r-minHeight-10gryf7 r-paddingBlock-11f147o r-paddingLeft-1j3zfw3"
  dir={null}
>
  <div
    className="css-view-g5y9jx"
    dir={null}
    style={
      {
        "marginRight": "11px",
      }
    }
  >
    <div
      className="css-view-g5y9jx"
      dir={null}
    >
      <div
        className="css-text-146c3p1"
        dir="auto"
        style={
          {
            "color": "rgba(138,148,166,1.00)",
            "fontFamily": "alldone",
            "fontSize": "24px",
            "opacity": 1,
          }
        }
      >
        
      </div>
    </div>
  </div>
  <div
    className="css-text-146c3p1"
    dir="auto"
    style={
      {
        "color": "rgba(138,148,166,1.00)",
        "fontFamily": "Roboto-Medium",
        "fontSize": "14px",
        "letterSpacing": "0.16px",
        "lineHeight": "22px",
      }
    }
  >
    Following
  </div>
  <div
    className="css-view-g5y9jx"
    dir={null}
    style={
      {
        "marginLeft": "auto",
      }
    }
  >
    <div
      className="css-view-g5y9jx r-alignItems-1awozwy r-flex-13awgt0 r-flexDirection-18u37iz"
      dir={null}
    >
      <div
        className="css-view-g5y9jx r-marginRight-1b7u577"
        dir={null}
      >
        <div
          className="css-text-146c3p1"
          dir="auto"
          style={
            {
              "color": "rgba(78,93,120,1.00)",
              "fontFamily": "Roboto-Regular",
              "fontSize": "16px",
              "letterSpacing": "0.32px",
              "lineHeight": "24px",
            }
          }
        >
          No
        </div>
      </div>
      <button
        className="css-view-g5y9jx"
        dir={null}
        role="button"
        style={
          {
            "overflowX": "hidden",
            "overflowY": "hidden",
          }
        }
        type="button"
      >
        <div
          className="css-view-g5y9jx"
          dir={null}
        >
          <div
            className="css-view-g5y9jx r-alignItems-1awozwy r-borderRadius-10jnvle r-borderWidth-rs99b7 r-flexDirection-18u37iz r-height-1472mwg r-paddingRight-rierb r-width-1mhb1uw"
            dir={null}
            style={
              {
                "backgroundColor": "rgba(231,236,239,1.00)",
                "borderBottomColor": "rgba(231,236,239,1.00)",
                "borderLeftColor": "rgba(231,236,239,1.00)",
                "borderRightColor": "rgba(231,236,239,1.00)",
                "borderTopColor": "rgba(231,236,239,1.00)",
                "paddingLeft": "1px",
              }
            }
          >
            <div
              className="css-view-g5y9jx r-backgroundColor-14lw9ot r-borderRadius-18c69zk r-height-z80fyv r-width-19wmn03"
              dir={null}
            />
          </div>
        </div>
      </button>
    </div>
  </div>
</div>
`;
