// Jest Snapshot v1, https://jestjs.io/docs/snapshot-testing

exports[`SelectProjectModal component SelectProjectModal snapshot test should render correctly 1`] = `
<div
  className="css-view-g5y9jx r-backgroundColor-nqymb2 r-borderRadius-z2wwpe r-boxShadow-v80qx2 r-flexDirection-eqz5dr r-paddingBlock-11f147o"
  dir={null}
  style={
    {
      "maxHeight": "537.5999999999999px",
      "maxWidth": "432px",
      "minWidth": "432px",
      "width": "432px",
    }
  }
>
  <div
    className="css-view-g5y9jx r-paddingInline-3pj75a"
    dir={null}
  >
    <div
      className="css-view-g5y9jx r-flexDirection-eqz5dr r-marginTop-knv0ih"
      dir={null}
    >
      <div
        className="css-text-146c3p1"
        dir="auto"
        style={
          {
            "color": "rgba(255,255,255,1.00)",
            "fontFamily": "Roboto-Medium",
            "fontSize": "18px",
            "lineHeight": "26px",
          }
        }
      >
        Move task
      </div>
      <div
        className="css-text-146c3p1"
        dir="auto"
        style={
          {
            "color": "rgba(138,148,166,1.00)",
            "fontFamily": "Roboto-Regular",
            "fontSize": "14px",
            "letterSpacing": "0.32px",
            "lineHeight": "22px",
          }
        }
      >
        Select the project this task will move to
      </div>
    </div>
    <div
      className="css-view-g5y9jx r-position-u8s1d r-right-3mc0re r-top-ipm5af"
      dir={null}
    >
      <button
        className="css-view-g5y9jx"
        dir={null}
        role="button"
        style={
          {
            "overflowX": "hidden",
            "overflowY": "hidden",
          }
        }
        type="button"
      >
        <div
          className="css-view-g5y9jx r-height-1472mwg r-width-lrsllp"
          dir={null}
          style={
            {
              "opacity": 1,
            }
          }
        >
          <div
            className="css-view-g5y9jx"
            dir={null}
          >
            <div
              className="css-text-146c3p1"
              dir="auto"
              style={
                {
                  "color": "rgba(138,148,166,1.00)",
                  "fontFamily": "alldone",
                  "fontSize": "24px",
                  "opacity": 1,
                }
              }
            >
              
            </div>
          </div>
        </div>
      </button>
    </div>
    <div
      className="css-view-g5y9jx"
      dir={null}
      style={
        {
          "marginTop": "20px",
        }
      }
    >
      <div
        className="css-view-g5y9jx r-alignItems-1awozwy r-flexDirection-18u37iz r-marginBottom-1ifxtd0"
        dir={null}
      >
        <div
          className="css-view-g5y9jx r-flex-13awgt0"
          dir={null}
        >
          <div
            className="css-view-g5y9jx r-transitionProperty-1i6wzkk r-userSelect-lrvibr r-cursor-1loqt21 r-touchAction-1otgn73 r-flex-13awgt0"
            dir={null}
            onClick={[Function]}
            onContextMenu={[Function]}
            onKeyDown={[Function]}
            style={
              {
                "transitionDuration": "0s",
              }
            }
            tabIndex="0"
          >
            <div
              className="css-text-146c3p1 r-fontFamily-1k9400p r-fontSize-1b43r93 r-height-1ugchlj r-letterSpacing-uz4sb0 r-lineHeight-hbpseb r-paddingBlock-kritb0 r-textAlign-q4m81j r-color-jwli3a"
              dir="auto"
            >
              Active
            </div>
            <div
              className="css-view-g5y9jx r-height-1hlnpa r-width-13qz1uu r-backgroundColor-1kq6gdg"
              dir={null}
            />
          </div>
          <div
            className="css-view-g5y9jx r-height-109y4c4 r-width-13qz1uu r-backgroundColor-1kq6gdg"
            dir={null}
          />
        </div>
        <div
          className="css-view-g5y9jx r-flex-13awgt0"
          dir={null}
        >
          <div
            className="css-view-g5y9jx r-transitionProperty-1i6wzkk r-userSelect-lrvibr r-cursor-1loqt21 r-touchAction-1otgn73 r-flex-13awgt0"
            dir={null}
            onClick={[Function]}
            onContextMenu={[Function]}
            onKeyDown={[Function]}
            style={
              {
                "transitionDuration": "0s",
              }
            }
            tabIndex="0"
          >
            <div
              className="css-text-146c3p1 r-color-hiecfz r-fontFamily-1k9400p r-fontSize-1b43r93 r-height-1ugchlj r-letterSpacing-uz4sb0 r-lineHeight-hbpseb r-paddingBlock-kritb0 r-textAlign-q4m81j"
              dir="auto"
            >
              Archived
            </div>
            <div
              className="css-view-g5y9jx r-height-1hlnpa r-width-13qz1uu"
              dir={null}
            />
          </div>
          <div
            className="css-view-g5y9jx r-backgroundColor-1ilzb06 r-height-109y4c4 r-width-13qz1uu"
            dir={null}
          />
        </div>
      </div>
    </div>
  </div>
  <div
    className="css-view-g5y9jx r-flex-13awgt0 r-flexDirection-eqz5dr r-paddingInline-is05cd"
    dir={null}
  >
    <div
      className="css-view-g5y9jx"
      dir={null}
      style={
        {
          "flex": 1,
        }
      }
    >
      <div
        className="css-view-g5y9jx r-WebkitOverflowScrolling-150rngu r-flexDirection-eqz5dr r-flexGrow-16y2uox r-flexShrink-1wbh5a2 r-overflowX-11yh6sk r-overflowY-1rnoaur r-transform-agouwx r-scrollbarWidth-2eszeu"
        dir={null}
        onScroll={[Function]}
        onTouchEnd={[Function]}
        onTouchMove={[Function]}
        onTouchStart={[Function]}
        onWheel={[Function]}
      >
        <div
          className="css-view-g5y9jx"
          dir={null}
        >
          <div
            className="css-view-g5y9jx r-alignItems-1awozwy r-paddingInline-is05cd r-paddingTop-fd4yh7 r-marginBottom-zd98yo"
            dir={null}
          >
            <div
              className="css-view-g5y9jx"
              dir={null}
            >
              <div
                className="css-text-146c3p1"
                dir="auto"
                style={
                  {
                    "color": "rgba(183,189,200,1.00)",
                    "fontFamily": "alldone",
                    "fontSize": "32px",
                    "opacity": 1,
                  }
                }
              >
                
              </div>
            </div>
            <div
              className="css-text-146c3p1 r-color-1e7q3sq r-fontFamily-1k9400p r-fontSize-adyw6z r-lineHeight-vrz42v r-marginTop-knv0ih r-textAlign-q4m81j"
              dir="auto"
            >
              There are not projects to show here.
            </div>
          </div>
        </div>
      </div>
    </div>
  </div>
</div>
`;
