// Jest Snapshot v1, https://jestjs.io/docs/snapshot-testing

exports[`StatusPicker component StatusPicker snapshot test should render correctly 1`] = `
<div
  className="css-view-g5y9jx r-boxShadow-v80qx2 r-flexDirection-eqz5dr"
  dir={null}
  style={
    {
      "maxHeight": "736px",
      "maxWidth": "432px",
      "minWidth": "432px",
      "width": "432px",
    }
  }
>
  <div
    className="css-view-g5y9jx"
    dir={null}
    style={
      {
        "flex": 1,
      }
    }
  >
    <div
      className="css-view-g5y9jx r-WebkitOverflowScrolling-150rngu r-flexDirection-eqz5dr r-flexGrow-16y2uox r-flexShrink-1wbh5a2 r-overflowX-11yh6sk r-overflowY-1rnoaur r-transform-agouwx r-scrollbarWidth-2eszeu"
      dir={null}
      onScroll={[Function]}
      onTouchEnd={[Function]}
      onTouchMove={[Function]}
      onTouchStart={[Function]}
      onWheel={[Function]}
    >
      <div
        className="css-view-g5y9jx"
        dir={null}
      >
        <div
          className="css-view-g5y9jx r-backgroundColor-nqymb2 r-borderRadius-z2wwpe r-flexDirection-eqz5dr"
          dir={null}
        >
          <div
            className="css-view-g5y9jx r-flexDirection-18u37iz r-paddingLeft-1qhn6m8 r-paddingRight-1pyaxff r-paddingTop-tskmnb"
            dir={null}
          >
            <div
              className="css-view-g5y9jx r-flexDirection-eqz5dr r-marginTop-knv0ih"
              dir={null}
            >
              <div
                className="css-text-146c3p1"
                dir="auto"
                style={
                  {
                    "color": "rgba(255,255,255,1.00)",
                    "fontFamily": "Roboto-Medium",
                    "fontSize": "18px",
                    "lineHeight": "26px",
                  }
                }
              >
                Task status
              </div>
              <div
                className="css-text-146c3p1"
                dir="auto"
                style={
                  {
                    "color": "rgba(138,148,166,1.00)",
                    "fontFamily": "Roboto-Regular",
                    "fontSize": "14px",
                    "letterSpacing": "0.32px",
                    "lineHeight": "22px",
                    "width": "273px",
                  }
                }
              >
                Choose a workflow step to move this task
              </div>
            </div>
          </div>
          <div
            className="css-view-g5y9jx r-marginTop-1x0uki6 r-paddingBottom-xd6kpl r-paddingInline-3pj75a"
            dir={null}
          >
            <div
              className="css-view-g5y9jx r-transitionProperty-1i6wzkk r-userSelect-lrvibr r-cursor-1loqt21 r-touchAction-1otgn73 r-alignItems-1awozwy r-flex-13awgt0 r-flexDirection-18u37iz r-height-eu3ka r-justifyContent-1wtj0ep"
              dir={null}
              onClick={[Function]}
              onContextMenu={[Function]}
              onKeyDown={[Function]}
              style={
                {
                  "transitionDuration": "0s",
                }
              }
              tabIndex="0"
            >
              <div
                className="css-view-g5y9jx r-alignItems-1awozwy r-flex-13awgt0 r-flexDirection-18u37iz r-height-eu3ka"
                dir={null}
              >
                <div
                  className="css-view-g5y9jx r-alignItems-1awozwy r-borderRadius-z2wwpe r-borderWidth-d045u9 r-height-z80fyv r-justifyContent-1777fci r-width-19wmn03"
                  dir={null}
                  style={
                    {
                      "borderBottomColor": "rgba(255,255,255,1.00)",
                      "borderLeftColor": "rgba(255,255,255,1.00)",
                      "borderRightColor": "rgba(255,255,255,1.00)",
                      "borderTopColor": "rgba(255,255,255,1.00)",
                    }
                  }
                />
                <div
                  className="css-text-146c3p1 r-maxWidth-dnmrzs r-overflow-1udh08x r-textOverflow-1udbk01 r-whiteSpace-3s2u2q r-wordWrap-1iln25a"
                  dir="auto"
                  style={
                    {
                      "color": "rgba(255,255,255,1.00)",
                      "fontFamily": "Roboto-Medium",
                      "fontSize": "16px",
                      "letterSpacing": "0.16px",
                      "lineHeight": "24px",
                      "marginLeft": "10px",
                    }
                  }
                >
                  Open
                </div>
              </div>
            </div>
            <div
              className="css-view-g5y9jx r-transitionProperty-1i6wzkk r-userSelect-lrvibr r-cursor-1loqt21 r-touchAction-1otgn73 r-alignItems-1awozwy r-flex-13awgt0 r-flexDirection-18u37iz r-height-eu3ka r-justifyContent-1wtj0ep"
              dir={null}
              onClick={[Function]}
              onContextMenu={[Function]}
              onKeyDown={[Function]}
              style={
                {
                  "transitionDuration": "0s",
                }
              }
              tabIndex="0"
            >
              <div
                className="css-view-g5y9jx r-alignItems-1awozwy r-flex-13awgt0 r-flexDirection-18u37iz r-height-eu3ka"
                dir={null}
              >
                <div
                  className="css-view-g5y9jx r-alignItems-1awozwy r-height-z80fyv r-justifyContent-1777fci r-width-19wmn03"
                  dir={null}
                >
                  <div
                    className="css-view-g5y9jx"
                    dir={null}
                  >
                    <div
                      className="css-text-146c3p1"
                      dir="auto"
                      style={
                        {
                          "color": "rgba(255,255,255,1.00)",
                          "fontFamily": "alldone",
                          "fontSize": "24px",
                          "opacity": 1,
                        }
                      }
                    >
                      
                    </div>
                  </div>
                </div>
                <div
                  className="css-text-146c3p1 r-maxWidth-dnmrzs r-overflow-1udh08x r-textOverflow-1udbk01 r-whiteSpace-3s2u2q r-wordWrap-1iln25a"
                  dir="auto"
                  style={
                    {
                      "color": "rgba(255,255,255,1.00)",
                      "fontFamily": "Roboto-Medium",
                      "fontSize": "16px",
                      "letterSpacing": "0.16px",
                      "lineHeight": "24px",
                      "marginLeft": "10px",
                    }
                  }
                >
                  Done
                </div>
              </div>
            </div>
          </div>
          <div
            className="css-view-g5y9jx r-position-u8s1d r-right-3mc0re r-top-1yxedwg"
            dir={null}
          >
            <button
              className="css-view-g5y9jx"
              dir={null}
              role="button"
              style={
                {
                  "overflowX": "hidden",
                  "overflowY": "hidden",
                }
              }
              type="button"
            >
              <div
                className="css-view-g5y9jx r-alignItems-1awozwy r-justifyContent-1777fci"
                dir={null}
                style={
                  {
                    "opacity": 1,
                  }
                }
              >
                <div
                  className="css-view-g5y9jx"
                  dir={null}
                >
                  <div
                    className="css-text-146c3p1"
                    dir="auto"
                    style={
                      {
                        "color": "rgba(138,148,166,1.00)",
                        "fontFamily": "alldone",
                        "fontSize": "24px",
                        "opacity": 1,
                      }
                    }
                  >
                    
                  </div>
                </div>
              </div>
            </button>
          </div>
        </div>
      </div>
    </div>
  </div>
</div>
`;
