// Jest Snapshot v1, https://goo.gl/fbAQLP

exports[`ProjectsSettings component ProjectsSettings snapshot test should render correctly 1`] = `
<View
  style={
    Object {
      "flex": 1,
    }
  }
>
  <View
    style={
      Object {
        "alignItems": "center",
        "flexDirection": "row",
        "height": 72,
        "justifyContent": "space-between",
        "maxHeight": 72,
        "paddingBottom": 12,
        "paddingTop": 32,
      }
    }
  >
    <View
      style={
        Object {
          "alignItems": "flex-end",
          "flexDirection": "row",
        }
      }
    >
      <Text
        style={
          Array [
            Object {
              "color": "#04142F",
              "fontFamily": "Roboto-Medium",
              "fontSize": 20,
              "lineHeight": 28,
            },
            Object {
              "color": "#04142F",
            },
          ]
        }
      >
        Projects
      </Text>
      <View
        style={
          Object {
            "height": 22,
            "justifyContent": "center",
            "marginLeft": 16,
          }
        }
      >
        <Text
          style={
            Array [
              Object {
                "color": "#04142F",
                "fontFamily": "Roboto-Regular",
                "fontSize": 12,
                "letterSpacing": 0.48,
                "lineHeight": 20,
              },
              Object {
                "color": "#4E5D78",
              },
            ]
          }
        >
          No projects yet
        </Text>
      </View>
      <View
        style={
          Object {
            "height": 28,
            "justifyContent": "center",
          }
        }
      >
        <View>
          <View
            accessible={false}
            focusable={true}
            isTVSelectable={true}
            onClick={[Function]}
            onResponderGrant={[Function]}
            onResponderMove={[Function]}
            onResponderRelease={[Function]}
            onResponderTerminate={[Function]}
            onResponderTerminationRequest={[Function]}
            onStartShouldSetResponder={[Function]}
            style={
              Object {
                "alignItems": "center",
                "alignSelf": "flex-start",
                "backgroundColor": "transparent",
                "borderColor": "#C6CDD2",
                "borderRadius": 4,
                "borderStyle": "solid",
                "borderWidth": 0,
                "flexDirection": "row",
                "flexWrap": "nowrap",
                "height": 40,
                "justifyContent": "center",
                "maxHeight": 20,
                "maxWidth": 20,
                "minHeight": 20,
                "opacity": 1,
                "paddingLeft": 8,
                "paddingRight": 8,
                "paddingVertical": 0,
              }
            }
          >
            <View>
              <Text
                style={
                  Object {
                    "color": "#8A94A6",
                    "fontFamily": "alldone",
                    "fontSize": 24,
                    "opacity": 1,
                  }
                }
              >
                
              </Text>
            </View>
          </View>
        </View>
      </View>
    </View>
    <View>
      <View>
        <View
          style={
            Object {
              "alignSelf": "baseline",
              "backgroundColor": "#E7ECEF",
              "borderRadius": 14,
              "flexDirection": "row",
              "height": 26,
              "overflow": "hidden",
              "paddingBottom": 2,
              "paddingLeft": 2,
              "paddingRight": 2,
              "paddingTop": 2,
              "position": "relative",
            }
          }
        >
          <View
            style={
              Object {
                "backgroundColor": "#FAFBFB",
                "borderRadius": 12,
                "elevation": 3,
                "height": 22,
                "position": "absolute",
                "shadowColor": "#8A94A6",
                "shadowOffset": Object {
                  "height": 0,
                  "width": 0,
                },
                "shadowOpacity": 1,
                "shadowRadius": 8,
                "transform": Array [
                  Object {
                    "translateX": 0,
                  },
                ],
                "width": 0,
              }
            }
          />
          <View
            style={
              Object {
                "alignItems": "center",
                "flexDirection": "row",
                "justifyContent": "center",
              }
            }
          >
            <View
              accessible={true}
              focusable={true}
              isTVSelectable={true}
              onClick={[Function]}
              onResponderGrant={[Function]}
              onResponderMove={[Function]}
              onResponderRelease={[Function]}
              onResponderTerminate={[Function]}
              onResponderTerminationRequest={[Function]}
              onStartShouldSetResponder={[Function]}
              style={
                Object {
                  "alignItems": "center",
                  "justifyContent": "center",
                  "opacity": 1,
                }
              }
            >
              <View
                style={
                  Array [
                    Object {
                      "alignItems": "center",
                      "flexDirection": "row",
                      "justifyContent": "center",
                    },
                    false,
                  ]
                }
              >
                <Text
                  style={
                    Array [
                      Object {
                        "alignItems": "center",
                        "color": "#8A94A6",
                        "fontFamily": "Roboto-Regular",
                        "fontSize": 14,
                        "fontWeight": "400",
                        "height": 22,
                        "justifyContent": "center",
                        "letterSpacing": 0.32,
                        "lineHeight": 22,
                        "paddingLeft": 12,
                        "paddingRight": 4,
                      },
                      Object {
                        "paddingRight": 12,
                      },
                      Object {
                        "color": "#007FFF",
                        "fontFamily": "Roboto-Medium",
                        "fontSize": 14,
                        "letterSpacing": 0.16,
                        "lineHeight": 22,
                      },
                      false,
                    ]
                  }
                >
                  Active
                </Text>
              </View>
            </View>
            <View
              accessible={true}
              focusable={true}
              isTVSelectable={true}
              onClick={[Function]}
              onResponderGrant={[Function]}
              onResponderMove={[Function]}
              onResponderRelease={[Function]}
              onResponderTerminate={[Function]}
              onResponderTerminationRequest={[Function]}
              onStartShouldSetResponder={[Function]}
              style={
                Object {
                  "alignItems": "center",
                  "justifyContent": "center",
                  "opacity": 1,
                }
              }
            >
              <View
                style={
                  Array [
                    Object {
                      "alignItems": "center",
                      "flexDirection": "row",
                      "justifyContent": "center",
                    },
                    false,
                  ]
                }
              >
                <Text
                  style={
                    Array [
                      Object {
                        "alignItems": "center",
                        "color": "#8A94A6",
                        "fontFamily": "Roboto-Regular",
                        "fontSize": 14,
                        "fontWeight": "400",
                        "height": 22,
                        "justifyContent": "center",
                        "letterSpacing": 0.32,
                        "lineHeight": 22,
                        "paddingLeft": 12,
                        "paddingRight": 4,
                      },
                      Object {
                        "paddingRight": 12,
                      },
                      false,
                      false,
                    ]
                  }
                >
                  Community
                </Text>
              </View>
            </View>
            <View
              accessible={true}
              focusable={true}
              isTVSelectable={true}
              onClick={[Function]}
              onResponderGrant={[Function]}
              onResponderMove={[Function]}
              onResponderRelease={[Function]}
              onResponderTerminate={[Function]}
              onResponderTerminationRequest={[Function]}
              onStartShouldSetResponder={[Function]}
              style={
                Object {
                  "alignItems": "center",
                  "justifyContent": "center",
                  "opacity": 1,
                }
              }
            >
              <View
                style={
                  Array [
                    Object {
                      "alignItems": "center",
                      "flexDirection": "row",
                      "justifyContent": "center",
                    },
                    false,
                  ]
                }
              >
                <Text
                  style={
                    Array [
                      Object {
                        "alignItems": "center",
                        "color": "#8A94A6",
                        "fontFamily": "Roboto-Regular",
                        "fontSize": 14,
                        "fontWeight": "400",
                        "height": 22,
                        "justifyContent": "center",
                        "letterSpacing": 0.32,
                        "lineHeight": 22,
                        "paddingLeft": 12,
                        "paddingRight": 4,
                      },
                      Object {
                        "paddingRight": 12,
                      },
                      false,
                      false,
                    ]
                  }
                >
                  Archived
                </Text>
              </View>
            </View>
          </View>
        </View>
      </View>
    </View>
  </View>
  <View
    style={
      Array [
        Object {
          "alignItems": "center",
          "flex": 1,
          "marginTop": 32,
        },
        undefined,
      ]
    }
  >
    <picture>
      <source
        srcSet={
          Object {
            "testUri": "../../../web/images/illustrations/Nothing-To-Show.webp",
          }
        }
        type="image/webp"
      />
      <source
        type="image/jxr"
      />
      <source
        type="image/jp2"
      />
      <source
        srcSet={
          Object {
            "testUri": "../../../web/images/illustrations/Nothing-To-Show.png",
          }
        }
        type="image/png"
      />
      <img
        alt="Ups, looks like there is nothing to show over here"
        src={
          Object {
            "testUri": "../../../web/images/illustrations/Nothing-To-Show.png",
          }
        }
        style={
          Object {
            "flex": 1,
            "maxWidth": 411,
            "width": "100%",
          }
        }
      />
    </picture>
    <View
      style={
        Array [
          Object {
            "marginHorizontal": 104,
            "marginTop": 32,
            "maxWidth": 700,
          },
          false,
          undefined,
        ]
      }
    >
      <Text
        style={
          Object {
            "color": "#4E5D78",
            "fontFamily": "Roboto-Medium",
            "fontSize": 24,
            "lineHeight": 32,
            "textAlign": "center",
          }
        }
      >
        Ups, looks like there is nothing to show over here
      </Text>
      <Text
        style={
          Object {
            "color": "#4E5D78",
            "fontFamily": "Roboto-Regular",
            "fontSize": 16,
            "letterSpacing": 0.32,
            "lineHeight": 24,
            "marginTop": 32,
            "textAlign": "center",
          }
        }
      >
        Try a different search criteria
      </Text>
    </View>
    <View
      style={
        Object {
          "flexDirection": "row",
          "justifyContent": "center",
          "marginTop": 16,
          "maxWidth": 700,
          "width": "100%",
        }
      }
    >
      <View
        accessible={false}
        focusable={true}
        isTVSelectable={true}
        onClick={[Function]}
        onResponderGrant={[Function]}
        onResponderMove={[Function]}
        onResponderRelease={[Function]}
        onResponderTerminate={[Function]}
        onResponderTerminationRequest={[Function]}
        onStartShouldSetResponder={[Function]}
        style={
          Object {
            "alignItems": "center",
            "alignSelf": "flex-start",
            "backgroundColor": "#0D55CF",
            "borderRadius": 4,
            "flexDirection": "row",
            "flexWrap": "nowrap",
            "height": 40,
            "justifyContent": "center",
            "maxHeight": 40,
            "minHeight": 40,
            "opacity": 1,
            "paddingLeft": 12,
            "paddingRight": 16,
            "paddingVertical": 8,
          }
        }
      >
        <View>
          <Text
            style={
              Object {
                "color": "#ffffff",
                "fontFamily": "alldone",
                "fontSize": 24,
                "opacity": 1,
              }
            }
          >
            
          </Text>
        </View>
        <Text
          numberOfLines={1}
          style={
            Array [
              Array [
                Object {
                  "alignSelf": "center",
                  "color": "#FFFFFF",
                  "flexWrap": "nowrap",
                  "fontFamily": "Roboto-Medium",
                  "fontSize": 14,
                  "letterSpacing": 0.8,
                  "lineHeight": 16,
                  "margin": 0,
                  "paddingHorizontal": 0,
                  "paddingVertical": 0,
                },
                Object {
                  "color": "#ffffff",
                },
                Object {},
              ],
              Object {
                "marginLeft": 12,
              },
            ]
          }
        >
          Search
        </Text>
      </View>
    </View>
  </View>
</View>
`;
