// Jest Snapshot v1, https://goo.gl/fbAQLP

exports[`AddProject component AddProject empty snapshot test should render correctly 1`] = `
<View
  accessible={true}
  focusable={true}
  isTVSelectable={true}
  onClick={[Function]}
  onResponderGrant={[Function]}
  onResponderMove={[Function]}
  onResponderRelease={[Function]}
  onResponderTerminate={[Function]}
  onResponderTerminationRequest={[Function]}
  onStartShouldSetResponder={[Function]}
  style={
    Object {
      "alignItems": "center",
      "flexDirection": "row",
      "height": 56,
      "opacity": 1,
      "paddingHorizontal": 24,
      "paddingLeft": 17,
    }
  }
>
  <View
    style={Object {}}
  >
    <Text
      style={
        Object {
          "color": "#B7BDC8",
          "fontFamily": "alldone",
          "fontSize": 22,
          "opacity": 1,
        }
      }
    >
      
    </Text>
  </View>
</View>
`;

exports[`AddProject component AddProject empty snapshot test should render correctly when the platform is web 1`] = `
<View
  accessible={true}
  focusable={true}
  isTVSelectable={true}
  onClick={[Function]}
  onResponderGrant={[Function]}
  onResponderMove={[Function]}
  onResponderRelease={[Function]}
  onResponderTerminate={[Function]}
  onResponderTerminationRequest={[Function]}
  onStartShouldSetResponder={[Function]}
  style={
    Object {
      "alignItems": "center",
      "flexDirection": "row",
      "height": 56,
      "opacity": 1,
      "paddingHorizontal": 24,
      "paddingLeft": 17,
    }
  }
>
  <View
    style={Object {}}
  >
    <Text
      style={
        Object {
          "color": "#B7BDC8",
          "fontFamily": "alldone",
          "fontSize": 22,
          "opacity": 1,
        }
      }
    >
      
    </Text>
  </View>
</View>
`;
