// Jest Snapshot v1, https://goo.gl/fbAQLP

exports[`ColorButton component ColorButton empty snapshot test should render correctly 1`] = `
<View
  accessible={false}
  focusable={true}
  isTVSelectable={true}
  onClick={[Function]}
  onResponderGrant={[Function]}
  onResponderMove={[Function]}
  onResponderRelease={[Function]}
  onResponderTerminate={[Function]}
  onResponderTerminationRequest={[Function]}
  onStartShouldSetResponder={[Function]}
  style={
    Object {
      "alignItems": "center",
      "backgroundColor": "#FAFBFB",
      "borderColor": "#C6CDD2",
      "borderRadius": 4,
      "borderWidth": 1,
      "flexDirection": "row",
      "height": 40,
      "justifyContent": "center",
      "opacity": 1,
      "paddingLeft": 12,
      "paddingRight": 16,
    }
  }
>
  <View
    style={
      Array [
        Object {
          "borderRadius": 100,
          "height": 16,
          "width": 16,
        },
        Object {
          "backgroundColor": "#47DEFF",
        },
      ]
    }
  />
  <Text
    style={
      Array [
        Object {
          "alignItems": "center",
          "fontFamily": "Roboto-Medium",
          "fontSize": 14,
          "letterSpacing": 0.8,
          "lineHeight": 14,
          "marginLeft": 12,
        },
        Object {
          "color": "#8A94A6",
        },
      ]
    }
  >
    Color
  </Text>
</View>
`;

exports[`ColorButton component ColorButton empty snapshot test should render correctly when platform is web 1`] = `
<View
  accessible={false}
  focusable={true}
  isTVSelectable={true}
  onClick={[Function]}
  onResponderGrant={[Function]}
  onResponderMove={[Function]}
  onResponderRelease={[Function]}
  onResponderTerminate={[Function]}
  onResponderTerminationRequest={[Function]}
  onStartShouldSetResponder={[Function]}
  style={
    Object {
      "alignItems": "center",
      "backgroundColor": "#FAFBFB",
      "borderColor": "#C6CDD2",
      "borderRadius": 4,
      "borderWidth": 1,
      "flexDirection": "row",
      "height": 40,
      "justifyContent": "center",
      "opacity": 1,
      "paddingLeft": 12,
      "paddingRight": 16,
    }
  }
>
  <View
    style={
      Array [
        Object {
          "borderRadius": 100,
          "height": 16,
          "width": 16,
        },
        Object {
          "backgroundColor": "#47DEFF",
        },
      ]
    }
  />
  <Text
    style={
      Array [
        Object {
          "alignItems": "center",
          "fontFamily": "Roboto-Medium",
          "fontSize": 14,
          "letterSpacing": 0.8,
          "lineHeight": 14,
          "marginLeft": 12,
        },
        Object {
          "color": "#8A94A6",
        },
      ]
    }
  >
    Color
  </Text>
</View>
`;
