// Jest Snapshot v1, https://goo.gl/fbAQLP

exports[`Icon component Icon snapshot test should render correctly 1`] = `
<div
  className="css-view-g5y9jx"
  dir={null}
>
  <div
    className="css-text-146c3p1"
    dir="auto"
    style={
      Object {
        "fontFamily": "alldone",
        "opacity": 1,
      }
    }
  />
</div>
`;

exports[`Icon component Icon with opacity animation snapshot test should render correctly 1`] = `
<div
  className="css-view-g5y9jx"
  dir={null}
>
  <div
    className="css-text-146c3p1"
    dir="auto"
    style={
      Object {
        "fontFamily": "alldone",
        "opacity": 1,
      }
    }
  />
</div>
`;
