// Jest Snapshot v1, https://jestjs.io/docs/snapshot-testing

exports[`LoadingScreen component LoadingScreen snapshot test should render correctly 1`] = `
<div
  className="css-view-g5y9jx r-alignContent-uia4a0 r-alignItems-1awozwy r-backgroundColor-14lw9ot r-flex-13awgt0 r-justifyContent-1777fci r-paddingInline-1ubuhtd"
  dir={null}
>
  <div
    className="css-view-g5y9jx r-alignItems-1awozwy r-borderRadius-gjgjzp r-justifyContent-1777fci"
    dir={null}
    style={
      {
        "backgroundColor": "rgba(231,236,239,1.00)",
        "height": "200px",
        "maxHeight": "200px",
        "maxWidth": "200px",
        "minHeight": "200px",
        "minWidth": "200px",
        "width": "200px",
      }
    }
  >
    <div
      className="css-view-g5y9jx"
      dir={null}
      style={
        {
          "transform": "rotate(0deg)",
        }
      }
    >
      <div
        className="css-view-g5y9jx"
        dir={null}
      >
        <div
          className="css-text-146c3p1"
          dir="auto"
          style={
            {
              "color": "rgba(0,127,255,1.00)",
              "fontFamily": "alldone",
              "fontSize": "150px",
              "opacity": 1,
            }
          }
        >
          
        </div>
      </div>
    </div>
  </div>
  <div
    className="css-text-146c3p1 r-fontFamily-k9x4vz r-fontSize-1ra0lkn r-textAlign-q4m81j"
    dir="auto"
    style={
      {
        "marginBottom": "30px",
        "paddingTop": "40px",
      }
    }
  />
  <ConnectionStatusChip
    belowHeader={true}
  />
</div>
`;
