// Jest Snapshot v1, https://goo.gl/fbAQLP

exports[`PrivacyButton component PrivacyButton empty snapshot test should render correctly 1`] = `
<RNGestureHandlerButton
  collapsable={false}
  onGestureEvent={[Function]}
  onGestureHandlerEvent={[Function]}
  onGestureHandlerStateChange={[Function]}
  onHandlerStateChange={[Function]}
  rippleColor={0}
  style={
    Array [
      Object {
        "overflow": "hidden",
      },
      undefined,
    ]
  }
>
  <View
    accessible={true}
    style={
      Object {
        "alignItems": "center",
        "backgroundColor": "#1A3289",
        "borderRadius": 4,
        "flexDirection": "row",
        "opacity": 1,
      }
    }
  >
    <View
      style={
        Object {
          "alignItems": "center",
          "flexDirection": "row",
          "height": 40,
          "paddingHorizontal": 10,
          "width": 40,
        }
      }
    >
      <View>
        <Text
          style={
            Object {
              "color": "#FAFBFB",
              "fontFamily": "alldone",
              "fontSize": 20,
              "opacity": 1,
            }
          }
        />
      </View>
    </View>
  </View>
</RNGestureHandlerButton>
`;

exports[`PrivacyButton component PrivacyButton empty snapshot test should render correctly when is web 1`] = `
<RNGestureHandlerButton
  collapsable={false}
  onGestureEvent={[Function]}
  onGestureHandlerEvent={[Function]}
  onGestureHandlerStateChange={[Function]}
  onHandlerStateChange={[Function]}
  rippleColor={0}
  style={
    Array [
      Object {
        "overflow": "hidden",
      },
      undefined,
    ]
  }
>
  <View
    accessible={true}
    style={
      Object {
        "alignItems": "center",
        "backgroundColor": "#1A3289",
        "borderRadius": 4,
        "flexDirection": "row",
        "opacity": 1,
      }
    }
  >
    <View
      style={
        Object {
          "alignItems": "center",
          "flexDirection": "row",
          "height": 40,
          "paddingHorizontal": 10,
          "width": 40,
        }
      }
    >
      <View>
        <Text
          style={
            Object {
              "color": "#FAFBFB",
              "fontFamily": "alldone",
              "fontSize": 20,
              "opacity": 1,
            }
          }
        />
      </View>
    </View>
  </View>
</RNGestureHandlerButton>
`;
