// Jest Snapshot v1, https://jestjs.io/docs/snapshot-testing

exports[`PrivacyButton component PrivacyButton empty snapshot test should render correctly 1`] = `
<button
  className="css-view-g5y9jx"
  dir={null}
  role="button"
  style={
    {
      "overflowX": "hidden",
      "overflowY": "hidden",
    }
  }
  type="button"
>
  <div
    className="css-view-g5y9jx r-alignItems-1awozwy r-backgroundColor-99ywz4 r-borderRadius-z2wwpe r-flexDirection-18u37iz"
    dir={null}
    style={
      {
        "opacity": 1,
      }
    }
  >
    <div
      className="css-view-g5y9jx r-alignItems-1awozwy r-flexDirection-18u37iz r-height-eu3ka r-paddingInline-1ubuhtd r-width-1aockid"
      dir={null}
    >
      <div
        className="css-view-g5y9jx"
        dir={null}
      >
        <div
          className="css-text-146c3p1"
          dir="auto"
          style={
            {
              "color": "rgba(250,251,251,1.00)",
              "fontFamily": "alldone",
              "fontSize": "20px",
              "opacity": 1,
            }
          }
        />
      </div>
    </div>
  </div>
</button>
`;

exports[`PrivacyButton component PrivacyButton empty snapshot test should render correctly when is web 1`] = `
<button
  className="css-view-g5y9jx"
  dir={null}
  role="button"
  style={
    {
      "overflowX": "hidden",
      "overflowY": "hidden",
    }
  }
  type="button"
>
  <div
    className="css-view-g5y9jx r-alignItems-1awozwy r-backgroundColor-99ywz4 r-borderRadius-z2wwpe r-flexDirection-18u37iz"
    dir={null}
    style={
      {
        "opacity": 1,
      }
    }
  >
    <div
      className="css-view-g5y9jx r-alignItems-1awozwy r-flexDirection-18u37iz r-height-eu3ka r-paddingInline-1ubuhtd r-width-1aockid"
      dir={null}
    >
      <div
        className="css-view-g5y9jx"
        dir={null}
      >
        <div
          className="css-text-146c3p1"
          dir="auto"
          style={
            {
              "color": "rgba(250,251,251,1.00)",
              "fontFamily": "alldone",
              "fontSize": "20px",
              "opacity": 1,
            }
          }
        />
      </div>
    </div>
  </div>
</button>
`;
