// Jest Snapshot v1, https://goo.gl/fbAQLP

exports[`SocialText component SocialText snapshot test should render correctly 1`] = `
<div
  className="css-text-146c3p1"
  dir="auto"
  style={
    Object {
      "flexDirection": "row",
      "verticalAlign": "middle",
    }
  }
>
  <div
    className="css-view-g5y9jx r-display-xoduu5 r-alignItems-1awozwy r-flexDirection-18u37iz"
    dir={null}
  />
</div>
`;
