// Jest Snapshot v1, https://goo.gl/fbAQLP

exports[`SocialTextInput component SocialTextInput snapshot test should render correctly 1`] = `
<View
  onLayout={[Function]}
  style={
    Object {
      "flexDirection": "row",
    }
  }
>
  <View
    style={
      Array [
        Object {
          "flex": 1,
        },
        Object {
          "borderColor": "#5AACFF",
          "borderRadius": 4,
          "borderWidth": 2,
          "minHeight": 40,
          "paddingHorizontal": 16,
        },
      ]
    }
  >
    <CustomTextInput3
      autoFocus={true}
      containerStyle={
        Array [
          Object {
            "height": 24,
            "paddingLeft": 0,
            "paddingRight": 0,
          },
          Object {
            "minWidth": 0,
          },
        ]
      }
      forceTriggerEnterActionForBreakLines={[Function]}
      horizontalScroll={true}
      initialMentions={Array []}
      initialTextExtended=" "
      onChangeText={[Function]}
      placeholder="Write the name of the task"
      setMentionsModalActive={[Function]}
      updateMentions={[Function]}
    />
  </View>
</View>
`;
