// Jest Snapshot v1, https://goo.gl/fbAQLP

exports[`Task DueDate Button component Task DueDate Button snapshot test should render correctly 1`] = `
<div
  className="css-view-g5y9jx r-transitionProperty-1i6wzkk r-userSelect-lrvibr r-cursor-1loqt21 r-touchAction-1otgn73 r-alignItems-1awozwy r-alignSelf-k200y r-borderRadius-z2wwpe r-flexDirection-18u37iz r-flexWrap-tzz3ar r-height-eu3ka r-justifyContent-1777fci r-maxHeight-yca7ao r-minHeight-ero68b r-paddingBlock-11f147o r-paddingLeft-f727ji r-paddingRight-i023vh r-backgroundColor-1niwhzg r-borderColor-ql2gnw r-borderStyle-1phboty r-borderWidth-rs99b7"
  dir={null}
  onClick={[Function]}
  onContextMenu={[Function]}
  onKeyDown={[Function]}
  style={
    Object {
      "transitionDuration": "0s",
    }
  }
  tabIndex="0"
>
  <div
    className="css-view-g5y9jx"
    dir={null}
  >
    <div
      className="css-text-146c3p1"
      dir="auto"
      style={
        Object {
          "color": "rgba(138,148,166,1.00)",
          "fontFamily": "alldone",
          "fontSize": "24px",
          "opacity": 1,
        }
      }
    >
      
    </div>
  </div>
  <div
    className="css-text-146c3p1 r-maxWidth-dnmrzs r-overflow-1udh08x r-textOverflow-1udbk01 r-whiteSpace-3s2u2q r-wordWrap-1iln25a r-alignSelf-1kihuf0 r-flexWrap-tzz3ar r-fontFamily-1k9400p r-fontSize-1b43r93 r-letterSpacing-1smd7e2 r-lineHeight-1cwl3u0 r-margin-crgep1 r-paddingBlock-1mkv55d r-paddingInline-1e084wi r-color-hiecfz"
    dir="auto"
    style={
      Object {
        "marginLeft": "12px",
      }
    }
  >
    Today
  </div>
</div>
`;
