// Jest Snapshot v1, https://goo.gl/fbAQLP

exports[`MultiToggleSwitch component MultiToggleSwitch empty snapshot test Should render correctly 1`] = `
<div
  className="css-view-g5y9jx"
  dir={null}
>
  <div
    className="css-view-g5y9jx r-alignSelf-1wv73ep r-backgroundColor-1v0ekwd r-borderRadius-t23y2h r-flexDirection-18u37iz r-height-1k25im9 r-overflow-1udh08x r-paddingBottom-l4nmg1 r-paddingLeft-nk90ef r-paddingRight-14q5wjw r-paddingTop-vmopo1 r-position-bnwqim"
    dir={null}
  >
    <div
      className="css-view-g5y9jx r-backgroundColor-1o3jrms r-borderRadius-1q9bdsx r-boxShadow-2on7lt r-height-18yzcnr r-position-u8s1d"
      dir={null}
      style={
        Object {
          "transform": "translateX(0px)",
          "width": "0px",
        }
      }
    />
    <div
      className="css-view-g5y9jx r-alignItems-1awozwy r-flexDirection-18u37iz r-justifyContent-1777fci"
      dir={null}
    >
      <div
        className="css-view-g5y9jx r-transitionProperty-1i6wzkk r-userSelect-lrvibr r-cursor-1loqt21 r-touchAction-1otgn73 r-alignItems-1awozwy r-justifyContent-1777fci"
        dir={null}
        onClick={[Function]}
        onContextMenu={[Function]}
        onKeyDown={[Function]}
        style={
          Object {
            "transitionDuration": "0s",
          }
        }
        tabIndex="0"
      >
        <div
          className="css-view-g5y9jx r-alignItems-1awozwy r-flexDirection-18u37iz r-justifyContent-1777fci"
          dir={null}
        >
          <div
            className="css-text-146c3p1 r-alignItems-1awozwy r-fontWeight-16dba41 r-height-18yzcnr r-justifyContent-1777fci r-paddingLeft-f727ji r-paddingRight-j2kj52 r-color-1q5n9ts r-fontFamily-1k9400p r-fontSize-1b43r93 r-letterSpacing-uz4sb0 r-lineHeight-hbpseb"
            dir="auto"
          >
            Open
          </div>
        </div>
      </div>
      <div
        className="css-view-g5y9jx r-transitionProperty-1i6wzkk r-userSelect-lrvibr r-cursor-1loqt21 r-touchAction-1otgn73 r-alignItems-1awozwy r-justifyContent-1777fci"
        dir={null}
        onClick={[Function]}
        onContextMenu={[Function]}
        onKeyDown={[Function]}
        style={
          Object {
            "transitionDuration": "0s",
          }
        }
        tabIndex="0"
      >
        <div
          className="css-view-g5y9jx r-alignItems-1awozwy r-flexDirection-18u37iz r-justifyContent-1777fci"
          dir={null}
        >
          <div
            className="css-text-146c3p1 r-alignItems-1awozwy r-color-hiecfz r-fontFamily-k9x4vz r-fontSize-1b43r93 r-fontWeight-16dba41 r-height-18yzcnr r-justifyContent-1777fci r-letterSpacing-1wudzfh r-lineHeight-hbpseb r-paddingLeft-f727ji r-paddingRight-j2kj52"
            dir="auto"
          >
            Pending
          </div>
        </div>
      </div>
      <div
        className="css-view-g5y9jx r-transitionProperty-1i6wzkk r-userSelect-lrvibr r-cursor-1loqt21 r-touchAction-1otgn73 r-alignItems-1awozwy r-justifyContent-1777fci"
        dir={null}
        onClick={[Function]}
        onContextMenu={[Function]}
        onKeyDown={[Function]}
        style={
          Object {
            "transitionDuration": "0s",
          }
        }
        tabIndex="0"
      >
        <div
          className="css-view-g5y9jx r-alignItems-1awozwy r-flexDirection-18u37iz r-justifyContent-1777fci"
          dir={null}
        >
          <div
            className="css-text-146c3p1 r-alignItems-1awozwy r-color-hiecfz r-fontFamily-k9x4vz r-fontSize-1b43r93 r-fontWeight-16dba41 r-height-18yzcnr r-justifyContent-1777fci r-letterSpacing-1wudzfh r-lineHeight-hbpseb r-paddingLeft-f727ji r-paddingRight-j2kj52"
            dir="auto"
          >
            Done
          </div>
        </div>
      </div>
    </div>
  </div>
</div>
`;
