// Jest Snapshot v1, https://goo.gl/fbAQLP

exports[`Indicator component Indicator snapshot test should render correctly 1`] = `
<div
  className="css-view-g5y9jx"
  dir={null}
>
  <div
    className="css-view-g5y9jx r-alignItems-1awozwy r-backgroundColor-14lw9ot r-flexDirection-18u37iz r-justifyContent-1777fci r-marginTop-jv1ppg r-paddingTop-vmopo1"
    dir={null}
  >
    <div
      className="css-text-146c3p1 r-color-hiecfz r-fontFamily-1k9400p r-fontSize-ubezar r-letterSpacing-uz4sb0 r-lineHeight-135wba7 r-paddingTop-vmopo1"
      dir="auto"
    >
      TASK
    </div>
    <div
      className="css-view-g5y9jx"
      dir={null}
      style={
        Object {
          "marginLeft": "14px",
        }
      }
    >
      <div
        className="css-view-g5y9jx"
        dir={null}
      >
        <div
          className="css-text-146c3p1"
          dir="auto"
          style={
            Object {
              "color": "rgba(138,148,166,1.00)",
              "fontFamily": "alldone",
              "fontSize": "20px",
              "opacity": 1,
            }
          }
        >
          
        </div>
      </div>
    </div>
  </div>
</div>
`;
