// Jest Snapshot v1, https://goo.gl/fbAQLP

exports[`TaskTitle component TaskTitle snapshot test should render correctly 1`] = `
<div
  className="css-view-g5y9jx r-flex-13awgt0 r-minHeight-adacv r-overflow-1udh08x"
  dir={null}
  style={
    Object {
      "maxHeight": "70px",
    }
  }
>
  <div
    className="css-view-g5y9jx r-backgroundColor-14lw9ot r-height-mabqd8"
    dir={null}
  />
  <div
    className="css-view-g5y9jx r-alignContent-e8mqni r-alignItems-1habvwh r-backgroundColor-14lw9ot r-flexDirection-18u37iz r-justifyContent-1h0z5md r-minHeight-15ysp7h r-overflow-1udh08x"
    dir={null}
    style={
      Object {
        "top": "0px",
      }
    }
  >
    <div
      className="css-view-g5y9jx r-pointerEvents-105ug2t"
      dir={null}
      style={
        Object {
          "flex": 1,
          "marginRight": "16px",
        }
      }
    >
      <div
        className="css-text-146c3p1"
        dir="auto"
      >
        dsa
      </div>
    </div>
  </div>
</div>
`;
