// Jest Snapshot v1, https://goo.gl/fbAQLP

exports[`ColorPickerModal component Should render correctly 1`] = `
<div
  className="css-view-g5y9jx r-backgroundColor-nqymb2 r-borderRadius-z2wwpe r-boxShadow-v80qx2 r-paddingBottom-xd6kpl r-paddingLeft-1qhn6m8 r-paddingRight-i023vh r-paddingTop-95jzfe r-width-1tecaoj"
  dir={null}
>
  <div
    className="css-view-g5y9jx"
    dir={null}
    style={
      Object {
        "marginBottom": "20px",
      }
    }
  >
    <div
      className="css-text-146c3p1"
      dir="auto"
      style={
        Object {
          "color": "rgba(255,255,255,1.00)",
          "fontFamily": "Roboto-Medium",
          "fontSize": "18px",
          "lineHeight": "26px",
        }
      }
    >
      Project color
    </div>
    <div
      className="css-text-146c3p1"
      dir="auto"
      style={
        Object {
          "color": "rgba(138,148,166,1.00)",
          "fontFamily": "Roboto-Regular",
          "fontSize": "14px",
          "letterSpacing": "0.32px",
          "lineHeight": "22px",
        }
      }
    >
      Select a color for your project
    </div>
  </div>
  <div
    className="css-view-g5y9jx r-flex-13awgt0"
    dir={null}
  >
    <div
      className="css-view-g5y9jx r-flexDirection-18u37iz r-justifyContent-1wtj0ep"
      dir={null}
    >
      <div
        className="css-view-g5y9jx"
        dir={null}
      >
        <button
          className="css-view-g5y9jx"
          dir={null}
          role="button"
          style={
            Object {
              "overflowX": "hidden",
              "overflowY": "hidden",
            }
          }
          type="button"
        >
          <div
            className="css-view-g5y9jx r-alignItems-1awozwy r-height-mabqd8 r-justifyContent-1777fci r-width-1yvhtrz"
            dir={null}
            style={
              Object {
                "opacity": 1,
              }
            }
          >
            <div
              className="css-view-g5y9jx r-alignItems-1awozwy r-height-mabqd8 r-justifyContent-1777fci r-width-1yvhtrz"
              dir={null}
            >
              <div
                className="css-view-g5y9jx r-alignItems-1awozwy r-flexDirection-18u37iz r-flexGrow-16y2uox"
                dir={null}
              >
                <div
                  className="css-view-g5y9jx"
                  dir={null}
                >
                  <div
                    className="css-text-146c3p1"
                    dir="auto"
                    style={
                      Object {
                        "color": "rgba(71,222,255,1.00)",
                        "fontFamily": "alldone",
                        "fontSize": "24px",
                        "opacity": 1,
                      }
                    }
                  >
                    
                  </div>
                </div>
              </div>
            </div>
          </div>
        </button>
      </div>
      <div
        className="css-view-g5y9jx"
        dir={null}
      >
        <button
          className="css-view-g5y9jx"
          dir={null}
          role="button"
          style={
            Object {
              "overflowX": "hidden",
              "overflowY": "hidden",
            }
          }
          type="button"
        >
          <div
            className="css-view-g5y9jx r-alignItems-1awozwy r-height-mabqd8 r-justifyContent-1777fci r-width-1yvhtrz"
            dir={null}
            style={
              Object {
                "opacity": 1,
              }
            }
          >
            <div
              className="css-view-g5y9jx r-alignItems-1awozwy r-height-mabqd8 r-justifyContent-1777fci r-width-1yvhtrz"
              dir={null}
            >
              <div
                className="css-view-g5y9jx r-alignItems-1awozwy r-flexDirection-18u37iz r-flexGrow-16y2uox"
                dir={null}
              >
                <div
                  className="css-view-g5y9jx"
                  dir={null}
                >
                  <div
                    className="css-text-146c3p1"
                    dir="auto"
                    style={
                      Object {
                        "color": "rgba(124,112,255,1.00)",
                        "fontFamily": "alldone",
                        "fontSize": "24px",
                        "opacity": 1,
                      }
                    }
                  >
                    
                  </div>
                </div>
              </div>
            </div>
          </div>
        </button>
      </div>
      <div
        className="css-view-g5y9jx"
        dir={null}
      >
        <button
          className="css-view-g5y9jx"
          dir={null}
          role="button"
          style={
            Object {
              "overflowX": "hidden",
              "overflowY": "hidden",
            }
          }
          type="button"
        >
          <div
            className="css-view-g5y9jx r-alignItems-1awozwy r-height-mabqd8 r-justifyContent-1777fci r-width-1yvhtrz"
            dir={null}
            style={
              Object {
                "opacity": 1,
              }
            }
          >
            <div
              className="css-view-g5y9jx r-alignItems-1awozwy r-height-mabqd8 r-justifyContent-1777fci r-width-1yvhtrz"
              dir={null}
            >
              <div
                className="css-view-g5y9jx r-alignItems-1awozwy r-flexDirection-18u37iz r-flexGrow-16y2uox"
                dir={null}
              >
                <div
                  className="css-view-g5y9jx"
                  dir={null}
                >
                  <div
                    className="css-text-146c3p1"
                    dir="auto"
                    style={
                      Object {
                        "color": "rgba(255,146,92,1.00)",
                        "fontFamily": "alldone",
                        "fontSize": "24px",
                        "opacity": 1,
                      }
                    }
                  >
                    
                  </div>
                </div>
              </div>
            </div>
          </div>
        </button>
      </div>
      <div
        className="css-view-g5y9jx"
        dir={null}
      >
        <button
          className="css-view-g5y9jx"
          dir={null}
          role="button"
          style={
            Object {
              "overflowX": "hidden",
              "overflowY": "hidden",
            }
          }
          type="button"
        >
          <div
            className="css-view-g5y9jx r-alignItems-1awozwy r-height-mabqd8 r-justifyContent-1777fci r-width-1yvhtrz"
            dir={null}
            style={
              Object {
                "opacity": 1,
              }
            }
          >
            <div
              className="css-view-g5y9jx r-alignItems-1awozwy r-height-mabqd8 r-justifyContent-1777fci r-width-1yvhtrz"
              dir={null}
            >
              <div
                className="css-view-g5y9jx r-alignItems-1awozwy r-flexDirection-18u37iz r-flexGrow-16y2uox"
                dir={null}
              >
                <div
                  className="css-view-g5y9jx"
                  dir={null}
                >
                  <div
                    className="css-text-146c3p1"
                    dir="auto"
                    style={
                      Object {
                        "color": "rgba(10,255,190,1.00)",
                        "fontFamily": "alldone",
                        "fontSize": "24px",
                        "opacity": 1,
                      }
                    }
                  >
                    
                  </div>
                </div>
              </div>
            </div>
          </div>
        </button>
      </div>
      <div
        className="css-view-g5y9jx"
        dir={null}
      >
        <button
          className="css-view-g5y9jx"
          dir={null}
          role="button"
          style={
            Object {
              "overflowX": "hidden",
              "overflowY": "hidden",
            }
          }
          type="button"
        >
          <div
            className="css-view-g5y9jx r-alignItems-1awozwy r-height-mabqd8 r-justifyContent-1777fci r-width-1yvhtrz"
            dir={null}
            style={
              Object {
                "opacity": 1,
              }
            }
          >
            <div
              className="css-view-g5y9jx r-alignItems-1awozwy r-height-mabqd8 r-justifyContent-1777fci r-width-1yvhtrz"
              dir={null}
            >
              <div
                className="css-view-g5y9jx r-alignItems-1awozwy r-flexDirection-18u37iz r-flexGrow-16y2uox"
                dir={null}
              >
                <div
                  className="css-view-g5y9jx"
                  dir={null}
                >
                  <div
                    className="css-text-146c3p1"
                    dir="auto"
                    style={
                      Object {
                        "color": "rgba(240,226,25,1.00)",
                        "fontFamily": "alldone",
                        "fontSize": "24px",
                        "opacity": 1,
                      }
                    }
                  >
                    
                  </div>
                </div>
              </div>
            </div>
          </div>
        </button>
      </div>
    </div>
    <div
      className="css-view-g5y9jx r-flexDirection-18u37iz r-justifyContent-1wtj0ep"
      dir={null}
      style={
        Object {
          "marginBottom": "12px",
          "marginTop": "19px",
        }
      }
    >
      <div
        className="css-view-g5y9jx"
        dir={null}
      >
        <button
          className="css-view-g5y9jx"
          dir={null}
          role="button"
          style={
            Object {
              "overflowX": "hidden",
              "overflowY": "hidden",
            }
          }
          type="button"
        >
          <div
            className="css-view-g5y9jx r-alignItems-1awozwy r-height-mabqd8 r-justifyContent-1777fci r-width-1yvhtrz"
            dir={null}
            style={
              Object {
                "opacity": 1,
              }
            }
          >
            <div
              className="css-view-g5y9jx r-alignItems-1awozwy r-height-mabqd8 r-justifyContent-1777fci r-width-1yvhtrz"
              dir={null}
            >
              <div
                className="css-view-g5y9jx r-alignItems-1awozwy r-flexDirection-18u37iz r-flexGrow-16y2uox"
                dir={null}
              >
                <div
                  className="css-view-g5y9jx"
                  dir={null}
                >
                  <div
                    className="css-text-146c3p1"
                    dir="auto"
                    style={
                      Object {
                        "color": "rgba(0,244,119,1.00)",
                        "fontFamily": "alldone",
                        "fontSize": "24px",
                        "opacity": 1,
                      }
                    }
                  >
                    
                  </div>
                </div>
              </div>
            </div>
          </div>
        </button>
      </div>
      <div
        className="css-view-g5y9jx"
        dir={null}
      >
        <button
          className="css-view-g5y9jx"
          dir={null}
          role="button"
          style={
            Object {
              "overflowX": "hidden",
              "overflowY": "hidden",
            }
          }
          type="button"
        >
          <div
            className="css-view-g5y9jx r-alignItems-1awozwy r-height-mabqd8 r-justifyContent-1777fci r-width-1yvhtrz"
            dir={null}
            style={
              Object {
                "opacity": 1,
              }
            }
          >
            <div
              className="css-view-g5y9jx r-alignItems-1awozwy r-height-mabqd8 r-justifyContent-1777fci r-width-1yvhtrz"
              dir={null}
            >
              <div
                className="css-view-g5y9jx r-alignItems-1awozwy r-flexDirection-18u37iz r-flexGrow-16y2uox"
                dir={null}
              >
                <div
                  className="css-view-g5y9jx"
                  dir={null}
                >
                  <div
                    className="css-text-146c3p1"
                    dir="auto"
                    style={
                      Object {
                        "color": "rgba(255,112,179,1.00)",
                        "fontFamily": "alldone",
                        "fontSize": "24px",
                        "opacity": 1,
                      }
                    }
                  >
                    
                  </div>
                </div>
              </div>
            </div>
          </div>
        </button>
      </div>
      <div
        className="css-view-g5y9jx"
        dir={null}
      >
        <button
          className="css-view-g5y9jx"
          dir={null}
          role="button"
          style={
            Object {
              "overflowX": "hidden",
              "overflowY": "hidden",
            }
          }
          type="button"
        >
          <div
            className="css-view-g5y9jx r-alignItems-1awozwy r-height-mabqd8 r-justifyContent-1777fci r-width-1yvhtrz"
            dir={null}
            style={
              Object {
                "opacity": 1,
              }
            }
          >
            <div
              className="css-view-g5y9jx r-alignItems-1awozwy r-height-mabqd8 r-justifyContent-1777fci r-width-1yvhtrz"
              dir={null}
            >
              <div
                className="css-view-g5y9jx r-alignItems-1awozwy r-flexDirection-18u37iz r-flexGrow-16y2uox"
                dir={null}
              >
                <div
                  className="css-view-g5y9jx"
                  dir={null}
                >
                  <div
                    className="css-text-146c3p1"
                    dir="auto"
                    style={
                      Object {
                        "color": "rgba(255,82,116,1.00)",
                        "fontFamily": "alldone",
                        "fontSize": "24px",
                        "opacity": 1,
                      }
                    }
                  >
                    
                  </div>
                </div>
              </div>
            </div>
          </div>
        </button>
      </div>
      <div
        className="css-view-g5y9jx"
        dir={null}
      >
        <button
          className="css-view-g5y9jx"
          dir={null}
          role="button"
          style={
            Object {
              "overflowX": "hidden",
              "overflowY": "hidden",
            }
          }
          type="button"
        >
          <div
            className="css-view-g5y9jx r-alignItems-1awozwy r-height-mabqd8 r-justifyContent-1777fci r-width-1yvhtrz"
            dir={null}
            style={
              Object {
                "opacity": 1,
              }
            }
          >
            <div
              className="css-view-g5y9jx r-alignItems-1awozwy r-height-mabqd8 r-justifyContent-1777fci r-width-1yvhtrz"
              dir={null}
            >
              <div
                className="css-view-g5y9jx r-alignItems-1awozwy r-flexDirection-18u37iz r-flexGrow-16y2uox"
                dir={null}
              >
                <div
                  className="css-view-g5y9jx"
                  dir={null}
                >
                  <div
                    className="css-text-146c3p1"
                    dir="auto"
                    style={
                      Object {
                        "color": "rgba(191,255,10,1.00)",
                        "fontFamily": "alldone",
                        "fontSize": "24px",
                        "opacity": 1,
                      }
                    }
                  >
                    
                  </div>
                </div>
              </div>
            </div>
          </div>
        </button>
      </div>
      <div
        className="css-view-g5y9jx"
        dir={null}
      >
        <button
          className="css-view-g5y9jx"
          dir={null}
          role="button"
          style={
            Object {
              "overflowX": "hidden",
              "overflowY": "hidden",
            }
          }
          type="button"
        >
          <div
            className="css-view-g5y9jx r-alignItems-1awozwy r-height-mabqd8 r-justifyContent-1777fci r-width-1yvhtrz"
            dir={null}
            style={
              Object {
                "opacity": 1,
              }
            }
          >
            <div
              className="css-view-g5y9jx r-alignItems-1awozwy r-height-mabqd8 r-justifyContent-1777fci r-width-1yvhtrz"
              dir={null}
            >
              <div
                className="css-view-g5y9jx r-alignItems-1awozwy r-flexDirection-18u37iz r-flexGrow-16y2uox"
                dir={null}
              >
                <div
                  className="css-view-g5y9jx"
                  dir={null}
                >
                  <div
                    className="css-text-146c3p1"
                    dir="auto"
                    style={
                      Object {
                        "color": "rgba(203,112,255,1.00)",
                        "fontFamily": "alldone",
                        "fontSize": "24px",
                        "opacity": 1,
                      }
                    }
                  >
                    
                  </div>
                </div>
              </div>
            </div>
          </div>
        </button>
      </div>
    </div>
  </div>
  <div
    className="css-view-g5y9jx r-position-u8s1d r-right-3mc0re r-top-1yxedwg"
    dir={null}
  >
    <button
      className="css-view-g5y9jx"
      dir={null}
      role="button"
      style={
        Object {
          "overflowX": "hidden",
          "overflowY": "hidden",
        }
      }
      type="button"
    >
      <div
        className="css-view-g5y9jx r-alignItems-1awozwy r-justifyContent-1777fci"
        dir={null}
        style={
          Object {
            "opacity": 1,
          }
        }
      >
        <div
          className="css-view-g5y9jx"
          dir={null}
        >
          <div
            className="css-text-146c3p1"
            dir="auto"
            style={
              Object {
                "color": "rgba(138,148,166,1.00)",
                "fontFamily": "alldone",
                "fontSize": "24px",
                "opacity": 1,
              }
            }
          >
            
          </div>
        </div>
      </div>
    </button>
  </div>
</div>
`;
