// Jest Snapshot v1, https://goo.gl/fbAQLP

exports[`ColorPickerModal component Should render correctly 1`] = `
<View
  style={
    Array [
      Object {
        "backgroundColor": "#091540",
        "borderRadius": 4,
        "elevation": 3,
        "paddingBottom": 8,
        "paddingLeft": 16,
        "paddingRight": 16,
        "paddingTop": 16,
        "shadowColor": "rgba(78, 93, 120, 0.56)",
        "shadowOffset": Object {
          "height": 4,
          "width": 0,
        },
        "shadowOpacity": 1,
        "shadowRadius": 16,
        "width": 272,
      },
      false,
    ]
  }
>
  <View
    style={
      Object {
        "marginBottom": 20,
      }
    }
  >
    <Text
      style={
        Array [
          Object {
            "color": "#04142F",
            "fontFamily": "Roboto-Medium",
            "fontSize": 18,
            "lineHeight": 26,
          },
          Object {
            "color": "#ffffff",
          },
        ]
      }
    >
      Project color
    </Text>
    <Text
      style={
        Array [
          Object {
            "color": "#04142F",
            "fontFamily": "Roboto-Regular",
            "fontSize": 14,
            "letterSpacing": 0.32,
            "lineHeight": 22,
          },
          Object {
            "color": "#8A94A6",
          },
        ]
      }
    >
      Select a color for your project
    </Text>
  </View>
  <View
    style={
      Object {
        "flex": 1,
      }
    }
  >
    <View
      style={
        Object {
          "flexDirection": "row",
          "justifyContent": "space-between",
        }
      }
    >
      <View>
        <RNGestureHandlerButton
          collapsable={false}
          onGestureEvent={[Function]}
          onGestureHandlerEvent={[Function]}
          onGestureHandlerStateChange={[Function]}
          onHandlerStateChange={[Function]}
          rippleColor={0}
          style={
            Array [
              Object {
                "overflow": "hidden",
              },
              undefined,
            ]
          }
        >
          <View
            accessible={true}
            style={
              Object {
                "alignItems": "center",
                "height": 32,
                "justifyContent": "center",
                "opacity": 1,
                "width": 32,
              }
            }
          >
            <View
              style={
                Object {
                  "alignItems": "center",
                  "height": 32,
                  "justifyContent": "center",
                  "width": 32,
                }
              }
            >
              <View
                style={
                  Object {
                    "alignItems": "center",
                    "flexDirection": "row",
                    "flexGrow": 1,
                  }
                }
              >
                <View>
                  <Text
                    style={
                      Object {
                        "color": "#47DEFF",
                        "fontFamily": "alldone",
                        "fontSize": 24,
                        "opacity": 1,
                      }
                    }
                  >
                    
                  </Text>
                </View>
              </View>
            </View>
          </View>
        </RNGestureHandlerButton>
      </View>
      <View>
        <RNGestureHandlerButton
          collapsable={false}
          onGestureEvent={[Function]}
          onGestureHandlerEvent={[Function]}
          onGestureHandlerStateChange={[Function]}
          onHandlerStateChange={[Function]}
          rippleColor={0}
          style={
            Array [
              Object {
                "overflow": "hidden",
              },
              undefined,
            ]
          }
        >
          <View
            accessible={true}
            style={
              Object {
                "alignItems": "center",
                "height": 32,
                "justifyContent": "center",
                "opacity": 1,
                "width": 32,
              }
            }
          >
            <View
              style={
                Object {
                  "alignItems": "center",
                  "height": 32,
                  "justifyContent": "center",
                  "width": 32,
                }
              }
            >
              <View
                style={
                  Object {
                    "alignItems": "center",
                    "flexDirection": "row",
                    "flexGrow": 1,
                  }
                }
              >
                <View>
                  <Text
                    style={
                      Object {
                        "color": "#7C70FF",
                        "fontFamily": "alldone",
                        "fontSize": 24,
                        "opacity": 1,
                      }
                    }
                  >
                    
                  </Text>
                </View>
              </View>
            </View>
          </View>
        </RNGestureHandlerButton>
      </View>
      <View>
        <RNGestureHandlerButton
          collapsable={false}
          onGestureEvent={[Function]}
          onGestureHandlerEvent={[Function]}
          onGestureHandlerStateChange={[Function]}
          onHandlerStateChange={[Function]}
          rippleColor={0}
          style={
            Array [
              Object {
                "overflow": "hidden",
              },
              undefined,
            ]
          }
        >
          <View
            accessible={true}
            style={
              Object {
                "alignItems": "center",
                "height": 32,
                "justifyContent": "center",
                "opacity": 1,
                "width": 32,
              }
            }
          >
            <View
              style={
                Object {
                  "alignItems": "center",
                  "height": 32,
                  "justifyContent": "center",
                  "width": 32,
                }
              }
            >
              <View
                style={
                  Object {
                    "alignItems": "center",
                    "flexDirection": "row",
                    "flexGrow": 1,
                  }
                }
              >
                <View>
                  <Text
                    style={
                      Object {
                        "color": "#FF925C",
                        "fontFamily": "alldone",
                        "fontSize": 24,
                        "opacity": 1,
                      }
                    }
                  >
                    
                  </Text>
                </View>
              </View>
            </View>
          </View>
        </RNGestureHandlerButton>
      </View>
      <View>
        <RNGestureHandlerButton
          collapsable={false}
          onGestureEvent={[Function]}
          onGestureHandlerEvent={[Function]}
          onGestureHandlerStateChange={[Function]}
          onHandlerStateChange={[Function]}
          rippleColor={0}
          style={
            Array [
              Object {
                "overflow": "hidden",
              },
              undefined,
            ]
          }
        >
          <View
            accessible={true}
            style={
              Object {
                "alignItems": "center",
                "height": 32,
                "justifyContent": "center",
                "opacity": 1,
                "width": 32,
              }
            }
          >
            <View
              style={
                Object {
                  "alignItems": "center",
                  "height": 32,
                  "justifyContent": "center",
                  "width": 32,
                }
              }
            >
              <View
                style={
                  Object {
                    "alignItems": "center",
                    "flexDirection": "row",
                    "flexGrow": 1,
                  }
                }
              >
                <View>
                  <Text
                    style={
                      Object {
                        "color": "#0AFFBE",
                        "fontFamily": "alldone",
                        "fontSize": 24,
                        "opacity": 1,
                      }
                    }
                  >
                    
                  </Text>
                </View>
              </View>
            </View>
          </View>
        </RNGestureHandlerButton>
      </View>
      <View>
        <RNGestureHandlerButton
          collapsable={false}
          onGestureEvent={[Function]}
          onGestureHandlerEvent={[Function]}
          onGestureHandlerStateChange={[Function]}
          onHandlerStateChange={[Function]}
          rippleColor={0}
          style={
            Array [
              Object {
                "overflow": "hidden",
              },
              undefined,
            ]
          }
        >
          <View
            accessible={true}
            style={
              Object {
                "alignItems": "center",
                "height": 32,
                "justifyContent": "center",
                "opacity": 1,
                "width": 32,
              }
            }
          >
            <View
              style={
                Object {
                  "alignItems": "center",
                  "height": 32,
                  "justifyContent": "center",
                  "width": 32,
                }
              }
            >
              <View
                style={
                  Object {
                    "alignItems": "center",
                    "flexDirection": "row",
                    "flexGrow": 1,
                  }
                }
              >
                <View>
                  <Text
                    style={
                      Object {
                        "color": "#F0E219",
                        "fontFamily": "alldone",
                        "fontSize": 24,
                        "opacity": 1,
                      }
                    }
                  >
                    
                  </Text>
                </View>
              </View>
            </View>
          </View>
        </RNGestureHandlerButton>
      </View>
    </View>
    <View
      style={
        Array [
          Object {
            "flexDirection": "row",
            "justifyContent": "space-between",
          },
          Object {
            "marginBottom": 12,
            "marginTop": 19,
          },
        ]
      }
    >
      <View>
        <RNGestureHandlerButton
          collapsable={false}
          onGestureEvent={[Function]}
          onGestureHandlerEvent={[Function]}
          onGestureHandlerStateChange={[Function]}
          onHandlerStateChange={[Function]}
          rippleColor={0}
          style={
            Array [
              Object {
                "overflow": "hidden",
              },
              undefined,
            ]
          }
        >
          <View
            accessible={true}
            style={
              Object {
                "alignItems": "center",
                "height": 32,
                "justifyContent": "center",
                "opacity": 1,
                "width": 32,
              }
            }
          >
            <View
              style={
                Object {
                  "alignItems": "center",
                  "height": 32,
                  "justifyContent": "center",
                  "width": 32,
                }
              }
            >
              <View
                style={
                  Object {
                    "alignItems": "center",
                    "flexDirection": "row",
                    "flexGrow": 1,
                  }
                }
              >
                <View>
                  <Text
                    style={
                      Object {
                        "color": "#00F477",
                        "fontFamily": "alldone",
                        "fontSize": 24,
                        "opacity": 1,
                      }
                    }
                  >
                    
                  </Text>
                </View>
              </View>
            </View>
          </View>
        </RNGestureHandlerButton>
      </View>
      <View>
        <RNGestureHandlerButton
          collapsable={false}
          onGestureEvent={[Function]}
          onGestureHandlerEvent={[Function]}
          onGestureHandlerStateChange={[Function]}
          onHandlerStateChange={[Function]}
          rippleColor={0}
          style={
            Array [
              Object {
                "overflow": "hidden",
              },
              undefined,
            ]
          }
        >
          <View
            accessible={true}
            style={
              Object {
                "alignItems": "center",
                "height": 32,
                "justifyContent": "center",
                "opacity": 1,
                "width": 32,
              }
            }
          >
            <View
              style={
                Object {
                  "alignItems": "center",
                  "height": 32,
                  "justifyContent": "center",
                  "width": 32,
                }
              }
            >
              <View
                style={
                  Object {
                    "alignItems": "center",
                    "flexDirection": "row",
                    "flexGrow": 1,
                  }
                }
              >
                <View>
                  <Text
                    style={
                      Object {
                        "color": "#FF70B3",
                        "fontFamily": "alldone",
                        "fontSize": 24,
                        "opacity": 1,
                      }
                    }
                  >
                    
                  </Text>
                </View>
              </View>
            </View>
          </View>
        </RNGestureHandlerButton>
      </View>
      <View>
        <RNGestureHandlerButton
          collapsable={false}
          onGestureEvent={[Function]}
          onGestureHandlerEvent={[Function]}
          onGestureHandlerStateChange={[Function]}
          onHandlerStateChange={[Function]}
          rippleColor={0}
          style={
            Array [
              Object {
                "overflow": "hidden",
              },
              undefined,
            ]
          }
        >
          <View
            accessible={true}
            style={
              Object {
                "alignItems": "center",
                "height": 32,
                "justifyContent": "center",
                "opacity": 1,
                "width": 32,
              }
            }
          >
            <View
              style={
                Object {
                  "alignItems": "center",
                  "height": 32,
                  "justifyContent": "center",
                  "width": 32,
                }
              }
            >
              <View
                style={
                  Object {
                    "alignItems": "center",
                    "flexDirection": "row",
                    "flexGrow": 1,
                  }
                }
              >
                <View>
                  <Text
                    style={
                      Object {
                        "color": "#FF5274",
                        "fontFamily": "alldone",
                        "fontSize": 24,
                        "opacity": 1,
                      }
                    }
                  >
                    
                  </Text>
                </View>
              </View>
            </View>
          </View>
        </RNGestureHandlerButton>
      </View>
      <View>
        <RNGestureHandlerButton
          collapsable={false}
          onGestureEvent={[Function]}
          onGestureHandlerEvent={[Function]}
          onGestureHandlerStateChange={[Function]}
          onHandlerStateChange={[Function]}
          rippleColor={0}
          style={
            Array [
              Object {
                "overflow": "hidden",
              },
              undefined,
            ]
          }
        >
          <View
            accessible={true}
            style={
              Object {
                "alignItems": "center",
                "height": 32,
                "justifyContent": "center",
                "opacity": 1,
                "width": 32,
              }
            }
          >
            <View
              style={
                Object {
                  "alignItems": "center",
                  "height": 32,
                  "justifyContent": "center",
                  "width": 32,
                }
              }
            >
              <View
                style={
                  Object {
                    "alignItems": "center",
                    "flexDirection": "row",
                    "flexGrow": 1,
                  }
                }
              >
                <View>
                  <Text
                    style={
                      Object {
                        "color": "#BFFF0A",
                        "fontFamily": "alldone",
                        "fontSize": 24,
                        "opacity": 1,
                      }
                    }
                  >
                    
                  </Text>
                </View>
              </View>
            </View>
          </View>
        </RNGestureHandlerButton>
      </View>
      <View>
        <RNGestureHandlerButton
          collapsable={false}
          onGestureEvent={[Function]}
          onGestureHandlerEvent={[Function]}
          onGestureHandlerStateChange={[Function]}
          onHandlerStateChange={[Function]}
          rippleColor={0}
          style={
            Array [
              Object {
                "overflow": "hidden",
              },
              undefined,
            ]
          }
        >
          <View
            accessible={true}
            style={
              Object {
                "alignItems": "center",
                "height": 32,
                "justifyContent": "center",
                "opacity": 1,
                "width": 32,
              }
            }
          >
            <View
              style={
                Object {
                  "alignItems": "center",
                  "height": 32,
                  "justifyContent": "center",
                  "width": 32,
                }
              }
            >
              <View
                style={
                  Object {
                    "alignItems": "center",
                    "flexDirection": "row",
                    "flexGrow": 1,
                  }
                }
              >
                <View>
                  <Text
                    style={
                      Object {
                        "color": "#CB70FF",
                        "fontFamily": "alldone",
                        "fontSize": 24,
                        "opacity": 1,
                      }
                    }
                  >
                    
                  </Text>
                </View>
              </View>
            </View>
          </View>
        </RNGestureHandlerButton>
      </View>
    </View>
  </View>
  <View
    style={
      Object {
        "position": "absolute",
        "right": 8,
        "top": 8,
      }
    }
  >
    <RNGestureHandlerButton
      collapsable={false}
      onGestureEvent={[Function]}
      onGestureHandlerEvent={[Function]}
      onGestureHandlerStateChange={[Function]}
      onHandlerStateChange={[Function]}
      rippleColor={0}
      style={
        Array [
          Object {
            "overflow": "hidden",
          },
          undefined,
        ]
      }
    >
      <View
        accessible={true}
        style={
          Object {
            "alignItems": "center",
            "justifyContent": "center",
            "opacity": 1,
          }
        }
      >
        <View>
          <Text
            style={
              Object {
                "color": "#8A94A6",
                "fontFamily": "alldone",
                "fontSize": 24,
                "opacity": 1,
              }
            }
          >
            
          </Text>
        </View>
      </View>
    </RNGestureHandlerButton>
  </View>
</View>
`;
