// Jest Snapshot v1, https://jestjs.io/docs/snapshot-testing

exports[`DueDateCalendarModal component DueDateCalendarModal snapshot test Should render correctly 1`] = `
<div
  className="css-view-g5y9jx r-marginTop-ymp9ed"
  dir={null}
>
  <Calendar
    current="2019-04-22"
    dayComponent={[Function]}
    markedDates={
      {
        "2019-04-22": {
          "customStyles": {
            "container": {
              "backgroundColor": "#091540",
              "borderColor": "#0C66FF",
              "borderRadius": 4,
              "borderWidth": 2,
              "height": 32,
              "padding": 4,
              "width": 32,
            },
            "text": {
              "marginTop": 0,
            },
          },
          "marked": true,
          "selected": false,
        },
      }
    }
    markingType="custom"
    minDate="2019-04-22"
    renderArrow={[Function]}
    style={
      {
        "marginLeft": 16,
        "marginRight": 16,
        "paddingLeft": 0,
        "paddingRight": 0,
      }
    }
    theme={
      {
        "arrowColor": "orange",
        "backgroundColor": "#091540",
        "calendarBackground": "#091540",
        "dayTextColor": "#8A94A6",
        "disabledArrowColor": "#d9e1e8",
        "dotColor": "#00adf5",
        "indicatorColor": "blue",
        "monthTextColor": "white",
        "selectedDayBackgroundColor": "#00adf5",
        "selectedDayTextColor": "#ffffff",
        "selectedDotColor": "#ffffff",
        "stylesheet.calendar.header": {
          "header": {
            "alignItems": "center",
            "flexDirection": "row",
            "justifyContent": "space-between",
            "marginTop": 0,
            "paddingHorizontal": 0,
            "paddingVertical": 0,
          },
          "week": {
            "borderBottomColor": "rgba(255,255,255,0.2)",
            "borderBottomWidth": 1,
            "flexDirection": "row",
            "justifyContent": "space-between",
            "marginHorizontal": 0,
            "marginTop": 5,
            "paddingBottom": 4,
            "paddingHorizontal": 0,
            "paddingTop": 12,
          },
        },
        "stylesheet.calendar.main": {
          "week": {
            "flexDirection": "row",
            "justifyContent": "space-around",
            "marginBottom": 7,
            "marginHorizontal": -4,
            "marginTop": 7,
          },
        },
        "textDayFontFamily": "Roboto-Regular",
        "textDayFontSize": 16,
        "textDayFontWeight": "300",
        "textDayHeaderFontFamily": "Roboto-Regular",
        "textDayHeaderFontSize": 11,
        "textDayHeaderFontWeight": "normal",
        "textDisabledColor": "#4E5D78",
        "textMonthFontFamily": "Roboto-Medium",
        "textMonthFontSize": 16,
        "textMonthFontWeight": "500",
        "textSectionTitleColor": "#8A94A6",
        "todayTextColor": "white",
      }
    }
  />
</div>
`;
