// Jest Snapshot v1, https://jestjs.io/docs/snapshot-testing

exports[`RecurrenceModal component Should render correctly 1`] = `
<div
  className="css-view-g5y9jx r-backgroundColor-nqymb2 r-borderRadius-z2wwpe r-boxShadow-v80qx2 r-overflow-bztko3 r-paddingBottom-xd6kpl r-paddingTop-95jzfe"
  dir={null}
  style={
    {
      "maxHeight": "736px",
      "maxWidth": "432px",
      "minWidth": "432px",
      "width": "432px",
    }
  }
>
  <div
    className="css-view-g5y9jx"
    dir={null}
    style={
      {
        "flex": 1,
      }
    }
  >
    <div
      className="css-view-g5y9jx r-WebkitOverflowScrolling-150rngu r-flexDirection-eqz5dr r-flexGrow-16y2uox r-flexShrink-1wbh5a2 r-overflowX-11yh6sk r-overflowY-1rnoaur r-transform-agouwx r-scrollbarWidth-2eszeu"
      dir={null}
      onScroll={[Function]}
      onTouchEnd={[Function]}
      onTouchMove={[Function]}
      onTouchStart={[Function]}
      onWheel={[Function]}
    >
      <div
        className="css-view-g5y9jx"
        dir={null}
      >
        <div
          className="css-view-g5y9jx r-marginBottom-117bsoe r-paddingLeft-1qhn6m8 r-paddingRight-i023vh"
          dir={null}
        >
          <div
            className="css-text-146c3p1"
            dir="auto"
            style={
              {
                "color": "rgba(255,255,255,1.00)",
                "fontFamily": "Roboto-Medium",
                "fontSize": "18px",
                "lineHeight": "26px",
              }
            }
          >
            Recurring
          </div>
          <div
            className="css-text-146c3p1"
            dir="auto"
            style={
              {
                "color": "rgba(138,148,166,1.00)",
                "fontFamily": "Roboto-Regular",
                "fontSize": "14px",
                "letterSpacing": "0.32px",
                "lineHeight": "22px",
              }
            }
          >
            Select the recurrence for this task
          </div>
        </div>
        <div
          className="css-view-g5y9jx r-flex-13awgt0 r-justifyContent-a2tzq0 r-overflow-bztko3 r-paddingLeft-1qhn6m8 r-paddingRight-i023vh"
          dir={null}
        >
          <div
            className="css-view-g5y9jx"
            dir={null}
          >
            <button
              className="css-view-g5y9jx"
              dir={null}
              role="button"
              style={
                {
                  "overflowX": "hidden",
                  "overflowY": "hidden",
                }
              }
              type="button"
            >
              <div
                className="css-view-g5y9jx r-alignItems-1awozwy r-flex-13awgt0 r-flexDirection-18u37iz r-height-eu3ka r-overflow-bztko3"
                dir={null}
                style={
                  {
                    "opacity": 1,
                  }
                }
              >
                <div
                  className="css-view-g5y9jx r-alignItems-1awozwy r-flex-13awgt0 r-flexDirection-18u37iz r-height-eu3ka r-overflow-bztko3"
                  dir={null}
                >
                  <div
                    className="css-view-g5y9jx r-flexDirection-18u37iz r-flexGrow-16y2uox"
                    dir={null}
                  >
                    <div
                      className="css-text-146c3p1"
                      dir="auto"
                      style={
                        {
                          "color": "rgba(255,255,255,1.00)",
                          "fontFamily": "Roboto-Medium",
                          "fontSize": "16px",
                          "letterSpacing": "0.16px",
                          "lineHeight": "24px",
                        }
                      }
                    >
                      Never
                    </div>
                  </div>
                  <div
                    className="css-view-g5y9jx r-justifyContent-17s6mgv"
                    dir={null}
                  >
                    <div
                      className="css-view-g5y9jx r-alignItems-1awozwy r-flexDirection-18u37iz r-justifyContent-1777fci"
                      dir={null}
                    >
                      <div
                        className="css-view-g5y9jx r-alignItems-1awozwy r-backgroundColor-nqymb2 r-borderRadius-z2wwpe r-flexDirection-18u37iz r-justifyContent-1777fci r-minHeight-sgkdzr r-minWidth-285fr0 r-paddingBlock-1559e4e r-paddingInline-n7gxbd r-borderColor-t1myqv r-borderWidth-rs99b7"
                        dir={null}
                      >
                        <div
                          className="css-text-146c3p1 r-fontFamily-1k9400p r-fontSize-1enofrn r-letterSpacing-3da313 r-lineHeight-56xrmm r-color-hiecfz"
                          dir="auto"
                        >
                          0
                        </div>
                      </div>
                    </div>
                  </div>
                </div>
              </div>
            </button>
          </div>
        </div>
        <div
          className="css-view-g5y9jx r-backgroundColor-14lw9ot r-height-109y4c4 r-marginBlock-bx70bn r-opacity-1oec5bt r-width-13qz1uu"
          dir={null}
        />
        <div
          className="css-view-g5y9jx r-flex-13awgt0 r-justifyContent-a2tzq0 r-overflow-bztko3 r-paddingLeft-1qhn6m8 r-paddingRight-i023vh"
          dir={null}
        >
          <div
            className="css-view-g5y9jx"
            dir={null}
          >
            <button
              className="css-view-g5y9jx"
              dir={null}
              role="button"
              style={
                {
                  "overflowX": "hidden",
                  "overflowY": "hidden",
                }
              }
              type="button"
            >
              <div
                className="css-view-g5y9jx r-alignItems-1awozwy r-flex-13awgt0 r-flexDirection-18u37iz r-height-eu3ka r-overflow-bztko3"
                dir={null}
                style={
                  {
                    "opacity": 1,
                  }
                }
              >
                <div
                  className="css-view-g5y9jx r-alignItems-1awozwy r-flex-13awgt0 r-flexDirection-18u37iz r-height-eu3ka r-overflow-bztko3"
                  dir={null}
                >
                  <div
                    className="css-view-g5y9jx r-flexDirection-18u37iz r-flexGrow-16y2uox"
                    dir={null}
                  >
                    <div
                      className="css-text-146c3p1"
                      dir="auto"
                      style={
                        {
                          "color": "rgba(255,255,255,1.00)",
                          "fontFamily": "Roboto-Medium",
                          "fontSize": "16px",
                          "letterSpacing": "0.16px",
                          "lineHeight": "24px",
                        }
                      }
                    >
                      Daily
                    </div>
                  </div>
                  <div
                    className="css-view-g5y9jx r-justifyContent-17s6mgv"
                    dir={null}
                  >
                    <div
                      className="css-view-g5y9jx r-alignItems-1awozwy r-flexDirection-18u37iz r-justifyContent-1777fci"
                      dir={null}
                    >
                      <div
                        className="css-view-g5y9jx r-alignItems-1awozwy r-backgroundColor-nqymb2 r-borderRadius-z2wwpe r-flexDirection-18u37iz r-justifyContent-1777fci r-minHeight-sgkdzr r-minWidth-285fr0 r-paddingBlock-1559e4e r-paddingInline-n7gxbd r-borderColor-t1myqv r-borderWidth-rs99b7"
                        dir={null}
                      >
                        <div
                          className="css-text-146c3p1 r-fontFamily-1k9400p r-fontSize-1enofrn r-letterSpacing-3da313 r-lineHeight-56xrmm r-color-hiecfz"
                          dir="auto"
                        >
                          1
                        </div>
                      </div>
                    </div>
                  </div>
                </div>
              </div>
            </button>
          </div>
          <div
            className="css-view-g5y9jx"
            dir={null}
          >
            <button
              className="css-view-g5y9jx"
              dir={null}
              role="button"
              style={
                {
                  "overflowX": "hidden",
                  "overflowY": "hidden",
                }
              }
              type="button"
            >
              <div
                className="css-view-g5y9jx r-alignItems-1awozwy r-flex-13awgt0 r-flexDirection-18u37iz r-height-eu3ka r-overflow-bztko3"
                dir={null}
                style={
                  {
                    "opacity": 1,
                  }
                }
              >
                <div
                  className="css-view-g5y9jx r-alignItems-1awozwy r-flex-13awgt0 r-flexDirection-18u37iz r-height-eu3ka r-overflow-bztko3"
                  dir={null}
                >
                  <div
                    className="css-view-g5y9jx r-flexDirection-18u37iz r-flexGrow-16y2uox"
                    dir={null}
                  >
                    <div
                      className="css-text-146c3p1"
                      dir="auto"
                      style={
                        {
                          "color": "rgba(255,255,255,1.00)",
                          "fontFamily": "Roboto-Medium",
                          "fontSize": "16px",
                          "letterSpacing": "0.16px",
                          "lineHeight": "24px",
                        }
                      }
                    >
                      Every workday (Mo-Fr)
                    </div>
                  </div>
                  <div
                    className="css-view-g5y9jx r-justifyContent-17s6mgv"
                    dir={null}
                  >
                    <div
                      className="css-view-g5y9jx r-alignItems-1awozwy r-flexDirection-18u37iz r-justifyContent-1777fci"
                      dir={null}
                    >
                      <div
                        className="css-view-g5y9jx r-alignItems-1awozwy r-backgroundColor-nqymb2 r-borderRadius-z2wwpe r-flexDirection-18u37iz r-justifyContent-1777fci r-minHeight-sgkdzr r-minWidth-285fr0 r-paddingBlock-1559e4e r-paddingInline-n7gxbd r-borderColor-t1myqv r-borderWidth-rs99b7"
                        dir={null}
                      >
                        <div
                          className="css-text-146c3p1 r-fontFamily-1k9400p r-fontSize-1enofrn r-letterSpacing-3da313 r-lineHeight-56xrmm r-color-hiecfz"
                          dir="auto"
                        >
                          2
                        </div>
                      </div>
                    </div>
                  </div>
                </div>
              </div>
            </button>
          </div>
          <div
            className="css-view-g5y9jx"
            dir={null}
          >
            <button
              className="css-view-g5y9jx"
              dir={null}
              role="button"
              style={
                {
                  "overflowX": "hidden",
                  "overflowY": "hidden",
                }
              }
              type="button"
            >
              <div
                className="css-view-g5y9jx r-alignItems-1awozwy r-flex-13awgt0 r-flexDirection-18u37iz r-height-eu3ka r-overflow-bztko3"
                dir={null}
                style={
                  {
                    "opacity": 1,
                  }
                }
              >
                <div
                  className="css-view-g5y9jx r-alignItems-1awozwy r-flex-13awgt0 r-flexDirection-18u37iz r-height-eu3ka r-overflow-bztko3"
                  dir={null}
                >
                  <div
                    className="css-view-g5y9jx r-flexDirection-18u37iz r-flexGrow-16y2uox"
                    dir={null}
                  >
                    <div
                      className="css-text-146c3p1"
                      dir="auto"
                      style={
                        {
                          "color": "rgba(255,255,255,1.00)",
                          "fontFamily": "Roboto-Medium",
                          "fontSize": "16px",
                          "letterSpacing": "0.16px",
                          "lineHeight": "24px",
                        }
                      }
                    >
                      Weekly
                    </div>
                  </div>
                  <div
                    className="css-view-g5y9jx r-justifyContent-17s6mgv"
                    dir={null}
                  >
                    <div
                      className="css-view-g5y9jx r-alignItems-1awozwy r-flexDirection-18u37iz r-justifyContent-1777fci"
                      dir={null}
                    >
                      <div
                        className="css-view-g5y9jx r-alignItems-1awozwy r-backgroundColor-nqymb2 r-borderRadius-z2wwpe r-flexDirection-18u37iz r-justifyContent-1777fci r-minHeight-sgkdzr r-minWidth-285fr0 r-paddingBlock-1559e4e r-paddingInline-n7gxbd r-borderColor-t1myqv r-borderWidth-rs99b7"
                        dir={null}
                      >
                        <div
                          className="css-text-146c3p1 r-fontFamily-1k9400p r-fontSize-1enofrn r-letterSpacing-3da313 r-lineHeight-56xrmm r-color-hiecfz"
                          dir="auto"
                        >
                          3
                        </div>
                      </div>
                    </div>
                  </div>
                </div>
              </div>
            </button>
          </div>
          <div
            className="css-view-g5y9jx"
            dir={null}
          >
            <button
              className="css-view-g5y9jx"
              dir={null}
              role="button"
              style={
                {
                  "overflowX": "hidden",
                  "overflowY": "hidden",
                }
              }
              type="button"
            >
              <div
                className="css-view-g5y9jx r-alignItems-1awozwy r-flex-13awgt0 r-flexDirection-18u37iz r-height-eu3ka r-overflow-bztko3"
                dir={null}
                style={
                  {
                    "opacity": 1,
                  }
                }
              >
                <div
                  className="css-view-g5y9jx r-alignItems-1awozwy r-flex-13awgt0 r-flexDirection-18u37iz r-height-eu3ka r-overflow-bztko3"
                  dir={null}
                >
                  <div
                    className="css-view-g5y9jx r-flexDirection-18u37iz r-flexGrow-16y2uox"
                    dir={null}
                  >
                    <div
                      className="css-text-146c3p1"
                      dir="auto"
                      style={
                        {
                          "color": "rgba(255,255,255,1.00)",
                          "fontFamily": "Roboto-Medium",
                          "fontSize": "16px",
                          "letterSpacing": "0.16px",
                          "lineHeight": "24px",
                        }
                      }
                    >
                      Every 2 weeks
                    </div>
                  </div>
                  <div
                    className="css-view-g5y9jx r-justifyContent-17s6mgv"
                    dir={null}
                  >
                    <div
                      className="css-view-g5y9jx r-alignItems-1awozwy r-flexDirection-18u37iz r-justifyContent-1777fci"
                      dir={null}
                    >
                      <div
                        className="css-view-g5y9jx r-alignItems-1awozwy r-backgroundColor-nqymb2 r-borderRadius-z2wwpe r-flexDirection-18u37iz r-justifyContent-1777fci r-minHeight-sgkdzr r-minWidth-285fr0 r-paddingBlock-1559e4e r-paddingInline-n7gxbd r-borderColor-t1myqv r-borderWidth-rs99b7"
                        dir={null}
                      >
                        <div
                          className="css-text-146c3p1 r-fontFamily-1k9400p r-fontSize-1enofrn r-letterSpacing-3da313 r-lineHeight-56xrmm r-color-hiecfz"
                          dir="auto"
                        >
                          4
                        </div>
                      </div>
                    </div>
                  </div>
                </div>
              </div>
            </button>
          </div>
          <div
            className="css-view-g5y9jx"
            dir={null}
          >
            <button
              className="css-view-g5y9jx"
              dir={null}
              role="button"
              style={
                {
                  "overflowX": "hidden",
                  "overflowY": "hidden",
                }
              }
              type="button"
            >
              <div
                className="css-view-g5y9jx r-alignItems-1awozwy r-flex-13awgt0 r-flexDirection-18u37iz r-height-eu3ka r-overflow-bztko3"
                dir={null}
                style={
                  {
                    "opacity": 1,
                  }
                }
              >
                <div
                  className="css-view-g5y9jx r-alignItems-1awozwy r-flex-13awgt0 r-flexDirection-18u37iz r-height-eu3ka r-overflow-bztko3"
                  dir={null}
                >
                  <div
                    className="css-view-g5y9jx r-flexDirection-18u37iz r-flexGrow-16y2uox"
                    dir={null}
                  >
                    <div
                      className="css-text-146c3p1"
                      dir="auto"
                      style={
                        {
                          "color": "rgba(255,255,255,1.00)",
                          "fontFamily": "Roboto-Medium",
                          "fontSize": "16px",
                          "letterSpacing": "0.16px",
                          "lineHeight": "24px",
                        }
                      }
                    >
                      Every 3 weeks
                    </div>
                  </div>
                  <div
                    className="css-view-g5y9jx r-justifyContent-17s6mgv"
                    dir={null}
                  >
                    <div
                      className="css-view-g5y9jx r-alignItems-1awozwy r-flexDirection-18u37iz r-justifyContent-1777fci"
                      dir={null}
                    >
                      <div
                        className="css-view-g5y9jx r-alignItems-1awozwy r-backgroundColor-nqymb2 r-borderRadius-z2wwpe r-flexDirection-18u37iz r-justifyContent-1777fci r-minHeight-sgkdzr r-minWidth-285fr0 r-paddingBlock-1559e4e r-paddingInline-n7gxbd r-borderColor-t1myqv r-borderWidth-rs99b7"
                        dir={null}
                      >
                        <div
                          className="css-text-146c3p1 r-fontFamily-1k9400p r-fontSize-1enofrn r-letterSpacing-3da313 r-lineHeight-56xrmm r-color-hiecfz"
                          dir="auto"
                        >
                          5
                        </div>
                      </div>
                    </div>
                  </div>
                </div>
              </div>
            </button>
          </div>
          <div
            className="css-view-g5y9jx"
            dir={null}
          >
            <button
              className="css-view-g5y9jx"
              dir={null}
              role="button"
              style={
                {
                  "overflowX": "hidden",
                  "overflowY": "hidden",
                }
              }
              type="button"
            >
              <div
                className="css-view-g5y9jx r-alignItems-1awozwy r-flex-13awgt0 r-flexDirection-18u37iz r-height-eu3ka r-overflow-bztko3"
                dir={null}
                style={
                  {
                    "opacity": 1,
                  }
                }
              >
                <div
                  className="css-view-g5y9jx r-alignItems-1awozwy r-flex-13awgt0 r-flexDirection-18u37iz r-height-eu3ka r-overflow-bztko3"
                  dir={null}
                >
                  <div
                    className="css-view-g5y9jx r-flexDirection-18u37iz r-flexGrow-16y2uox"
                    dir={null}
                  >
                    <div
                      className="css-text-146c3p1"
                      dir="auto"
                      style={
                        {
                          "color": "rgba(255,255,255,1.00)",
                          "fontFamily": "Roboto-Medium",
                          "fontSize": "16px",
                          "letterSpacing": "0.16px",
                          "lineHeight": "24px",
                        }
                      }
                    >
                      Monthly
                    </div>
                  </div>
                  <div
                    className="css-view-g5y9jx r-justifyContent-17s6mgv"
                    dir={null}
                  >
                    <div
                      className="css-view-g5y9jx r-alignItems-1awozwy r-flexDirection-18u37iz r-justifyContent-1777fci"
                      dir={null}
                    >
                      <div
                        className="css-view-g5y9jx r-alignItems-1awozwy r-backgroundColor-nqymb2 r-borderRadius-z2wwpe r-flexDirection-18u37iz r-justifyContent-1777fci r-minHeight-sgkdzr r-minWidth-285fr0 r-paddingBlock-1559e4e r-paddingInline-n7gxbd r-borderColor-t1myqv r-borderWidth-rs99b7"
                        dir={null}
                      >
                        <div
                          className="css-text-146c3p1 r-fontFamily-1k9400p r-fontSize-1enofrn r-letterSpacing-3da313 r-lineHeight-56xrmm r-color-hiecfz"
                          dir="auto"
                        >
                          6
                        </div>
                      </div>
                    </div>
                  </div>
                </div>
              </div>
            </button>
          </div>
          <div
            className="css-view-g5y9jx"
            dir={null}
          >
            <button
              className="css-view-g5y9jx"
              dir={null}
              role="button"
              style={
                {
                  "overflowX": "hidden",
                  "overflowY": "hidden",
                }
              }
              type="button"
            >
              <div
                className="css-view-g5y9jx r-alignItems-1awozwy r-flex-13awgt0 r-flexDirection-18u37iz r-height-eu3ka r-overflow-bztko3"
                dir={null}
                style={
                  {
                    "opacity": 1,
                  }
                }
              >
                <div
                  className="css-view-g5y9jx r-alignItems-1awozwy r-flex-13awgt0 r-flexDirection-18u37iz r-height-eu3ka r-overflow-bztko3"
                  dir={null}
                >
                  <div
                    className="css-view-g5y9jx r-flexDirection-18u37iz r-flexGrow-16y2uox"
                    dir={null}
                  >
                    <div
                      className="css-text-146c3p1"
                      dir="auto"
                      style={
                        {
                          "color": "rgba(255,255,255,1.00)",
                          "fontFamily": "Roboto-Medium",
                          "fontSize": "16px",
                          "letterSpacing": "0.16px",
                          "lineHeight": "24px",
                        }
                      }
                    >
                      Every 3 months
                    </div>
                  </div>
                  <div
                    className="css-view-g5y9jx r-justifyContent-17s6mgv"
                    dir={null}
                  >
                    <div
                      className="css-view-g5y9jx r-alignItems-1awozwy r-flexDirection-18u37iz r-justifyContent-1777fci"
                      dir={null}
                    >
                      <div
                        className="css-view-g5y9jx r-alignItems-1awozwy r-backgroundColor-nqymb2 r-borderRadius-z2wwpe r-flexDirection-18u37iz r-justifyContent-1777fci r-minHeight-sgkdzr r-minWidth-285fr0 r-paddingBlock-1559e4e r-paddingInline-n7gxbd r-borderColor-t1myqv r-borderWidth-rs99b7"
                        dir={null}
                      >
                        <div
                          className="css-text-146c3p1 r-fontFamily-1k9400p r-fontSize-1enofrn r-letterSpacing-3da313 r-lineHeight-56xrmm r-color-hiecfz"
                          dir="auto"
                        >
                          7
                        </div>
                      </div>
                    </div>
                  </div>
                </div>
              </div>
            </button>
          </div>
          <div
            className="css-view-g5y9jx"
            dir={null}
          >
            <button
              className="css-view-g5y9jx"
              dir={null}
              role="button"
              style={
                {
                  "overflowX": "hidden",
                  "overflowY": "hidden",
                }
              }
              type="button"
            >
              <div
                className="css-view-g5y9jx r-alignItems-1awozwy r-flex-13awgt0 r-flexDirection-18u37iz r-height-eu3ka r-overflow-bztko3"
                dir={null}
                style={
                  {
                    "opacity": 1,
                  }
                }
              >
                <div
                  className="css-view-g5y9jx r-alignItems-1awozwy r-flex-13awgt0 r-flexDirection-18u37iz r-height-eu3ka r-overflow-bztko3"
                  dir={null}
                >
                  <div
                    className="css-view-g5y9jx r-flexDirection-18u37iz r-flexGrow-16y2uox"
                    dir={null}
                  >
                    <div
                      className="css-text-146c3p1"
                      dir="auto"
                      style={
                        {
                          "color": "rgba(255,255,255,1.00)",
                          "fontFamily": "Roboto-Medium",
                          "fontSize": "16px",
                          "letterSpacing": "0.16px",
                          "lineHeight": "24px",
                        }
                      }
                    >
                      Annually
                    </div>
                  </div>
                  <div
                    className="css-view-g5y9jx r-justifyContent-17s6mgv"
                    dir={null}
                  >
                    <div
                      className="css-view-g5y9jx r-alignItems-1awozwy r-flexDirection-18u37iz r-justifyContent-1777fci"
                      dir={null}
                    >
                      <div
                        className="css-view-g5y9jx r-alignItems-1awozwy r-backgroundColor-nqymb2 r-borderRadius-z2wwpe r-flexDirection-18u37iz r-justifyContent-1777fci r-minHeight-sgkdzr r-minWidth-285fr0 r-paddingBlock-1559e4e r-paddingInline-n7gxbd r-borderColor-t1myqv r-borderWidth-rs99b7"
                        dir={null}
                      >
                        <div
                          className="css-text-146c3p1 r-fontFamily-1k9400p r-fontSize-1enofrn r-letterSpacing-3da313 r-lineHeight-56xrmm r-color-hiecfz"
                          dir="auto"
                        >
                          8
                        </div>
                      </div>
                    </div>
                  </div>
                </div>
              </div>
            </button>
          </div>
          <div
            className="css-view-g5y9jx"
            dir={null}
          >
            <button
              className="css-view-g5y9jx"
              dir={null}
              role="button"
              style={
                {
                  "overflowX": "hidden",
                  "overflowY": "hidden",
                }
              }
              type="button"
            >
              <div
                className="css-view-g5y9jx r-alignItems-1awozwy r-flex-13awgt0 r-flexDirection-18u37iz r-height-eu3ka r-overflow-bztko3"
                dir={null}
                style={
                  {
                    "opacity": 1,
                  }
                }
              >
                <div
                  className="css-view-g5y9jx r-alignItems-1awozwy r-flex-13awgt0 r-flexDirection-18u37iz r-height-eu3ka r-overflow-bztko3"
                  dir={null}
                >
                  <div
                    className="css-view-g5y9jx r-flexDirection-18u37iz r-flexGrow-16y2uox"
                    dir={null}
                  >
                    <div
                      className="css-text-146c3p1"
                      dir="auto"
                      style={
                        {
                          "color": "rgba(255,255,255,1.00)",
                          "fontFamily": "Roboto-Medium",
                          "fontSize": "16px",
                          "letterSpacing": "0.16px",
                          "lineHeight": "24px",
                        }
                      }
                    >
                      Custom
                    </div>
                  </div>
                  <div
                    className="css-view-g5y9jx r-justifyContent-17s6mgv"
                    dir={null}
                  >
                    <div
                      className="css-view-g5y9jx r-alignItems-1awozwy r-flexDirection-18u37iz r-justifyContent-1777fci"
                      dir={null}
                    >
                      <div
                        className="css-view-g5y9jx r-alignItems-1awozwy r-backgroundColor-nqymb2 r-borderRadius-z2wwpe r-flexDirection-18u37iz r-justifyContent-1777fci r-minHeight-sgkdzr r-minWidth-285fr0 r-paddingBlock-1559e4e r-paddingInline-n7gxbd r-borderColor-t1myqv r-borderWidth-rs99b7"
                        dir={null}
                      >
                        <div
                          className="css-text-146c3p1 r-fontFamily-1k9400p r-fontSize-1enofrn r-letterSpacing-3da313 r-lineHeight-56xrmm r-color-hiecfz"
                          dir="auto"
                        >
                          9
                        </div>
                      </div>
                    </div>
                  </div>
                </div>
              </div>
            </button>
          </div>
        </div>
        <div
          className="css-view-g5y9jx r-position-u8s1d r-right-3mc0re r-top-1ld3bg"
          dir={null}
        >
          <button
            className="css-view-g5y9jx"
            dir={null}
            role="button"
            style={
              {
                "overflowX": "hidden",
                "overflowY": "hidden",
              }
            }
            type="button"
          >
            <div
              className="css-view-g5y9jx r-alignItems-1awozwy r-justifyContent-1777fci"
              dir={null}
              style={
                {
                  "opacity": 1,
                }
              }
            >
              <div
                className="css-view-g5y9jx"
                dir={null}
              >
                <div
                  className="css-text-146c3p1"
                  dir="auto"
                  style={
                    {
                      "color": "rgba(138,148,166,1.00)",
                      "fontFamily": "alldone",
                      "fontSize": "24px",
                      "opacity": 1,
                    }
                  }
                >
                  
                </div>
              </div>
            </div>
          </button>
        </div>
      </div>
    </div>
  </div>
</div>
`;
