// Jest Snapshot v1, https://jestjs.io/docs/snapshot-testing

exports[`Version component Version snapshot test should render correctly 1`] = `
<div
  className="css-view-g5y9jx r-alignItems-1awozwy r-flexDirection-18u37iz r-height-h3s6tt r-paddingInline-cxgwc0 r-width-13qz1uu"
  dir={null}
>
  <div
    className="css-text-146c3p1 r-maxWidth-dnmrzs r-overflow-1udh08x r-textOverflow-1udbk01 r-whiteSpace-3s2u2q r-wordWrap-1iln25a r-flex-13awgt0 r-flexWrap-tzz3ar r-fontFamily-k9x4vz r-fontSize-1b43r93 r-letterSpacing-1wudzfh r-lineHeight-hbpseb"
    dir="auto"
    style={
      {
        "color": "rgba(138,148,166,1.00)",
        "opacity": 0.4,
      }
    }
  >
    Alldone.app v
    5
    .
    3
  </div>
  <div
    className="css-view-g5y9jx"
    dir={null}
    style={
      {
        "flex": 1,
      }
    }
  >
    <div
      className="css-view-g5y9jx r-transitionProperty-1i6wzkk r-userSelect-lrvibr r-cursor-1loqt21 r-touchAction-1otgn73 r-alignSelf-173mn98 r-borderRadius-1q9bdsx r-height-1472mwg r-justifyContent-1777fci r-minWidth-1q8sk3r r-paddingLeft-m2pi6t r-paddingRight-1qfoi16"
      data-testid="refreshButton"
      dir={null}
      onClick={[Function]}
      onContextMenu={[Function]}
      onKeyDown={[Function]}
      style={
        {
          "backgroundColor": "rgba(12,102,255,1.00)",
          "transitionDuration": "0s",
        }
      }
      tabIndex="0"
    >
      <div
        className="css-view-g5y9jx"
        dir={null}
        style={
          {
            "alignItems": "center",
            "flexDirection": "row",
          }
        }
      >
        <div
          className="css-view-g5y9jx"
          dir={null}
        >
          <div
            className="css-text-146c3p1"
            dir="auto"
            style={
              {
                "color": "rgba(255,255,255,1.00)",
                "fontFamily": "alldone",
                "fontSize": "16px",
                "opacity": 1,
              }
            }
          >
            
          </div>
        </div>
        <div
          className="css-text-146c3p1 r-maxWidth-dnmrzs r-overflow-1udh08x r-textOverflow-1udbk01 r-whiteSpace-3s2u2q r-wordWrap-1iln25a r-flexWrap-tzz3ar r-fontFamily-x4jph8 r-fontSize-1b43r93 r-fontWeight-majxgm r-letterSpacing-uz4sb0 r-lineHeight-hbpseb r-marginLeft-1rngwi6"
          dir="auto"
          style={
            {
              "color": "rgba(255,255,255,1.00)",
            }
          }
        >
          v
          5
          .
          3
        </div>
      </div>
    </div>
  </div>
</div>
`;
