// Jest Snapshot v1, https://goo.gl/fbAQLP

exports[`Version component Version snapshot test should render correctly 1`] = `
<View
  style={
    Object {
      "alignItems": "center",
      "flexDirection": "row",
      "height": 48,
      "paddingHorizontal": 24,
      "width": "100%",
    }
  }
>
  <Text
    numberOfLines={1}
    style={
      Array [
        Object {
          "color": "#04142F",
          "flex": 1,
          "flexWrap": "nowrap",
          "fontFamily": "Roboto-Regular",
          "fontSize": 14,
          "letterSpacing": 0.32,
          "lineHeight": 22,
          "opacity": 0.4,
        },
        Object {
          "color": "#8A94A6",
          "opacity": 0.4,
        },
      ]
    }
  >
    Alldone.app v
    5
    .
    3
  </Text>
  <View
    style={
      Object {
        "flex": 1,
      }
    }
  >
    <View
      accessible={true}
      focusable={true}
      isTVSelectable={true}
      onClick={[Function]}
      onResponderGrant={[Function]}
      onResponderMove={[Function]}
      onResponderRelease={[Function]}
      onResponderTerminate={[Function]}
      onResponderTerminationRequest={[Function]}
      onStartShouldSetResponder={[Function]}
      style={
        Object {
          "alignSelf": "flex-end",
          "backgroundColor": "#0C66FF",
          "borderRadius": 12,
          "height": 24,
          "justifyContent": "center",
          "minWidth": 64,
          "opacity": 1,
          "paddingLeft": 4,
          "paddingRight": 10,
        }
      }
      testID="refreshButton"
    >
      <View
        style={
          Object {
            "alignItems": "center",
            "flexDirection": "row",
          }
        }
      >
        <View>
          <Text
            style={
              Object {
                "color": "#FFFFFF",
                "fontFamily": "alldone",
                "fontSize": 16,
                "opacity": 1,
              }
            }
          >
            
          </Text>
        </View>
        <Text
          numberOfLines={1}
          style={
            Array [
              Object {
                "color": "#04142F",
                "flexWrap": "nowrap",
                "fontFamily": "Roboto-regular",
                "fontSize": 14,
                "fontWeight": "500",
                "letterSpacing": 0.16,
                "lineHeight": 22,
                "marginLeft": 6,
              },
              Object {
                "color": "#FFFFFF",
              },
            ]
          }
        >
          v
          5
          .
          3
        </Text>
      </View>
    </View>
  </View>
</View>
`;
